MPLINK 4.48, Linker
Linker Map File - Created Wed Mar 04 12:42:33 2015

                                 Section Info
                  Section       Type    Address   Location Size(Bytes)
                ---------  ---------  ---------  ---------  ---------
               _entry_scn       code   0x000000    program   0x000006
              high_vector       code   0x000008    program   0x000018
                   .cinit    romdata   0x00002a    program   0x000092
              .code_app.o       code   0x0000bc    program   0x0026e6
               .code_UI.o       code   0x0027a2    program   0x00108a
    .code_communication.o       code   0x00382c    program   0x000460
              .code_lcd.o       code   0x003c8c    program   0x000454
      .code_uart_driver.o       code   0x0040e0    program   0x00034e
    .code_keypad_driver.o       code   0x00442e    program   0x000210
                   STRING       code   0x00463e    program   0x000104
                      ISR       code   0x004742    program   0x0000f2
             .code_main.o       code   0x004834    program   0x0000dc
             .stringtable    romdata   0x004910    program   0x0000a9
           .idata_app.o_i    romdata   0x0049b9    program   0x000000
   .idata_uart_driver.o_i    romdata   0x0049b9    program   0x000000
   .romdata_uart_driver.o    romdata   0x0049b9    program   0x000000
 .romdata_keypad_driver.o    romdata   0x0049b9    program   0x000000
      .idata_busy_eep.o_i    romdata   0x0049b9    program   0x000000
      .idata_fxd0808u.o_i    romdata   0x0049b9    program   0x000000
      .romdata_fxd0808u.o    romdata   0x0049b9    program   0x000000
      .idata_fxd3232u.o_i    romdata   0x0049b9    program   0x000000
         .idata_uopen.o_i    romdata   0x0049b9    program   0x000000
         .romdata_uopen.o    romdata   0x0049b9    program   0x000000
        .idata_read_B.o_i    romdata   0x0049b9    program   0x000000
        .romdata_read_B.o    romdata   0x0049b9    program   0x000000
       .idata_t0write.o_i    romdata   0x0049b9    program   0x000000
       .romdata_t0write.o    romdata   0x0049b9    program   0x000000
       .idata_write_B.o_i    romdata   0x0049b9    program   0x000000
       .romdata_write_B.o    romdata   0x0049b9    program   0x000000
        .idata___init.o_i    romdata   0x0049b9    program   0x000000
         .idata_c018i.o_i    romdata   0x0049b9    program   0x000000
         .romdata_c018i.o    romdata   0x0049b9    program   0x000000
         .idata_board.o_i    romdata   0x0049b9    program   0x000000
         .romdata_board.o    romdata   0x0049b9    program   0x000000
.idata_interruptvector.o_i    romdata   0x0049b9    program   0x000000
     .romdata_heartBeat.o    romdata   0x0049b9    program   0x000000
            .code_c018i.o       code   0x0049ba    program   0x000000
  .code_interruptvector.o       code   0x0049ba    program   0x000000
            .code_timer.o       code   0x0049ba    program   0x0000a8
            .code_udefs.o       code   0x0049ba    program   0x000000
               _cinit_scn       code   0x004a62    program   0x00009e
            .code_uopen.o       code   0x004b00    program   0x00008a
          .code_write_B.o       code   0x004b8a    program   0x000066
            .code_board.o       code   0x004bf0    program   0x00004a
         .code_fxd3232u.o       code   0x004c3a    program   0x000048
            .romdata_UI.o    romdata   0x004c82    program   0x000044
           .code_read_B.o       code   0x004cc6    program   0x000044
            .code_uread.o       code   0x004d0a    program   0x00003e
                     PROG       code   0x004d48    program   0x00003c
          .code_t0write.o       code   0x004d84    program   0x000038
           .code_t0open.o       code   0x004dbc    program   0x000038
              D1KTCYXCODE       code   0x004df4    program   0x000020
                    .code       code   0x004e14    program   0x000020
             _startup_scn       code   0x004e34    program   0x00001c
         .code_fxd0808u.o       code   0x004e50    program   0x00001c
        .code_heartBeat.o       code   0x004e6c    program   0x00001a
           .romdata_lcd.o    romdata   0x004e86    program   0x000011
     .idata_heartBeat.o_i    romdata   0x004e97    program   0x000001
         .romdata_uread.o    romdata   0x004e97    program   0x000000
         .idata_uread.o_i    romdata   0x004e97    program   0x000000
         .idata_udefs.o_i    romdata   0x004e97    program   0x000000
         .romdata_udefs.o    romdata   0x004e97    program   0x000000
        .romdata_t0open.o    romdata   0x004e97    program   0x000000
        .idata_t0open.o_i    romdata   0x004e97    program   0x000000
      .romdata_fxd3232u.o    romdata   0x004e97    program   0x000000
.romdata_interruptvector.o    romdata   0x004e97    program   0x000000
 .romdata_communication.o    romdata   0x004e97    program   0x000000
         .romdata_timer.o    romdata   0x004e97    program   0x000000
      .romdata_busy_eep.o    romdata   0x004e97    program   0x000000
           .idata_lcd.o_i    romdata   0x004e97    program   0x000000
         .idata_timer.o_i    romdata   0x004e97    program   0x000000
          .romdata_main.o    romdata   0x004e97    program   0x000000
        .romdata___init.o    romdata   0x004e97    program   0x000000
         .code_busy_eep.o       code   0x004e98    program   0x000006
           .romdata_app.o    romdata   0x004e9e    program   0x000002
           .code___init.o       code   0x004ea0    program   0x000002
                ui_data_i    romdata   0x004ea2    program   0x00008a
               uartdata_i    romdata   0x004f2c    program   0x00006a
                logdata_i    romdata   0x004f96    program   0x0000ff
                iasdata_i    romdata   0x005095    program   0x000071
             TIMER_DATA_i    romdata   0x005106    program   0x00001e
               LCD_DATA_i    romdata   0x005124    program   0x000022
               COM_DATA_i    romdata   0x005146    program   0x000078
          .idata_main.o_i    romdata   0x0051be    program   0x000009
 .idata_keypad_driver.o_i    romdata   0x0051c7    program   0x000003
 .idata_communication.o_i    romdata   0x0051ca    program   0x000002
            .idata_UI.o_i    romdata   0x0051cc    program   0x00001e
    .config_300001_main.o    romdata   0x300001    program   0x000001
    .config_300002_main.o    romdata   0x300002    program   0x000001
    .config_300003_main.o    romdata   0x300003    program   0x000001
    .config_300005_main.o    romdata   0x300005    program   0x000001
    .config_300006_main.o    romdata   0x300006    program   0x000001
    .config_300008_main.o    romdata   0x300008    program   0x000001
    .config_300009_main.o    romdata   0x300009    program   0x000001
    .config_30000a_main.o    romdata   0x30000a    program   0x000001
    .config_30000b_main.o    romdata   0x30000b    program   0x000001
    .config_30000c_main.o    romdata   0x30000c    program   0x000001
    .config_30000d_main.o    romdata   0x30000d    program   0x000001
                MATH_DATA      udata   0x000000       data   0x000014
                 .tmpdata      udata   0x000014       data   0x000004
                DELAYDAT1      udata   0x000018       data   0x000001
                   .stack      udata   0x000080       data   0x000080
                  iasdata      idata   0x000100       data   0x000071
                  logdata      idata   0x000171       data   0x0000ff
                  ui_data      idata   0x000400       data   0x00008a
                 LCD_DATA      idata   0x00048a       data   0x000022
              KEYPAD_DATA      udata   0x0004ac       data   0x000011
              .idata_UI.o      idata   0x0004bd       data   0x00001e
           .udata_c018i.o      udata   0x0004db       data   0x00000a
            .idata_main.o      idata   0x0004e5       data   0x000009
   .idata_keypad_driver.o      idata   0x0004ee       data   0x000003
   .idata_communication.o      idata   0x0004f1       data   0x000002
           .udata_udefs.o      udata   0x0004f3       data   0x000001
   .udata_keypad_driver.o      udata   0x0004f4       data   0x000001
           .udata_board.o      udata   0x0004f5       data   0x000001
       .idata_heartBeat.o      idata   0x0004f6       data   0x000001
        .udata_fxd0808u.o      udata   0x0004f7       data   0x000000
        .idata_fxd0808u.o      idata   0x0004f7       data   0x000000
        .udata_fxd3232u.o      udata   0x0004f7       data   0x000000
        .idata_fxd3232u.o      idata   0x0004f7       data   0x000000
          .udata_t0open.o      udata   0x0004f7       data   0x000000
          .idata_t0open.o      idata   0x0004f7       data   0x000000
           .udata_uopen.o      udata   0x0004f7       data   0x000000
           .idata_uopen.o      idata   0x0004f7       data   0x000000
           .udata_uread.o      udata   0x0004f7       data   0x000000
           .idata_uread.o      idata   0x0004f7       data   0x000000
          .udata_read_B.o      udata   0x0004f7       data   0x000000
          .idata_read_B.o      idata   0x0004f7       data   0x000000
           .idata_board.o      idata   0x0004f7       data   0x000000
           .idata_udefs.o      idata   0x0004f7       data   0x000000
         .udata_t0write.o      udata   0x0004f7       data   0x000000
         .idata_t0write.o      idata   0x0004f7       data   0x000000
         .udata_write_B.o      udata   0x0004f7       data   0x000000
         .idata_write_B.o      idata   0x0004f7       data   0x000000
          .udata___init.o      udata   0x0004f7       data   0x000000
          .idata___init.o      idata   0x0004f7       data   0x000000
           .idata_timer.o      idata   0x0004f7       data   0x000000
              .udata_UI.o      udata   0x0004f7       data   0x000000
           .udata_timer.o      udata   0x0004f7       data   0x000000
            .udata_main.o      udata   0x0004f7       data   0x000000
             .udata_app.o      udata   0x0004f7       data   0x000000
             .idata_app.o      idata   0x0004f7       data   0x000000
             .idata_lcd.o      idata   0x0004f7       data   0x000000
             .udata_lcd.o      udata   0x0004f7       data   0x000000
   .udata_communication.o      udata   0x0004f7       data   0x000000
 .idata_interruptvector.o      idata   0x0004f7       data   0x000000
     .udata_uart_driver.o      udata   0x0004f7       data   0x000000
     .idata_uart_driver.o      idata   0x0004f7       data   0x000000
 .udata_interruptvector.o      udata   0x0004f7       data   0x000000
       .udata_heartBeat.o      udata   0x0004f7       data   0x000000
        .udata_busy_eep.o      udata   0x0004f7       data   0x000000
        .idata_busy_eep.o      idata   0x0004f7       data   0x000000
           .idata_c018i.o      idata   0x0004f7       data   0x000000
                 COM_DATA      idata   0x000500       data   0x000078
                 uartdata      idata   0x000578       data   0x00006a
               TIMER_DATA      idata   0x0005e2       data   0x00001e
            SFR_UNBANKED0      udata   0x000f80       data   0x000080



                              Program Memory Usage 
                               Start         End      
                           ---------   ---------      
                            0x000000    0x000005      
                            0x000008    0x00001f      
                            0x00002a    0x0049b8      
                            0x0049ba    0x0051e9      
                            0x300001    0x300003      
                            0x300005    0x300006      
                            0x300008    0x30000d      
            20968 out of 33048 program addresses used, program memory utilization is 63%



                              Symbols - Sorted by Name
                     Name    Address   Location    Storage File                     
                ---------  ---------  ---------  --------- ---------                
          APP_comCallBack   0x00267a    program     extern D:\IDEONICS\reposatory\Andon_Schinder_chennai_4520\source\app.c
                 APP_init   0x0000bc    program     extern D:\IDEONICS\reposatory\Andon_Schinder_chennai_4520\source\app.c
                 APP_task   0x00051e    program     extern D:\IDEONICS\reposatory\Andon_Schinder_chennai_4520\source\app.c
                 BRD_init   0x004bf0    program     extern D:\IDEONICS\reposatory\Andon_Schinder_chennai_4520\source\board.c
                 Busy_eep   0x004e98    program     extern E:\c18v3.46\pic18-lt\cxx-framework\src\pmc_common\EEP\busy_eep.c
                 COM_init   0x00382c    program     extern D:\IDEONICS\reposatory\Andon_Schinder_chennai_4520\source\communication.c
                COM_reset   0x0038a0    program     extern D:\IDEONICS\reposatory\Andon_Schinder_chennai_4520\source\communication.c
              COM_restart   0x003862    program     extern D:\IDEONICS\reposatory\Andon_Schinder_chennai_4520\source\communication.c
                 COM_task   0x0038c6    program     extern D:\IDEONICS\reposatory\Andon_Schinder_chennai_4520\source\communication.c
               COM_txData   0x003b4a    program     extern D:\IDEONICS\reposatory\Andon_Schinder_chennai_4520\source\communication.c
                COM_txStr   0x003bde    program     extern D:\IDEONICS\reposatory\Andon_Schinder_chennai_4520\source\communication.c
       ClearKeytpadBuffer   0x00454a    program     extern D:\IDEONICS\reposatory\Andon_Schinder_chennai_4520\source\keypad_driver.c
                    D1K_1   0x004e00    program     static E:\c18v3.46\pic18-lt\cxx-framework\src\traditional\delays\d1ktcyx.asm
                     D1Kx   0x004dfe    program     static E:\c18v3.46\pic18-lt\cxx-framework\src\traditional\delays\d1ktcyx.asm
              Delay1KTCYx   0x004df4    program     extern E:\c18v3.46\pic18-lt\cxx-framework\src\traditional\delays\d1ktcyx.asm
         EnableInterrupts   0x00001a    program     extern D:\IDEONICS\reposatory\Andon_Schinder_chennai_4520\source\interruptvector.c
                 FXD0808U   0x004e50    program     extern E:\c18v3.46\pic18-lt\cxx-framework\src\traditional\math\fxd0808u.c
                 FXD3232U   0x004c3a    program     extern E:\c18v3.46\pic18-lt\cxx-framework\src\traditional\math\fxd3232u.c
                 FXM1616U   0x004d48    program     extern E:\c18v3.46\pic18-lt\cxx-framework\src\traditional\math\fxm1616u.asm
               GetAppTime   0x004a02    program     extern D:\IDEONICS\reposatory\Andon_Schinder_chennai_4520\source\timer.c
  GetDataFromKeypadBuffer   0x0044bc    program     extern D:\IDEONICS\reposatory\Andon_Schinder_chennai_4520\source\keypad_driver.c
                  HB_init   0x004e6c    program     extern D:\IDEONICS\reposatory\Andon_Schinder_chennai_4520\source\heartBeat.c
                  HB_task   0x004e72    program     extern D:\IDEONICS\reposatory\Andon_Schinder_chennai_4520\source\heartBeat.c
    IAS_acknowledgeIssues   0x00200a    program     extern D:\IDEONICS\reposatory\Andon_Schinder_chennai_4520\source\app.c
        IAS_checkPassword   0x002494    program     extern D:\IDEONICS\reposatory\Andon_Schinder_chennai_4520\source\app.c
          IAS_clearIssues   0x0024d0    program     extern D:\IDEONICS\reposatory\Andon_Schinder_chennai_4520\source\app.c
 IAS_getAcknowledgedIssue   0x000f04    program     extern D:\IDEONICS\reposatory\Andon_Schinder_chennai_4520\source\app.c
         IAS_getOpenIssue   0x0006fe    program     extern D:\IDEONICS\reposatory\Andon_Schinder_chennai_4520\source\app.c
                IAS_login   0x0003f8    program     extern D:\IDEONICS\reposatory\Andon_Schinder_chennai_4520\source\app.c
               IAS_logout   0x000486    program     extern D:\IDEONICS\reposatory\Andon_Schinder_chennai_4520\source\app.c
          IAS_raiseIssues   0x001988    program     extern D:\IDEONICS\reposatory\Andon_Schinder_chennai_4520\source\app.c
        IAS_resolveIssues   0x0015e4    program     extern D:\IDEONICS\reposatory\Andon_Schinder_chennai_4520\source\app.c
      IAS_updateIssueInfo   0x001fdc    program     extern D:\IDEONICS\reposatory\Andon_Schinder_chennai_4520\source\app.c
                  InitLcd   0x003de8    program     extern D:\IDEONICS\reposatory\Andon_Schinder_chennai_4520\source\lcd.c
         InitializeKeypad   0x00442e    program     extern D:\IDEONICS\reposatory\Andon_Schinder_chennai_4520\source\keypad_driver.c
                LCD_clear   0x003f6c    program     extern D:\IDEONICS\reposatory\Andon_Schinder_chennai_4520\source\lcd.c
                 LCD_init   0x00400c    program     extern D:\IDEONICS\reposatory\Andon_Schinder_chennai_4520\source\lcd.c
              LCD_putChar   0x003f7a    program     extern D:\IDEONICS\reposatory\Andon_Schinder_chennai_4520\source\lcd.c
         LCD_setBackSpace   0x003f56    program     extern D:\IDEONICS\reposatory\Andon_Schinder_chennai_4520\source\lcd.c
         LCD_writeCommand   0x003d4c    program     extern D:\IDEONICS\reposatory\Andon_Schinder_chennai_4520\source\lcd.c
            LCD_writeData   0x003d9a    program     extern D:\IDEONICS\reposatory\Andon_Schinder_chennai_4520\source\lcd.c
             LoginPressed   0x00453a    program     extern D:\IDEONICS\reposatory\Andon_Schinder_chennai_4520\source\keypad_driver.c
               OpenTimer0   0x004dbc    program     extern E:\c18v3.46\pic18-lt\cxx-framework\src\pmc_common\Timers\t0open.c
                OpenUSART   0x004b00    program     extern E:\c18v3.46\pic18-lt\cxx-framework\src\pmc_common\USART\uopen.c
                ReadUSART   0x004d0a    program     extern E:\c18v3.46\pic18-lt\cxx-framework\src\pmc_common\USART\uread.c
               Read_b_eep   0x004cc6    program     extern E:\c18v3.46\pic18-lt\cxx-framework\src\pmc_common\EEP\read_B.c
             ResetAppTime   0x004a52    program     extern D:\IDEONICS\reposatory\Andon_Schinder_chennai_4520\source\timer.c
               TIMER0_ISR   0x004742    program     extern D:\IDEONICS\reposatory\Andon_Schinder_chennai_4520\source\timer.c
              TIMER0_init   0x0049ba    program     extern D:\IDEONICS\reposatory\Andon_Schinder_chennai_4520\source\timer.c
             UART_hasData   0x0043a4    program     extern D:\IDEONICS\reposatory\Andon_Schinder_chennai_4520\source\uart_driver.c
                UART_init   0x004222    program     extern D:\IDEONICS\reposatory\Andon_Schinder_chennai_4520\source\uart_driver.c
                UART_read   0x0043de    program     extern D:\IDEONICS\reposatory\Andon_Schinder_chennai_4520\source\uart_driver.c
            UART_transmit   0x004322    program     extern D:\IDEONICS\reposatory\Andon_Schinder_chennai_4520\source\uart_driver.c
               UART_write   0x0042ea    program     extern D:\IDEONICS\reposatory\Andon_Schinder_chennai_4520\source\uart_driver.c
                  UI_init   0x0027a2    program     extern D:\IDEONICS\reposatory\Andon_Schinder_chennai_4520\source\UI.c
              UI_setState   0x003538    program     extern D:\IDEONICS\reposatory\Andon_Schinder_chennai_4520\source\UI.c
                  UI_task   0x0027c6    program     extern D:\IDEONICS\reposatory\Andon_Schinder_chennai_4520\source\UI.c
       UartReceiveHandler   0x0040e0    program     extern D:\IDEONICS\reposatory\Andon_Schinder_chennai_4520\source\uart_driver.c
      UartTransmitHandler   0x0041aa    program     extern D:\IDEONICS\reposatory\Andon_Schinder_chennai_4520\source\uart_driver.c
         UpdateKeypadTask   0x004436    program     extern D:\IDEONICS\reposatory\Andon_Schinder_chennai_4520\source\keypad_driver.c
        ViewIssuesPressed   0x004542    program     extern D:\IDEONICS\reposatory\Andon_Schinder_chennai_4520\source\keypad_driver.c
              WriteTimer0   0x004d84    program     extern E:\c18v3.46\pic18-lt\cxx-framework\src\pmc_common\Timers\t0write.c
              Write_b_eep   0x004b8a    program     extern E:\c18v3.46\pic18-lt\cxx-framework\src\pmc_common\EEP\write_B.c
              _2jContinue   0x00465e    program     static E:\c18v3.46\pic18-lt\cxx-framework\src\traditional\stdclib\memset.asm
                   _3jEnd   0x004668    program     static E:\c18v3.46\pic18-lt\cxx-framework\src\traditional\stdclib\memset.asm
        _D1KTCYXCODE_0010   0x004e04    program     static E:\c18v3.46\pic18-lt\cxx-framework\src\traditional\delays\d1ktcyx.asm
        _D1KTCYXCODE_0016   0x004e0a    program     static E:\c18v3.46\pic18-lt\cxx-framework\src\traditional\delays\d1ktcyx.asm
       ___case_1_lbl00069   0x0016b2    program     static                          
       ___case_1_lbl00124   0x001cac    program     static                          
       ___case_3_lbl00075   0x0017cc    program     static                          
       ___case_3_lbl00138   0x001dba    program     static                          
      ___default_lbl00086   0x001942    program     static                          
      ___default_lbl00139   0x001f20    program     static                          
           ___do_lbl00003   0x0048ac    program     static                          
           ___do_lbl00004   0x0048ac    program     static                          
           ___do_lbl00007   0x00487a    program     static                          
         ___else_lbl00011   0x000290    program     static                          
         ___else_lbl00013   0x00027c    program     static                          
         ___else_lbl00080   0x0018ea    program     static                          
         ___else_lbl00082   0x001926    program     static                          
         ___else_lbl00084   0x001908    program     static                          
         ___else_lbl00103   0x001b80    program     static                          
         ___else_lbl00131   0x001eca    program     static                          
         ___else_lbl00133   0x001f02    program     static                          
         ___else_lbl00135   0x001ee6    program     static                          
         ___else_lbl00188   0x002654    program     static                          
          ___for_lbl00001   0x00025e    program     static                          
          ___for_lbl00001   0x0048ac    program     static                          
          ___for_lbl00002   0x000268    program     static                          
          ___for_lbl00002   0x0048b0    program     static                          
          ___for_lbl00003   0x0001b4    program     static                          
          ___for_lbl00004   0x0001ba    program     static                          
          ___for_lbl00005   0x000140    program     static                          
          ___for_lbl00008   0x004868    program     static                          
          ___for_lbl00009   0x0000f8    program     static                          
          ___for_lbl00032   0x0006d2    program     static                          
          ___for_lbl00033   0x0006d6    program     static                          
          ___for_lbl00035   0x000586    program     static                          
          ___for_lbl00035   0x003baa    program     static                          
          ___for_lbl00036   0x003bb0    program     static                          
          ___for_lbl00037   0x003b80    program     static                          
          ___for_lbl00070   0x0017a2    program     static                          
          ___for_lbl00071   0x0017a8    program     static                          
          ___for_lbl00072   0x00174e    program     static                          
          ___for_lbl00076   0x0018bc    program     static                          
          ___for_lbl00077   0x0018c2    program     static                          
          ___for_lbl00078   0x001868    program     static                          
          ___for_lbl00087   0x001970    program     static                          
          ___for_lbl00088   0x001974    program     static                          
          ___for_lbl00090   0x001946    program     static                          
          ___for_lbl00092   0x0019fe    program     static                          
          ___for_lbl00093   0x001a02    program     static                          
          ___for_lbl00096   0x001996    program     static                          
          ___for_lbl00097   0x001bac    program     static                          
          ___for_lbl00098   0x001bb0    program     static                          
          ___for_lbl00099   0x001b58    program     static                          
          ___for_lbl00100   0x001b5e    program     static                          
          ___for_lbl00101   0x001b06    program     static                          
          ___for_lbl00105   0x001a04    program     static                          
          ___for_lbl00109   0x001c98    program     static                          
          ___for_lbl00110   0x001c9c    program     static                          
          ___for_lbl00114   0x001c10    program     static                          
          ___for_lbl00116   0x001db4    program     static                          
          ___for_lbl00117   0x001db8    program     static                          
          ___for_lbl00118   0x001d8e    program     static                          
          ___for_lbl00119   0x001d94    program     static                          
          ___for_lbl00120   0x001d3a    program     static                          
          ___for_lbl00123   0x001cae    program     static                          
          ___for_lbl00125   0x001f1a    program     static                          
          ___for_lbl00126   0x001f1e    program     static                          
          ___for_lbl00127   0x001e9e    program     static                          
          ___for_lbl00128   0x001ea4    program     static                          
          ___for_lbl00129   0x001e4a    program     static                          
          ___for_lbl00137   0x001dbc    program     static                          
          ___for_lbl00147   0x0020b6    program     static                          
          ___for_lbl00148   0x0020ba    program     static                          
          ___for_lbl00150   0x002036    program     static                          
          ___for_lbl00167   0x0023d4    program     static                          
          ___for_lbl00168   0x0023d8    program     static                          
          ___for_lbl00171   0x00231c    program     static                          
          ___for_lbl00181   0x0025f4    program     static                          
          ___for_lbl00182   0x0025fe    program     static                          
          ___for_lbl00183   0x00250c    program     static                          
          ___for_lbl00184   0x00262e    program     static                          
          ___for_lbl00185   0x002638    program     static                          
          ___for_lbl00186   0x002602    program     static                          
           ___if_lbl00001   0x000010    program     static                          
           ___if_lbl00002   0x000018    program     static                          
           ___if_lbl00003   0x003cfc    program     static                          
           ___if_lbl00006   0x0001ee    program     static                          
           ___if_lbl00007   0x000224    program     static                          
           ___if_lbl00008   0x00025e    program     static                          
           ___if_lbl00010   0x00029a    program     static                          
           ___if_lbl00011   0x0048d6    program     static                          
           ___if_lbl00012   0x00029a    program     static                          
           ___if_lbl00012   0x0048ec    program     static                          
           ___if_lbl00014   0x0002aa    program     static                          
           ___if_lbl00034   0x0006d2    program     static                          
           ___if_lbl00036   0x0006ea    program     static                          
           ___if_lbl00037   0x0006ea    program     static                          
           ___if_lbl00038   0x0006ea    program     static                          
           ___if_lbl00065   0x001678    program     static                          
           ___if_lbl00066   0x001678    program     static                          
           ___if_lbl00067   0x001678    program     static                          
           ___if_lbl00073   0x0017c8    program     static                          
           ___if_lbl00074   0x0017ca    program     static                          
           ___if_lbl00079   0x001906    program     static                          
           ___if_lbl00081   0x00193e    program     static                          
           ___if_lbl00083   0x00193e    program     static                          
           ___if_lbl00085   0x001940    program     static                          
           ___if_lbl00089   0x001970    program     static                          
           ___if_lbl00094   0x0019fe    program     static                          
           ___if_lbl00095   0x0019fe    program     static                          
           ___if_lbl00102   0x001b98    program     static                          
           ___if_lbl00104   0x001bac    program     static                          
           ___if_lbl00106   0x001bbc    program     static                          
           ___if_lbl00108   0x001c0e    program     static                          
           ___if_lbl00111   0x001c98    program     static                          
           ___if_lbl00112   0x001c98    program     static                          
           ___if_lbl00113   0x001c98    program     static                          
           ___if_lbl00121   0x001db2    program     static                          
           ___if_lbl00122   0x001db4    program     static                          
           ___if_lbl00130   0x001ee4    program     static                          
           ___if_lbl00132   0x001f18    program     static                          
           ___if_lbl00134   0x001f18    program     static                          
           ___if_lbl00136   0x001f1a    program     static                          
           ___if_lbl00149   0x00207a    program     static                          
           ___if_lbl00169   0x0023d4    program     static                          
           ___if_lbl00170   0x0023d4    program     static                          
           ___if_lbl00187   0x002666    program     static                          
       ___return_lbl00000   0x003d04    program     static                          
       ___return_lbl00000   0x004e6a    program     static                          
       ___return_lbl00000   0x004c80    program     static                          
       ___return_lbl00000   0x000018    program     static                          
       ___return_lbl00000   0x004cfe    program     static                          
       ___return_lbl00000   0x000004    program     static                          
       ___return_lbl00000   0x0048fc    program     static                          
       ___return_lbl00000   0x00031a    program     static                          
       ___return_lbl00001   0x004e4e    program     static                          
       ___return_lbl00002   0x004afe    program     static                          
       ___return_lbl00004   0x003d44    program     static                          
       ___return_lbl00005   0x003d92    program     static                          
       ___return_lbl00006   0x003de0    program     static                          
       ___return_lbl00031   0x0006ea    program     static                          
       ___return_lbl00034   0x003bca    program     static                          
       ___return_lbl00064   0x001974    program     static                          
       ___return_lbl00091   0x001bbc    program     static                          
       ___return_lbl00107   0x001f22    program     static                          
       ___return_lbl00146   0x0020bc    program     static                          
       ___return_lbl00166   0x0023de    program     static                          
       ___return_lbl00180   0x002666    program     static                          
   ___switchexit_lbl00068   0x001944    program     static                          
   ___switchexit_lbl00115   0x001f22    program     static                          
        ___while_lbl00001   0x003cb0    program     static                          
        ___while_lbl00002   0x003cfe    program     static                          
        ___while_lbl00005   0x004888    program     static                          
        ___while_lbl00006   0x0048ac    program     static                          
        ___while_lbl00009   0x0048c0    program     static                          
        ___while_lbl00010   0x0048fc    program     static                          
               __config_0   0x300001    program     static D:\IDEONICS\reposatory\Andon_Schinder_chennai_4520\source\main.c
               __config_1   0x300002    program     static D:\IDEONICS\reposatory\Andon_Schinder_chennai_4520\source\main.c
              __config_10   0x30000d    program     static D:\IDEONICS\reposatory\Andon_Schinder_chennai_4520\source\main.c
               __config_2   0x300003    program     static D:\IDEONICS\reposatory\Andon_Schinder_chennai_4520\source\main.c
               __config_3   0x300005    program     static D:\IDEONICS\reposatory\Andon_Schinder_chennai_4520\source\main.c
               __config_4   0x300006    program     static D:\IDEONICS\reposatory\Andon_Schinder_chennai_4520\source\main.c
               __config_5   0x300008    program     static D:\IDEONICS\reposatory\Andon_Schinder_chennai_4520\source\main.c
               __config_6   0x300009    program     static D:\IDEONICS\reposatory\Andon_Schinder_chennai_4520\source\main.c
               __config_7   0x30000a    program     static D:\IDEONICS\reposatory\Andon_Schinder_chennai_4520\source\main.c
               __config_8   0x30000b    program     static D:\IDEONICS\reposatory\Andon_Schinder_chennai_4520\source\main.c
               __config_9   0x30000c    program     static D:\IDEONICS\reposatory\Andon_Schinder_chennai_4520\source\main.c
                   __init   0x004ea0    program     extern E:\c18v3.46\pic18-lt\cxx-framework\src\traditional\stdclib\__init.c
               __string_0   0x004998    program     static D:\IDEONICS\reposatory\Andon_Schinder_chennai_4520\source\UI.c
               __string_1   0x004994    program     static D:\IDEONICS\reposatory\Andon_Schinder_chennai_4520\source\UI.c
              __string_10   0x00493e    program     static D:\IDEONICS\reposatory\Andon_Schinder_chennai_4520\source\UI.c
              __string_11   0x004931    program     static D:\IDEONICS\reposatory\Andon_Schinder_chennai_4520\source\UI.c
              __string_12   0x004927    program     static D:\IDEONICS\reposatory\Andon_Schinder_chennai_4520\source\UI.c
              __string_13   0x004917    program     static D:\IDEONICS\reposatory\Andon_Schinder_chennai_4520\source\UI.c
              __string_14   0x004910    program     static D:\IDEONICS\reposatory\Andon_Schinder_chennai_4520\source\UI.c
               __string_2   0x00498b    program     static D:\IDEONICS\reposatory\Andon_Schinder_chennai_4520\source\UI.c
               __string_3   0x004981    program     static D:\IDEONICS\reposatory\Andon_Schinder_chennai_4520\source\UI.c
               __string_4   0x00497a    program     static D:\IDEONICS\reposatory\Andon_Schinder_chennai_4520\source\UI.c
               __string_5   0x004970    program     static D:\IDEONICS\reposatory\Andon_Schinder_chennai_4520\source\UI.c
               __string_6   0x004968    program     static D:\IDEONICS\reposatory\Andon_Schinder_chennai_4520\source\UI.c
               __string_7   0x00495a    program     static D:\IDEONICS\reposatory\Andon_Schinder_chennai_4520\source\UI.c
               __string_8   0x004951    program     static D:\IDEONICS\reposatory\Andon_Schinder_chennai_4520\source\UI.c
               __string_9   0x004945    program     static D:\IDEONICS\reposatory\Andon_Schinder_chennai_4520\source\UI.c
               __tmplbl_0   0x000570    program     static                          
              __tmplbl_39   0x003164    program     static                          
              __tmplbl_40   0x003164    program     static                          
              __tmplbl_41   0x003130    program     static                          
              __tmplbl_51   0x003164    program     static                          
              __tmplbl_52   0x003164    program     static                          
            __zero_memory   0x004e14    program     extern E:\c18v3.46\pic18-lt\cxx-framework\src\traditional\proc\p18f4520.asm
                _do_cinit   0x004a62    program     extern E:\c18v3.46\pic18-lt\cxx-framework\src\traditional\startup\c018i.c
                   _entry   0x000000    program     extern E:\c18v3.46\pic18-lt\cxx-framework\src\traditional\startup\c018i.c
                   _false   0x004c7c    program     static                          
                 _startup   0x004e34    program     extern E:\c18v3.46\pic18-lt\cxx-framework\src\traditional\startup\c018i.c
         acknowledgeIssue   0x0023f6    program     extern D:\IDEONICS\reposatory\Andon_Schinder_chennai_4520\source\app.c
                  busyLcd   0x003c8c    program     static D:\IDEONICS\reposatory\Andon_Schinder_chennai_4520\source\lcd.c
                 checksum   0x003c28    program     extern D:\IDEONICS\reposatory\Andon_Schinder_chennai_4520\source\communication.c
              clearScreen   0x004e86    program     static D:\IDEONICS\reposatory\Andon_Schinder_chennai_4520\source\lcd.c
            clearUIBuffer   0x003658    program     extern D:\IDEONICS\reposatory\Andon_Schinder_chennai_4520\source\UI.c
             clearUIInput   0x00367e    program     extern D:\IDEONICS\reposatory\Andon_Schinder_chennai_4520\source\UI.c
                compare_l   0x004e2a    program     static E:\c18v3.46\pic18-lt\cxx-framework\src\traditional\proc\p18f4520.asm
                copy_loop   0x004ad4    program     static                          
            copy_one_byte   0x004ada    program     static                          
               dataPortIn   0x0040c0    program     extern D:\IDEONICS\reposatory\Andon_Schinder_chennai_4520\source\lcd.c
              dataPortOut   0x0040d0    program     extern D:\IDEONICS\reposatory\Andon_Schinder_chennai_4520\source\lcd.c
                     done   0x004afe    program     static                          
             done_copying   0x004ae8    program     static                          
                  endloop   0x004e66    program     static                          
                  getData   0x0035fa    program     extern D:\IDEONICS\reposatory\Andon_Schinder_chennai_4520\source\UI.c
               getStation   0x003566    program     extern D:\IDEONICS\reposatory\Andon_Schinder_chennai_4520\source\UI.c
             getStatusLog   0x001f36    program     extern D:\IDEONICS\reposatory\Andon_Schinder_chennai_4520\source\app.c
           high_interrupt   0x000008    program     extern D:\IDEONICS\reposatory\Andon_Schinder_chennai_4520\source\interruptvector.c
            issueResolved   0x0021a6    program     extern D:\IDEONICS\reposatory\Andon_Schinder_chennai_4520\source\app.c
                     jEnd   0x004740    program     static E:\c18v3.46\pic18-lt\cxx-framework\src\traditional\stdclib\strlen.asm
                     jEnd   0x004724    program     static E:\c18v3.46\pic18-lt\cxx-framework\src\traditional\stdclib\scpyp2r.asm
                     jEnd   0x00469c    program     static E:\c18v3.46\pic18-lt\cxx-framework\src\traditional\stdclib\strcmp.asm
                     jEnd   0x004670    program     static E:\c18v3.46\pic18-lt\cxx-framework\src\traditional\stdclib\memset.asm
                    jLoop   0x004736    program     static E:\c18v3.46\pic18-lt\cxx-framework\src\traditional\stdclib\strlen.asm
                    jLoop   0x00471a    program     static E:\c18v3.46\pic18-lt\cxx-framework\src\traditional\stdclib\scpyp2r.asm
                    jLoop   0x0046da    program     static E:\c18v3.46\pic18-lt\cxx-framework\src\traditional\stdclib\strcpy.asm
                    jLoop   0x004692    program     static E:\c18v3.46\pic18-lt\cxx-framework\src\traditional\stdclib\strcmp.asm
                    jLoop   0x004652    program     static E:\c18v3.46\pic18-lt\cxx-framework\src\traditional\stdclib\memset.asm
                   keyMap   0x004c82    program     extern D:\IDEONICS\reposatory\Andon_Schinder_chennai_4520\source\UI.c
                    login   0x00032e    program     extern D:\IDEONICS\reposatory\Andon_Schinder_chennai_4520\source\app.c
                     loop   0x004e58    program     static                          
                     loop   0x004c48    program     static                          
                     loop   0x004e44    program     static                          
                   loop_h   0x004e22    program     static E:\c18v3.46\pic18-lt\cxx-framework\src\traditional\proc\p18f4520.asm
                   loop_l   0x004e2c    program     static E:\c18v3.46\pic18-lt\cxx-framework\src\traditional\proc\p18f4520.asm
                     main   0x004834    program     extern D:\IDEONICS\reposatory\Andon_Schinder_chennai_4520\source\main.c
                   mapKey   0x003178    program     extern D:\IDEONICS\reposatory\Andon_Schinder_chennai_4520\source\UI.c
                   memset   0x00463e    program     extern E:\c18v3.46\pic18-lt\cxx-framework\src\traditional\stdclib\memset.asm
              parsePacket   0x003ab2    program     extern D:\IDEONICS\reposatory\Andon_Schinder_chennai_4520\source\communication.c
                 putUImsg   0x0037a4    program     extern D:\IDEONICS\reposatory\Andon_Schinder_chennai_4520\source\UI.c
    rawWriteCommand8ToLcd   0x003d1c    program     static D:\IDEONICS\reposatory\Andon_Schinder_chennai_4520\source\lcd.c
             resolveIssue   0x001bd0    program     extern D:\IDEONICS\reposatory\Andon_Schinder_chennai_4520\source\app.c
               scanKeypad   0x004552    program     static D:\IDEONICS\reposatory\Andon_Schinder_chennai_4520\source\keypad_driver.c
                 setUImsg   0x0036fc    program     extern D:\IDEONICS\reposatory\Andon_Schinder_chennai_4520\source\UI.c
                showUImsg   0x0036a0    program     extern D:\IDEONICS\reposatory\Andon_Schinder_chennai_4520\source\UI.c
                   strcmp   0x004672    program     extern E:\c18v3.46\pic18-lt\cxx-framework\src\traditional\stdclib\strcmp.asm
                   strcpy   0x0046b2    program     extern E:\c18v3.46\pic18-lt\cxx-framework\src\traditional\stdclib\strcpy.asm
            strcpypgm2ram   0x0046f4    program     extern E:\c18v3.46\pic18-lt\cxx-framework\src\traditional\stdclib\scpyp2r.asm
                   strlen   0x004726    program     extern E:\c18v3.46\pic18-lt\cxx-framework\src\traditional\stdclib\strlen.asm
                     test   0x004a7c    program     static                          
                  timeout   0x004e9e    program     static D:\IDEONICS\reposatory\Andon_Schinder_chennai_4520\source\app.c
         updateIndication   0x002166    program     static D:\IDEONICS\reposatory\Andon_Schinder_chennai_4520\source\app.c
                updateLog   0x0020c6    program     static D:\IDEONICS\reposatory\Andon_Schinder_chennai_4520\source\app.c
          update_timeouts   0x00230a    program     static D:\IDEONICS\reposatory\Andon_Schinder_chennai_4520\source\app.c
               writetoLCD   0x00401c    program     extern D:\IDEONICS\reposatory\Andon_Schinder_chennai_4520\source\lcd.c
               zero_block   0x004e22    program     static E:\c18v3.46\pic18-lt\cxx-framework\src\traditional\proc\p18f4520.asm
                   ADCON0   0x000fc2       data     extern E:\c18v3.46\pic18-lt\cxx-framework\src\traditional\proc\p18f4520.asm
               ADCON0bits   0x000fc2       data     extern E:\c18v3.46\pic18-lt\cxx-framework\src\traditional\proc\p18f4520.asm
                   ADCON1   0x000fc1       data     extern E:\c18v3.46\pic18-lt\cxx-framework\src\traditional\proc\p18f4520.asm
               ADCON1bits   0x000fc1       data     extern E:\c18v3.46\pic18-lt\cxx-framework\src\traditional\proc\p18f4520.asm
                   ADCON2   0x000fc0       data     extern E:\c18v3.46\pic18-lt\cxx-framework\src\traditional\proc\p18f4520.asm
               ADCON2bits   0x000fc0       data     extern E:\c18v3.46\pic18-lt\cxx-framework\src\traditional\proc\p18f4520.asm
                    ADRES   0x000fc3       data     extern E:\c18v3.46\pic18-lt\cxx-framework\src\traditional\proc\p18f4520.asm
                   ADRESH   0x000fc4       data     extern E:\c18v3.46\pic18-lt\cxx-framework\src\traditional\proc\p18f4520.asm
                   ADRESL   0x000fc3       data     extern E:\c18v3.46\pic18-lt\cxx-framework\src\traditional\proc\p18f4520.asm
             AppTimestamp   0x0005fc       data     extern D:\IDEONICS\reposatory\Andon_Schinder_chennai_4520\source\timer.c
                  BAUDCON   0x000fb8       data     extern E:\c18v3.46\pic18-lt\cxx-framework\src\traditional\proc\p18f4520.asm
              BAUDCONbits   0x000fb8       data     extern E:\c18v3.46\pic18-lt\cxx-framework\src\traditional\proc\p18f4520.asm
                  BAUDCTL   0x000fb8       data     extern E:\c18v3.46\pic18-lt\cxx-framework\src\traditional\proc\p18f4520.asm
              BAUDCTLbits   0x000fb8       data     extern E:\c18v3.46\pic18-lt\cxx-framework\src\traditional\proc\p18f4520.asm
                      BSR   0x000fe0       data     extern E:\c18v3.46\pic18-lt\cxx-framework\src\traditional\proc\p18f4520.asm
                  CCP1CON   0x000fbd       data     extern E:\c18v3.46\pic18-lt\cxx-framework\src\traditional\proc\p18f4520.asm
              CCP1CONbits   0x000fbd       data     extern E:\c18v3.46\pic18-lt\cxx-framework\src\traditional\proc\p18f4520.asm
                  CCP2CON   0x000fba       data     extern E:\c18v3.46\pic18-lt\cxx-framework\src\traditional\proc\p18f4520.asm
              CCP2CONbits   0x000fba       data     extern E:\c18v3.46\pic18-lt\cxx-framework\src\traditional\proc\p18f4520.asm
                    CCPR1   0x000fbe       data     extern E:\c18v3.46\pic18-lt\cxx-framework\src\traditional\proc\p18f4520.asm
                   CCPR1H   0x000fbf       data     extern E:\c18v3.46\pic18-lt\cxx-framework\src\traditional\proc\p18f4520.asm
                   CCPR1L   0x000fbe       data     extern E:\c18v3.46\pic18-lt\cxx-framework\src\traditional\proc\p18f4520.asm
                    CCPR2   0x000fbb       data     extern E:\c18v3.46\pic18-lt\cxx-framework\src\traditional\proc\p18f4520.asm
                   CCPR2H   0x000fbc       data     extern E:\c18v3.46\pic18-lt\cxx-framework\src\traditional\proc\p18f4520.asm
                   CCPR2L   0x000fbb       data     extern E:\c18v3.46\pic18-lt\cxx-framework\src\traditional\proc\p18f4520.asm
                    CMCON   0x000fb4       data     extern E:\c18v3.46\pic18-lt\cxx-framework\src\traditional\proc\p18f4520.asm
                CMCONbits   0x000fb4       data     extern E:\c18v3.46\pic18-lt\cxx-framework\src\traditional\proc\p18f4520.asm
                   CVRCON   0x000fb5       data     extern E:\c18v3.46\pic18-lt\cxx-framework\src\traditional\proc\p18f4520.asm
               CVRCONbits   0x000fb5       data     extern E:\c18v3.46\pic18-lt\cxx-framework\src\traditional\proc\p18f4520.asm
                     DDRA   0x000f92       data     extern E:\c18v3.46\pic18-lt\cxx-framework\src\traditional\proc\p18f4520.asm
                 DDRAbits   0x000f92       data     extern E:\c18v3.46\pic18-lt\cxx-framework\src\traditional\proc\p18f4520.asm
                     DDRB   0x000f93       data     extern E:\c18v3.46\pic18-lt\cxx-framework\src\traditional\proc\p18f4520.asm
                 DDRBbits   0x000f93       data     extern E:\c18v3.46\pic18-lt\cxx-framework\src\traditional\proc\p18f4520.asm
                     DDRC   0x000f94       data     extern E:\c18v3.46\pic18-lt\cxx-framework\src\traditional\proc\p18f4520.asm
                 DDRCbits   0x000f94       data     extern E:\c18v3.46\pic18-lt\cxx-framework\src\traditional\proc\p18f4520.asm
                     DDRD   0x000f95       data     extern E:\c18v3.46\pic18-lt\cxx-framework\src\traditional\proc\p18f4520.asm
                 DDRDbits   0x000f95       data     extern E:\c18v3.46\pic18-lt\cxx-framework\src\traditional\proc\p18f4520.asm
                     DDRE   0x000f96       data     extern E:\c18v3.46\pic18-lt\cxx-framework\src\traditional\proc\p18f4520.asm
                 DDREbits   0x000f96       data     extern E:\c18v3.46\pic18-lt\cxx-framework\src\traditional\proc\p18f4520.asm
            DelayCounter1   0x000018       data     extern E:\c18v3.46\pic18-lt\cxx-framework\src\traditional\delays\delayd1.asm
                  ECCP1AS   0x000fb6       data     extern E:\c18v3.46\pic18-lt\cxx-framework\src\traditional\proc\p18f4520.asm
              ECCP1ASbits   0x000fb6       data     extern E:\c18v3.46\pic18-lt\cxx-framework\src\traditional\proc\p18f4520.asm
                 ECCP1DEL   0x000fb7       data     extern E:\c18v3.46\pic18-lt\cxx-framework\src\traditional\proc\p18f4520.asm
             ECCP1DELbits   0x000fb7       data     extern E:\c18v3.46\pic18-lt\cxx-framework\src\traditional\proc\p18f4520.asm
                   ECCPAS   0x000fb6       data     extern E:\c18v3.46\pic18-lt\cxx-framework\src\traditional\proc\p18f4520.asm
               ECCPASbits   0x000fb6       data     extern E:\c18v3.46\pic18-lt\cxx-framework\src\traditional\proc\p18f4520.asm
                    EEADR   0x000fa9       data     extern E:\c18v3.46\pic18-lt\cxx-framework\src\traditional\proc\p18f4520.asm
                   EECON1   0x000fa6       data     extern E:\c18v3.46\pic18-lt\cxx-framework\src\traditional\proc\p18f4520.asm
               EECON1bits   0x000fa6       data     extern E:\c18v3.46\pic18-lt\cxx-framework\src\traditional\proc\p18f4520.asm
                   EECON2   0x000fa7       data     extern E:\c18v3.46\pic18-lt\cxx-framework\src\traditional\proc\p18f4520.asm
                   EEDATA   0x000fa8       data     extern E:\c18v3.46\pic18-lt\cxx-framework\src\traditional\proc\p18f4520.asm
                     FSR0   0x000fe9       data     extern E:\c18v3.46\pic18-lt\cxx-framework\src\traditional\proc\p18f4520.asm
                    FSR0H   0x000fea       data     extern E:\c18v3.46\pic18-lt\cxx-framework\src\traditional\proc\p18f4520.asm
                    FSR0L   0x000fe9       data     extern E:\c18v3.46\pic18-lt\cxx-framework\src\traditional\proc\p18f4520.asm
                     FSR1   0x000fe1       data     extern E:\c18v3.46\pic18-lt\cxx-framework\src\traditional\proc\p18f4520.asm
                    FSR1H   0x000fe2       data     extern E:\c18v3.46\pic18-lt\cxx-framework\src\traditional\proc\p18f4520.asm
                    FSR1L   0x000fe1       data     extern E:\c18v3.46\pic18-lt\cxx-framework\src\traditional\proc\p18f4520.asm
                     FSR2   0x000fd9       data     extern E:\c18v3.46\pic18-lt\cxx-framework\src\traditional\proc\p18f4520.asm
                    FSR2H   0x000fda       data     extern E:\c18v3.46\pic18-lt\cxx-framework\src\traditional\proc\p18f4520.asm
                    FSR2L   0x000fd9       data     extern E:\c18v3.46\pic18-lt\cxx-framework\src\traditional\proc\p18f4520.asm
                  HLVDCON   0x000fd2       data     extern E:\c18v3.46\pic18-lt\cxx-framework\src\traditional\proc\p18f4520.asm
              HLVDCONbits   0x000fd2       data     extern E:\c18v3.46\pic18-lt\cxx-framework\src\traditional\proc\p18f4520.asm
                    INDF0   0x000fef       data     extern E:\c18v3.46\pic18-lt\cxx-framework\src\traditional\proc\p18f4520.asm
                    INDF1   0x000fe7       data     extern E:\c18v3.46\pic18-lt\cxx-framework\src\traditional\proc\p18f4520.asm
                    INDF2   0x000fdf       data     extern E:\c18v3.46\pic18-lt\cxx-framework\src\traditional\proc\p18f4520.asm
                   INTCON   0x000ff2       data     extern E:\c18v3.46\pic18-lt\cxx-framework\src\traditional\proc\p18f4520.asm
                  INTCON2   0x000ff1       data     extern E:\c18v3.46\pic18-lt\cxx-framework\src\traditional\proc\p18f4520.asm
              INTCON2bits   0x000ff1       data     extern E:\c18v3.46\pic18-lt\cxx-framework\src\traditional\proc\p18f4520.asm
                  INTCON3   0x000ff0       data     extern E:\c18v3.46\pic18-lt\cxx-framework\src\traditional\proc\p18f4520.asm
              INTCON3bits   0x000ff0       data     extern E:\c18v3.46\pic18-lt\cxx-framework\src\traditional\proc\p18f4520.asm
               INTCONbits   0x000ff2       data     extern E:\c18v3.46\pic18-lt\cxx-framework\src\traditional\proc\p18f4520.asm
                     IPR1   0x000f9f       data     extern E:\c18v3.46\pic18-lt\cxx-framework\src\traditional\proc\p18f4520.asm
                 IPR1bits   0x000f9f       data     extern E:\c18v3.46\pic18-lt\cxx-framework\src\traditional\proc\p18f4520.asm
                     IPR2   0x000fa2       data     extern E:\c18v3.46\pic18-lt\cxx-framework\src\traditional\proc\p18f4520.asm
                 IPR2bits   0x000fa2       data     extern E:\c18v3.46\pic18-lt\cxx-framework\src\traditional\proc\p18f4520.asm
                     LATA   0x000f89       data     extern E:\c18v3.46\pic18-lt\cxx-framework\src\traditional\proc\p18f4520.asm
                 LATAbits   0x000f89       data     extern E:\c18v3.46\pic18-lt\cxx-framework\src\traditional\proc\p18f4520.asm
                     LATB   0x000f8a       data     extern E:\c18v3.46\pic18-lt\cxx-framework\src\traditional\proc\p18f4520.asm
                 LATBbits   0x000f8a       data     extern E:\c18v3.46\pic18-lt\cxx-framework\src\traditional\proc\p18f4520.asm
                     LATC   0x000f8b       data     extern E:\c18v3.46\pic18-lt\cxx-framework\src\traditional\proc\p18f4520.asm
                 LATCbits   0x000f8b       data     extern E:\c18v3.46\pic18-lt\cxx-framework\src\traditional\proc\p18f4520.asm
                     LATD   0x000f8c       data     extern E:\c18v3.46\pic18-lt\cxx-framework\src\traditional\proc\p18f4520.asm
                 LATDbits   0x000f8c       data     extern E:\c18v3.46\pic18-lt\cxx-framework\src\traditional\proc\p18f4520.asm
                     LATE   0x000f8d       data     extern E:\c18v3.46\pic18-lt\cxx-framework\src\traditional\proc\p18f4520.asm
                 LATEbits   0x000f8d       data     extern E:\c18v3.46\pic18-lt\cxx-framework\src\traditional\proc\p18f4520.asm
                   LVDCON   0x000fd2       data     extern E:\c18v3.46\pic18-lt\cxx-framework\src\traditional\proc\p18f4520.asm
               LVDCONbits   0x000fd2       data     extern E:\c18v3.46\pic18-lt\cxx-framework\src\traditional\proc\p18f4520.asm
                    Login   0x0004ef       data     extern D:\IDEONICS\reposatory\Andon_Schinder_chennai_4520\source\keypad_driver.c
                   OSCCON   0x000fd3       data     extern E:\c18v3.46\pic18-lt\cxx-framework\src\traditional\proc\p18f4520.asm
               OSCCONbits   0x000fd3       data     extern E:\c18v3.46\pic18-lt\cxx-framework\src\traditional\proc\p18f4520.asm
                  OSCTUNE   0x000f9b       data     extern E:\c18v3.46\pic18-lt\cxx-framework\src\traditional\proc\p18f4520.asm
              OSCTUNEbits   0x000f9b       data     extern E:\c18v3.46\pic18-lt\cxx-framework\src\traditional\proc\p18f4520.asm
                       PC   0x000ff9       data     extern E:\c18v3.46\pic18-lt\cxx-framework\src\traditional\proc\p18f4520.asm
                      PCL   0x000ff9       data     extern E:\c18v3.46\pic18-lt\cxx-framework\src\traditional\proc\p18f4520.asm
                   PCLATH   0x000ffa       data     extern E:\c18v3.46\pic18-lt\cxx-framework\src\traditional\proc\p18f4520.asm
                   PCLATU   0x000ffb       data     extern E:\c18v3.46\pic18-lt\cxx-framework\src\traditional\proc\p18f4520.asm
                     PIE1   0x000f9d       data     extern E:\c18v3.46\pic18-lt\cxx-framework\src\traditional\proc\p18f4520.asm
                 PIE1bits   0x000f9d       data     extern E:\c18v3.46\pic18-lt\cxx-framework\src\traditional\proc\p18f4520.asm
                     PIE2   0x000fa0       data     extern E:\c18v3.46\pic18-lt\cxx-framework\src\traditional\proc\p18f4520.asm
                 PIE2bits   0x000fa0       data     extern E:\c18v3.46\pic18-lt\cxx-framework\src\traditional\proc\p18f4520.asm
                     PIR1   0x000f9e       data     extern E:\c18v3.46\pic18-lt\cxx-framework\src\traditional\proc\p18f4520.asm
                 PIR1bits   0x000f9e       data     extern E:\c18v3.46\pic18-lt\cxx-framework\src\traditional\proc\p18f4520.asm
                     PIR2   0x000fa1       data     extern E:\c18v3.46\pic18-lt\cxx-framework\src\traditional\proc\p18f4520.asm
                 PIR2bits   0x000fa1       data     extern E:\c18v3.46\pic18-lt\cxx-framework\src\traditional\proc\p18f4520.asm
                   PLUSW0   0x000feb       data     extern E:\c18v3.46\pic18-lt\cxx-framework\src\traditional\proc\p18f4520.asm
                   PLUSW1   0x000fe3       data     extern E:\c18v3.46\pic18-lt\cxx-framework\src\traditional\proc\p18f4520.asm
                   PLUSW2   0x000fdb       data     extern E:\c18v3.46\pic18-lt\cxx-framework\src\traditional\proc\p18f4520.asm
                    PORTA   0x000f80       data     extern E:\c18v3.46\pic18-lt\cxx-framework\src\traditional\proc\p18f4520.asm
                PORTAbits   0x000f80       data     extern E:\c18v3.46\pic18-lt\cxx-framework\src\traditional\proc\p18f4520.asm
                    PORTB   0x000f81       data     extern E:\c18v3.46\pic18-lt\cxx-framework\src\traditional\proc\p18f4520.asm
                PORTBbits   0x000f81       data     extern E:\c18v3.46\pic18-lt\cxx-framework\src\traditional\proc\p18f4520.asm
                    PORTC   0x000f82       data     extern E:\c18v3.46\pic18-lt\cxx-framework\src\traditional\proc\p18f4520.asm
                PORTCbits   0x000f82       data     extern E:\c18v3.46\pic18-lt\cxx-framework\src\traditional\proc\p18f4520.asm
                    PORTD   0x000f83       data     extern E:\c18v3.46\pic18-lt\cxx-framework\src\traditional\proc\p18f4520.asm
                PORTDbits   0x000f83       data     extern E:\c18v3.46\pic18-lt\cxx-framework\src\traditional\proc\p18f4520.asm
                    PORTE   0x000f84       data     extern E:\c18v3.46\pic18-lt\cxx-framework\src\traditional\proc\p18f4520.asm
                PORTEbits   0x000f84       data     extern E:\c18v3.46\pic18-lt\cxx-framework\src\traditional\proc\p18f4520.asm
                 POSTDEC0   0x000fed       data     extern E:\c18v3.46\pic18-lt\cxx-framework\src\traditional\proc\p18f4520.asm
                 POSTDEC1   0x000fe5       data     extern E:\c18v3.46\pic18-lt\cxx-framework\src\traditional\proc\p18f4520.asm
                 POSTDEC2   0x000fdd       data     extern E:\c18v3.46\pic18-lt\cxx-framework\src\traditional\proc\p18f4520.asm
                 POSTINC0   0x000fee       data     extern E:\c18v3.46\pic18-lt\cxx-framework\src\traditional\proc\p18f4520.asm
                 POSTINC1   0x000fe6       data     extern E:\c18v3.46\pic18-lt\cxx-framework\src\traditional\proc\p18f4520.asm
                 POSTINC2   0x000fde       data     extern E:\c18v3.46\pic18-lt\cxx-framework\src\traditional\proc\p18f4520.asm
                      PR2   0x000fcb       data     extern E:\c18v3.46\pic18-lt\cxx-framework\src\traditional\proc\p18f4520.asm
                  PREINC0   0x000fec       data     extern E:\c18v3.46\pic18-lt\cxx-framework\src\traditional\proc\p18f4520.asm
                  PREINC1   0x000fe4       data     extern E:\c18v3.46\pic18-lt\cxx-framework\src\traditional\proc\p18f4520.asm
                  PREINC2   0x000fdc       data     extern E:\c18v3.46\pic18-lt\cxx-framework\src\traditional\proc\p18f4520.asm
                     PROD   0x000ff3       data     extern E:\c18v3.46\pic18-lt\cxx-framework\src\traditional\proc\p18f4520.asm
                    PRODH   0x000ff4       data     extern E:\c18v3.46\pic18-lt\cxx-framework\src\traditional\proc\p18f4520.asm
                    PRODL   0x000ff3       data     extern E:\c18v3.46\pic18-lt\cxx-framework\src\traditional\proc\p18f4520.asm
                  PWM1CON   0x000fb7       data     extern E:\c18v3.46\pic18-lt\cxx-framework\src\traditional\proc\p18f4520.asm
              PWM1CONbits   0x000fb7       data     extern E:\c18v3.46\pic18-lt\cxx-framework\src\traditional\proc\p18f4520.asm
                     RCON   0x000fd0       data     extern E:\c18v3.46\pic18-lt\cxx-framework\src\traditional\proc\p18f4520.asm
                 RCONbits   0x000fd0       data     extern E:\c18v3.46\pic18-lt\cxx-framework\src\traditional\proc\p18f4520.asm
                    RCREG   0x000fae       data     extern E:\c18v3.46\pic18-lt\cxx-framework\src\traditional\proc\p18f4520.asm
                    RCSTA   0x000fab       data     extern E:\c18v3.46\pic18-lt\cxx-framework\src\traditional\proc\p18f4520.asm
                RCSTAbits   0x000fab       data     extern E:\c18v3.46\pic18-lt\cxx-framework\src\traditional\proc\p18f4520.asm
                     SIGN   0x000000       data     extern E:\c18v3.46\pic18-lt\cxx-framework\src\traditional\math\cmath18.asm
                    SPBRG   0x000faf       data     extern E:\c18v3.46\pic18-lt\cxx-framework\src\traditional\proc\p18f4520.asm
                   SPBRGH   0x000fb0       data     extern E:\c18v3.46\pic18-lt\cxx-framework\src\traditional\proc\p18f4520.asm
                   SSPADD   0x000fc8       data     extern E:\c18v3.46\pic18-lt\cxx-framework\src\traditional\proc\p18f4520.asm
                   SSPBUF   0x000fc9       data     extern E:\c18v3.46\pic18-lt\cxx-framework\src\traditional\proc\p18f4520.asm
                  SSPCON1   0x000fc6       data     extern E:\c18v3.46\pic18-lt\cxx-framework\src\traditional\proc\p18f4520.asm
              SSPCON1bits   0x000fc6       data     extern E:\c18v3.46\pic18-lt\cxx-framework\src\traditional\proc\p18f4520.asm
                  SSPCON2   0x000fc5       data     extern E:\c18v3.46\pic18-lt\cxx-framework\src\traditional\proc\p18f4520.asm
              SSPCON2bits   0x000fc5       data     extern E:\c18v3.46\pic18-lt\cxx-framework\src\traditional\proc\p18f4520.asm
                  SSPSTAT   0x000fc7       data     extern E:\c18v3.46\pic18-lt\cxx-framework\src\traditional\proc\p18f4520.asm
              SSPSTATbits   0x000fc7       data     extern E:\c18v3.46\pic18-lt\cxx-framework\src\traditional\proc\p18f4520.asm
                   STATUS   0x000fd8       data     extern E:\c18v3.46\pic18-lt\cxx-framework\src\traditional\proc\p18f4520.asm
               STATUSbits   0x000fd8       data     extern E:\c18v3.46\pic18-lt\cxx-framework\src\traditional\proc\p18f4520.asm
                   STKPTR   0x000ffc       data     extern E:\c18v3.46\pic18-lt\cxx-framework\src\traditional\proc\p18f4520.asm
               STKPTRbits   0x000ffc       data     extern E:\c18v3.46\pic18-lt\cxx-framework\src\traditional\proc\p18f4520.asm
                    T0CON   0x000fd5       data     extern E:\c18v3.46\pic18-lt\cxx-framework\src\traditional\proc\p18f4520.asm
                T0CONbits   0x000fd5       data     extern E:\c18v3.46\pic18-lt\cxx-framework\src\traditional\proc\p18f4520.asm
                    T1CON   0x000fcd       data     extern E:\c18v3.46\pic18-lt\cxx-framework\src\traditional\proc\p18f4520.asm
                T1CONbits   0x000fcd       data     extern E:\c18v3.46\pic18-lt\cxx-framework\src\traditional\proc\p18f4520.asm
                    T2CON   0x000fca       data     extern E:\c18v3.46\pic18-lt\cxx-framework\src\traditional\proc\p18f4520.asm
                T2CONbits   0x000fca       data     extern E:\c18v3.46\pic18-lt\cxx-framework\src\traditional\proc\p18f4520.asm
                    T3CON   0x000fb1       data     extern E:\c18v3.46\pic18-lt\cxx-framework\src\traditional\proc\p18f4520.asm
                T3CONbits   0x000fb1       data     extern E:\c18v3.46\pic18-lt\cxx-framework\src\traditional\proc\p18f4520.asm
                   TABLAT   0x000ff5       data     extern E:\c18v3.46\pic18-lt\cxx-framework\src\traditional\proc\p18f4520.asm
                   TBLPTR   0x000ff6       data     extern E:\c18v3.46\pic18-lt\cxx-framework\src\traditional\proc\p18f4520.asm
                  TBLPTRH   0x000ff7       data     extern E:\c18v3.46\pic18-lt\cxx-framework\src\traditional\proc\p18f4520.asm
                  TBLPTRL   0x000ff6       data     extern E:\c18v3.46\pic18-lt\cxx-framework\src\traditional\proc\p18f4520.asm
                  TBLPTRU   0x000ff8       data     extern E:\c18v3.46\pic18-lt\cxx-framework\src\traditional\proc\p18f4520.asm
                    TMR0H   0x000fd7       data     extern E:\c18v3.46\pic18-lt\cxx-framework\src\traditional\proc\p18f4520.asm
                    TMR0L   0x000fd6       data     extern E:\c18v3.46\pic18-lt\cxx-framework\src\traditional\proc\p18f4520.asm
                    TMR1H   0x000fcf       data     extern E:\c18v3.46\pic18-lt\cxx-framework\src\traditional\proc\p18f4520.asm
                    TMR1L   0x000fce       data     extern E:\c18v3.46\pic18-lt\cxx-framework\src\traditional\proc\p18f4520.asm
                     TMR2   0x000fcc       data     extern E:\c18v3.46\pic18-lt\cxx-framework\src\traditional\proc\p18f4520.asm
                    TMR3H   0x000fb3       data     extern E:\c18v3.46\pic18-lt\cxx-framework\src\traditional\proc\p18f4520.asm
                    TMR3L   0x000fb2       data     extern E:\c18v3.46\pic18-lt\cxx-framework\src\traditional\proc\p18f4520.asm
                      TOS   0x000ffd       data     extern E:\c18v3.46\pic18-lt\cxx-framework\src\traditional\proc\p18f4520.asm
                     TOSH   0x000ffe       data     extern E:\c18v3.46\pic18-lt\cxx-framework\src\traditional\proc\p18f4520.asm
                     TOSL   0x000ffd       data     extern E:\c18v3.46\pic18-lt\cxx-framework\src\traditional\proc\p18f4520.asm
                     TOSU   0x000fff       data     extern E:\c18v3.46\pic18-lt\cxx-framework\src\traditional\proc\p18f4520.asm
                    TRISA   0x000f92       data     extern E:\c18v3.46\pic18-lt\cxx-framework\src\traditional\proc\p18f4520.asm
                TRISAbits   0x000f92       data     extern E:\c18v3.46\pic18-lt\cxx-framework\src\traditional\proc\p18f4520.asm
                    TRISB   0x000f93       data     extern E:\c18v3.46\pic18-lt\cxx-framework\src\traditional\proc\p18f4520.asm
                TRISBbits   0x000f93       data     extern E:\c18v3.46\pic18-lt\cxx-framework\src\traditional\proc\p18f4520.asm
                    TRISC   0x000f94       data     extern E:\c18v3.46\pic18-lt\cxx-framework\src\traditional\proc\p18f4520.asm
                TRISCbits   0x000f94       data     extern E:\c18v3.46\pic18-lt\cxx-framework\src\traditional\proc\p18f4520.asm
                    TRISD   0x000f95       data     extern E:\c18v3.46\pic18-lt\cxx-framework\src\traditional\proc\p18f4520.asm
                TRISDbits   0x000f95       data     extern E:\c18v3.46\pic18-lt\cxx-framework\src\traditional\proc\p18f4520.asm
                    TRISE   0x000f96       data     extern E:\c18v3.46\pic18-lt\cxx-framework\src\traditional\proc\p18f4520.asm
                TRISEbits   0x000f96       data     extern E:\c18v3.46\pic18-lt\cxx-framework\src\traditional\proc\p18f4520.asm
                    TXREG   0x000fad       data     extern E:\c18v3.46\pic18-lt\cxx-framework\src\traditional\proc\p18f4520.asm
                    TXSTA   0x000fac       data     extern E:\c18v3.46\pic18-lt\cxx-framework\src\traditional\proc\p18f4520.asm
                TXSTAbits   0x000fac       data     extern E:\c18v3.46\pic18-lt\cxx-framework\src\traditional\proc\p18f4520.asm
                   UI_MSG   0x0004bd       data     extern D:\IDEONICS\reposatory\Andon_Schinder_chennai_4520\source\UI.c
             USART_Status   0x0004f3       data     extern E:\c18v3.46\pic18-lt\cxx-framework\src\pmc_common\USART\udefs.c
               ViewIssues   0x0004f0       data     extern D:\IDEONICS\reposatory\Andon_Schinder_chennai_4520\source\keypad_driver.c
                        W   0x000fe8       data     extern E:\c18v3.46\pic18-lt\cxx-framework\src\traditional\proc\p18f4520.asm
                   WDTCON   0x000fd1       data     extern E:\c18v3.46\pic18-lt\cxx-framework\src\traditional\proc\p18f4520.asm
               WDTCONbits   0x000fd1       data     extern E:\c18v3.46\pic18-lt\cxx-framework\src\traditional\proc\p18f4520.asm
                     WREG   0x000fe8       data     extern E:\c18v3.46\pic18-lt\cxx-framework\src\traditional\proc\p18f4520.asm
                 __AARGB0   0x000009       data     extern E:\c18v3.46\pic18-lt\cxx-framework\src\traditional\math\aarg.asm
                 __AARGB1   0x000008       data     extern E:\c18v3.46\pic18-lt\cxx-framework\src\traditional\math\aarg.asm
                 __AARGB2   0x000007       data     extern E:\c18v3.46\pic18-lt\cxx-framework\src\traditional\math\aarg.asm
                 __AARGB3   0x000006       data     extern E:\c18v3.46\pic18-lt\cxx-framework\src\traditional\math\aarg.asm
                 __AARGB4   0x000005       data     extern E:\c18v3.46\pic18-lt\cxx-framework\src\traditional\math\aarg.asm
                 __AARGB5   0x000004       data     extern E:\c18v3.46\pic18-lt\cxx-framework\src\traditional\math\aarg.asm
                 __AARGB6   0x000003       data     extern E:\c18v3.46\pic18-lt\cxx-framework\src\traditional\math\aarg.asm
                 __AARGB7   0x000002       data     extern E:\c18v3.46\pic18-lt\cxx-framework\src\traditional\math\aarg.asm
                   __AEXP   0x00000a       data     extern E:\c18v3.46\pic18-lt\cxx-framework\src\traditional\math\aarg.asm
                 __BARGB0   0x00000e       data     extern E:\c18v3.46\pic18-lt\cxx-framework\src\traditional\math\barg.asm
                 __BARGB1   0x00000d       data     extern E:\c18v3.46\pic18-lt\cxx-framework\src\traditional\math\barg.asm
                 __BARGB2   0x00000c       data     extern E:\c18v3.46\pic18-lt\cxx-framework\src\traditional\math\barg.asm
                 __BARGB3   0x00000b       data     extern E:\c18v3.46\pic18-lt\cxx-framework\src\traditional\math\barg.asm
                   __BEXP   0x00000f       data     extern E:\c18v3.46\pic18-lt\cxx-framework\src\traditional\math\barg.asm
                __FPFLAGS   0x000001       data     extern E:\c18v3.46\pic18-lt\cxx-framework\src\traditional\math\cmath18.asm
            __FPFLAGSbits   0x000001       data     extern E:\c18v3.46\pic18-lt\cxx-framework\src\traditional\math\cmath18.asm
                  __REMB0   0x000005       data     extern E:\c18v3.46\pic18-lt\cxx-framework\src\traditional\math\aarg.asm
                  __REMB1   0x000004       data     extern E:\c18v3.46\pic18-lt\cxx-framework\src\traditional\math\aarg.asm
                  __REMB2   0x000003       data     extern E:\c18v3.46\pic18-lt\cxx-framework\src\traditional\math\aarg.asm
                  __REMB3   0x000002       data     extern E:\c18v3.46\pic18-lt\cxx-framework\src\traditional\math\aarg.asm
                   __TEMP   0x000013       data     extern E:\c18v3.46\pic18-lt\cxx-framework\src\traditional\math\temparg.asm
                 __TEMPB0   0x000013       data     extern E:\c18v3.46\pic18-lt\cxx-framework\src\traditional\math\temparg.asm
                 __TEMPB1   0x000012       data     extern E:\c18v3.46\pic18-lt\cxx-framework\src\traditional\math\temparg.asm
                 __TEMPB2   0x000011       data     extern E:\c18v3.46\pic18-lt\cxx-framework\src\traditional\math\temparg.asm
                 __TEMPB3   0x000010       data     extern E:\c18v3.46\pic18-lt\cxx-framework\src\traditional\math\temparg.asm
                  __tmp_0   0x000014       data     static E:\c18v3.46\pic18-lt\cxx-framework\src\pmc_common\EEP\write_B.c
                  __tmp_0   0x000014       data     static D:\IDEONICS\reposatory\Andon_Schinder_chennai_4520\source\lcd.c
                  __tmp_0   0x000014       data     static D:\IDEONICS\reposatory\Andon_Schinder_chennai_4520\source\main.c
                  __tmp_0   0x000014       data     static D:\IDEONICS\reposatory\Andon_Schinder_chennai_4520\source\uart_driver.c
                  __tmp_0   0x000014       data     static D:\IDEONICS\reposatory\Andon_Schinder_chennai_4520\source\communication.c
                  __tmp_0   0x000014       data     static D:\IDEONICS\reposatory\Andon_Schinder_chennai_4520\source\UI.c
                  __tmp_0   0x000014       data     static D:\IDEONICS\reposatory\Andon_Schinder_chennai_4520\source\app.c
                  __tmp_0   0x000014       data     static E:\c18v3.46\pic18-lt\cxx-framework\src\pmc_common\USART\uopen.c
                  __tmp_0   0x000014       data     static E:\c18v3.46\pic18-lt\cxx-framework\src\pmc_common\EEP\read_B.c
                 ackIssue   0x000469       data     extern D:\IDEONICS\reposatory\Andon_Schinder_chennai_4520\source\UI.c
           appUpdateCount   0x0005f6       data     extern D:\IDEONICS\reposatory\Andon_Schinder_chennai_4520\source\timer.c
               comTimeout   0x0004f1       data     extern D:\IDEONICS\reposatory\Andon_Schinder_chennai_4520\source\communication.c
           comUpdateCount   0x0005f4       data     extern D:\IDEONICS\reposatory\Andon_Schinder_chennai_4520\source\timer.c
            communication   0x000500       data     extern D:\IDEONICS\reposatory\Andon_Schinder_chennai_4520\source\communication.c
                    count   0x0005ee       data     extern D:\IDEONICS\reposatory\Andon_Schinder_chennai_4520\source\timer.c
                curr_byte   0x0004de       data     static E:\c18v3.46\pic18-lt\cxx-framework\src\traditional\startup\c018i.c
               curr_entry   0x0004e0       data     static E:\c18v3.46\pic18-lt\cxx-framework\src\traditional\startup\c018i.c
                 data_ptr   0x0004e2       data     static E:\c18v3.46\pic18-lt\cxx-framework\src\traditional\startup\c018i.c
                 duration   0x0004bc       data     static D:\IDEONICS\reposatory\Andon_Schinder_chennai_4520\source\keypad_driver.c
           heartBeatCount   0x0005f0       data     extern D:\IDEONICS\reposatory\Andon_Schinder_chennai_4520\source\timer.c
                      ias   0x000100       data     extern D:\IDEONICS\reposatory\Andon_Schinder_chennai_4520\source\app.c
                issueInfo   0x000171       data     extern D:\IDEONICS\reposatory\Andon_Schinder_chennai_4520\source\app.c
         kepadInReadIndex   0x0004ba       data     static D:\IDEONICS\reposatory\Andon_Schinder_chennai_4520\source\keypad_driver.c
     keypadInWaitingIndex   0x0004bb       data     static D:\IDEONICS\reposatory\Andon_Schinder_chennai_4520\source\keypad_driver.c
      keypadReceiveBuffer   0x0004ac       data     static D:\IDEONICS\reposatory\Andon_Schinder_chennai_4520\source\keypad_driver.c
        keypadUpdateCount   0x0005f2       data     extern D:\IDEONICS\reposatory\Andon_Schinder_chennai_4520\source\timer.c
             lastValidKey   0x0004ee       data     static D:\IDEONICS\reposatory\Andon_Schinder_chennai_4520\source\keypad_driver.c
                      lcd   0x00048a       data     extern D:\IDEONICS\reposatory\Andon_Schinder_chennai_4520\source\lcd.c
                 ledState   0x0004f6       data     extern D:\IDEONICS\reposatory\Andon_Schinder_chennai_4520\source\heartBeat.c
                 ledState   0x0004f5       data     static D:\IDEONICS\reposatory\Andon_Schinder_chennai_4520\source\board.c
                      log   0x000174       data     extern D:\IDEONICS\reposatory\Andon_Schinder_chennai_4520\source\app.c
                  message   0x0004e5       data     extern D:\IDEONICS\reposatory\Andon_Schinder_chennai_4520\source\main.c
                   oldKey   0x0004f4       data     static D:\IDEONICS\reposatory\Andon_Schinder_chennai_4520\source\keypad_driver.c
                openIssue   0x000448       data     extern D:\IDEONICS\reposatory\Andon_Schinder_chennai_4520\source\UI.c
                     prom   0x0004db       data     static E:\c18v3.46\pic18-lt\cxx-framework\src\traditional\startup\c018i.c
     timeStampUpdateCount   0x0005fa       data     extern D:\IDEONICS\reposatory\Andon_Schinder_chennai_4520\source\timer.c
                      tmr   0x0005e2       data     extern D:\IDEONICS\reposatory\Andon_Schinder_chennai_4520\source\timer.c
                     uart   0x000578       data     extern D:\IDEONICS\reposatory\Andon_Schinder_chennai_4520\source\uart_driver.c
                       ui   0x000400       data     extern D:\IDEONICS\reposatory\Andon_Schinder_chennai_4520\source\UI.c
            uiUpdateCount   0x0005f8       data     extern D:\IDEONICS\reposatory\Andon_Schinder_chennai_4520\source\timer.c



                              Symbols - Sorted by Address
                     Name    Address   Location    Storage File                     
                ---------  ---------  ---------  --------- ---------                
                   _entry   0x000000    program     extern E:\c18v3.46\pic18-lt\cxx-framework\src\traditional\startup\c018i.c
       ___return_lbl00000   0x000004    program     static                          
           high_interrupt   0x000008    program     extern D:\IDEONICS\reposatory\Andon_Schinder_chennai_4520\source\interruptvector.c
           ___if_lbl00001   0x000010    program     static                          
       ___return_lbl00000   0x000018    program     static                          
           ___if_lbl00002   0x000018    program     static                          
         EnableInterrupts   0x00001a    program     extern D:\IDEONICS\reposatory\Andon_Schinder_chennai_4520\source\interruptvector.c
                 APP_init   0x0000bc    program     extern D:\IDEONICS\reposatory\Andon_Schinder_chennai_4520\source\app.c
          ___for_lbl00009   0x0000f8    program     static                          
          ___for_lbl00005   0x000140    program     static                          
          ___for_lbl00003   0x0001b4    program     static                          
          ___for_lbl00004   0x0001ba    program     static                          
           ___if_lbl00006   0x0001ee    program     static                          
           ___if_lbl00007   0x000224    program     static                          
           ___if_lbl00008   0x00025e    program     static                          
          ___for_lbl00001   0x00025e    program     static                          
          ___for_lbl00002   0x000268    program     static                          
         ___else_lbl00013   0x00027c    program     static                          
         ___else_lbl00011   0x000290    program     static                          
[...]
                    TRISD   0x000f95       data     extern E:\c18v3.46\pic18-lt\cxx-framework\src\traditional\proc\p18f4520.asm
                     DDRD   0x000f95       data     extern E:\c18v3.46\pic18-lt\cxx-framework\src\traditional\proc\p18f4520.asm
                 DDRDbits   0x000f95       data     extern E:\c18v3.46\pic18-lt\cxx-framework\src\traditional\proc\p18f4520.asm
                TRISEbits   0x000f96       data     extern E:\c18v3.46\pic18-lt\cxx-framework\src\traditional\proc\p18f4520.asm
                    TRISE   0x000f96       data     extern E:\c18v3.46\pic18-lt\cxx-framework\src\traditional\proc\p18f4520.asm
                     DDRE   0x000f96       data     extern E:\c18v3.46\pic18-lt\cxx-framework\src\traditional\proc\p18f4520.asm
                 DDREbits   0x000f96       data     extern E:\c18v3.46\pic18-lt\cxx-framework\src\traditional\proc\p18f4520.asm
                  OSCTUNE   0x000f9b       data     extern E:\c18v3.46\pic18-lt\cxx-framework\src\traditional\proc\p18f4520.asm
              OSCTUNEbits   0x000f9b       data     extern E:\c18v3.46\pic18-lt\cxx-framework\src\traditional\proc\p18f4520.asm
                 PIE1bits   0x000f9d       data     extern E:\c18v3.46\pic18-lt\cxx-framework\src\traditional\proc\p18f4520.asm
                     PIE1   0x000f9d       data     extern E:\c18v3.46\pic18-lt\cxx-framework\src\traditional\proc\p18f4520.asm
                     PIR1   0x000f9e       data     extern E:\c18v3.46\pic18-lt\cxx-framework\src\traditional\proc\p18f4520.asm
                 PIR1bits   0x000f9e       data     extern E:\c18v3.46\pic18-lt\cxx-framework\src\traditional\proc\p18f4520.asm
                     IPR1   0x000f9f       data     extern E:\c18v3.46\pic18-lt\cxx-framework\src\traditional\proc\p18f4520.asm
                 IPR1bits   0x000f9f       data     extern E:\c18v3.46\pic18-lt\cxx-framework\src\traditional\proc\p18f4520.asm
                     PIE2   0x000fa0       data     extern E:\c18v3.46\pic18-lt\cxx-framework\src\traditional\proc\p18f4520.asm
                 PIE2bits   0x000fa0       data     extern E:\c18v3.46\pic18-lt\cxx-framework\src\traditional\proc\p18f4520.asm
                 PIR2bits   0x000fa1       data     extern E:\c18v3.46\pic18-lt\cxx-framework\src\traditional\proc\p18f4520.asm
                     PIR2   0x000fa1       data     extern E:\c18v3.46\pic18-lt\cxx-framework\src\traditional\proc\p18f4520.asm
                     IPR2   0x000fa2       data     extern E:\c18v3.46\pic18-lt\cxx-framework\src\traditional\proc\p18f4520.asm
                 IPR2bits   0x000fa2       data     extern E:\c18v3.46\pic18-lt\cxx-framework\src\traditional\proc\p18f4520.asm
               EECON1bits   0x000fa6       data     extern E:\c18v3.46\pic18-lt\cxx-framework\src\traditional\proc\p18f4520.asm
                   EECON1   0x000fa6       data     extern E:\c18v3.46\pic18-lt\cxx-framework\src\traditional\proc\p18f4520.asm
                   EECON2   0x000fa7       data     extern E:\c18v3.46\pic18-lt\cxx-framework\src\traditional\proc\p18f4520.asm
                   EEDATA   0x000fa8       data     extern E:\c18v3.46\pic18-lt\cxx-framework\src\traditional\proc\p18f4520.asm
                    EEADR   0x000fa9       data     extern E:\c18v3.46\pic18-lt\cxx-framework\src\traditional\proc\p18f4520.asm
                    RCSTA   0x000fab       data     extern E:\c18v3.46\pic18-lt\cxx-framework\src\traditional\proc\p18f4520.asm
                RCSTAbits   0x000fab       data     extern E:\c18v3.46\pic18-lt\cxx-framework\src\traditional\proc\p18f4520.asm
                TXSTAbits   0x000fac       data     extern E:\c18v3.46\pic18-lt\cxx-framework\src\traditional\proc\p18f4520.asm
                    TXSTA   0x000fac       data     extern E:\c18v3.46\pic18-lt\cxx-framework\src\traditional\proc\p18f4520.asm
                    TXREG   0x000fad       data     extern E:\c18v3.46\pic18-lt\cxx-framework\src\traditional\proc\p18f4520.asm
                    RCREG   0x000fae       data     extern E:\c18v3.46\pic18-lt\cxx-framework\src\traditional\proc\p18f4520.asm
                    SPBRG   0x000faf       data     extern E:\c18v3.46\pic18-lt\cxx-framework\src\traditional\proc\p18f4520.asm
                   SPBRGH   0x000fb0       data     extern E:\c18v3.46\pic18-lt\cxx-framework\src\traditional\proc\p18f4520.asm
                T3CONbits   0x000fb1       data     extern E:\c18v3.46\pic18-lt\cxx-framework\src\traditional\proc\p18f4520.asm
                    T3CON   0x000fb1       data     extern E:\c18v3.46\pic18-lt\cxx-framework\src\traditional\proc\p18f4520.asm
                    TMR3L   0x000fb2       data     extern E:\c18v3.46\pic18-lt\cxx-framework\src\traditional\proc\p18f4520.asm
                    TMR3H   0x000fb3       data     extern E:\c18v3.46\pic18-lt\cxx-framework\src\traditional\proc\p18f4520.asm
                    CMCON   0x000fb4       data     extern E:\c18v3.46\pic18-lt\cxx-framework\src\traditional\proc\p18f4520.asm
                CMCONbits   0x000fb4       data     extern E:\c18v3.46\pic18-lt\cxx-framework\src\traditional\proc\p18f4520.asm
                   CVRCON   0x000fb5       data     extern E:\c18v3.46\pic18-lt\cxx-framework\src\traditional\proc\p18f4520.asm
               CVRCONbits   0x000fb5       data     extern E:\c18v3.46\pic18-lt\cxx-framework\src\traditional\proc\p18f4520.asm
               ECCPASbits   0x000fb6       data     extern E:\c18v3.46\pic18-lt\cxx-framework\src\traditional\proc\p18f4520.asm
                  ECCP1AS   0x000fb6       data     extern E:\c18v3.46\pic18-lt\cxx-framework\src\traditional\proc\p18f4520.asm
              ECCP1ASbits   0x000fb6       data     extern E:\c18v3.46\pic18-lt\cxx-framework\src\traditional\proc\p18f4520.asm
                   ECCPAS   0x000fb6       data     extern E:\c18v3.46\pic18-lt\cxx-framework\src\traditional\proc\p18f4520.asm
             ECCP1DELbits   0x000fb7       data     extern E:\c18v3.46\pic18-lt\cxx-framework\src\traditional\proc\p18f4520.asm
                 ECCP1DEL   0x000fb7       data     extern E:\c18v3.46\pic18-lt\cxx-framework\src\traditional\proc\p18f4520.asm
              PWM1CONbits   0x000fb7       data     extern E:\c18v3.46\pic18-lt\cxx-framework\src\traditional\proc\p18f4520.asm
                  PWM1CON   0x000fb7       data     extern E:\c18v3.46\pic18-lt\cxx-framework\src\traditional\proc\p18f4520.asm
                  BAUDCON   0x000fb8       data     extern E:\c18v3.46\pic18-lt\cxx-framework\src\traditional\proc\p18f4520.asm
              BAUDCONbits   0x000fb8       data     extern E:\c18v3.46\pic18-lt\cxx-framework\src\traditional\proc\p18f4520.asm
                  BAUDCTL   0x000fb8       data     extern E:\c18v3.46\pic18-lt\cxx-framework\src\traditional\proc\p18f4520.asm
              BAUDCTLbits   0x000fb8       data     extern E:\c18v3.46\pic18-lt\cxx-framework\src\traditional\proc\p18f4520.asm
              CCP2CONbits   0x000fba       data     extern E:\c18v3.46\pic18-lt\cxx-framework\src\traditional\proc\p18f4520.asm
                  CCP2CON   0x000fba       data     extern E:\c18v3.46\pic18-lt\cxx-framework\src\traditional\proc\p18f4520.asm
                    CCPR2   0x000fbb       data     extern E:\c18v3.46\pic18-lt\cxx-framework\src\traditional\proc\p18f4520.asm
                   CCPR2L   0x000fbb       data     extern E:\c18v3.46\pic18-lt\cxx-framework\src\traditional\proc\p18f4520.asm
                   CCPR2H   0x000fbc       data     extern E:\c18v3.46\pic18-lt\cxx-framework\src\traditional\proc\p18f4520.asm
              CCP1CONbits   0x000fbd       data     extern E:\c18v3.46\pic18-lt\cxx-framework\src\traditional\proc\p18f4520.asm
                  CCP1CON   0x000fbd       data     extern E:\c18v3.46\pic18-lt\cxx-framework\src\traditional\proc\p18f4520.asm
                    CCPR1   0x000fbe       data     extern E:\c18v3.46\pic18-lt\cxx-framework\src\traditional\proc\p18f4520.asm
                   CCPR1L   0x000fbe       data     extern E:\c18v3.46\pic18-lt\cxx-framework\src\traditional\proc\p18f4520.asm
                   CCPR1H   0x000fbf       data     extern E:\c18v3.46\pic18-lt\cxx-framework\src\traditional\proc\p18f4520.asm
                   ADCON2   0x000fc0       data     extern E:\c18v3.46\pic18-lt\cxx-framework\src\traditional\proc\p18f4520.asm
               ADCON2bits   0x000fc0       data     extern E:\c18v3.46\pic18-lt\cxx-framework\src\traditional\proc\p18f4520.asm
                   ADCON1   0x000fc1       data     extern E:\c18v3.46\pic18-lt\cxx-framework\src\traditional\proc\p18f4520.asm
               ADCON1bits   0x000fc1       data     extern E:\c18v3.46\pic18-lt\cxx-framework\src\traditional\proc\p18f4520.asm
                   ADCON0   0x000fc2       data     extern E:\c18v3.46\pic18-lt\cxx-framework\src\traditional\proc\p18f4520.asm
               ADCON0bits   0x000fc2       data     extern E:\c18v3.46\pic18-lt\cxx-framework\src\traditional\proc\p18f4520.asm
                   ADRESL   0x000fc3       data     extern E:\c18v3.46\pic18-lt\cxx-framework\src\traditional\proc\p18f4520.asm
                    ADRES   0x000fc3       data     extern E:\c18v3.46\pic18-lt\cxx-framework\src\traditional\proc\p18f4520.asm
                   ADRESH   0x000fc4       data     extern E:\c18v3.46\pic18-lt\cxx-framework\src\traditional\proc\p18f4520.asm
              SSPCON2bits   0x000fc5       data     extern E:\c18v3.46\pic18-lt\cxx-framework\src\traditional\proc\p18f4520.asm
                  SSPCON2   0x000fc5       data     extern E:\c18v3.46\pic18-lt\cxx-framework\src\traditional\proc\p18f4520.asm
              SSPCON1bits   0x000fc6       data     extern E:\c18v3.46\pic18-lt\cxx-framework\src\traditional\proc\p18f4520.asm
                  SSPCON1   0x000fc6       data     extern E:\c18v3.46\pic18-lt\cxx-framework\src\traditional\proc\p18f4520.asm
              SSPSTATbits   0x000fc7       data     extern E:\c18v3.46\pic18-lt\cxx-framework\src\traditional\proc\p18f4520.asm
                  SSPSTAT   0x000fc7       data     extern E:\c18v3.46\pic18-lt\cxx-framework\src\traditional\proc\p18f4520.asm
                   SSPADD   0x000fc8       data     extern E:\c18v3.46\pic18-lt\cxx-framework\src\traditional\proc\p18f4520.asm
                   SSPBUF   0x000fc9       data     extern E:\c18v3.46\pic18-lt\cxx-framework\src\traditional\proc\p18f4520.asm
                    T2CON   0x000fca       data     extern E:\c18v3.46\pic18-lt\cxx-framework\src\traditional\proc\p18f4520.asm
                T2CONbits   0x000fca       data     extern E:\c18v3.46\pic18-lt\cxx-framework\src\traditional\proc\p18f4520.asm
                      PR2   0x000fcb       data     extern E:\c18v3.46\pic18-lt\cxx-framework\src\traditional\proc\p18f4520.asm
                     TMR2   0x000fcc       data     extern E:\c18v3.46\pic18-lt\cxx-framework\src\traditional\proc\p18f4520.asm
                    T1CON   0x000fcd       data     extern E:\c18v3.46\pic18-lt\cxx-framework\src\traditional\proc\p18f4520.asm
                T1CONbits   0x000fcd       data     extern E:\c18v3.46\pic18-lt\cxx-framework\src\traditional\proc\p18f4520.asm
                    TMR1L   0x000fce       data     extern E:\c18v3.46\pic18-lt\cxx-framework\src\traditional\proc\p18f4520.asm
                    TMR1H   0x000fcf       data     extern E:\c18v3.46\pic18-lt\cxx-framework\src\traditional\proc\p18f4520.asm
                 RCONbits   0x000fd0       data     extern E:\c18v3.46\pic18-lt\cxx-framework\src\traditional\proc\p18f4520.asm
                     RCON   0x000fd0       data     extern E:\c18v3.46\pic18-lt\cxx-framework\src\traditional\proc\p18f4520.asm
                   WDTCON   0x000fd1       data     extern E:\c18v3.46\pic18-lt\cxx-framework\src\traditional\proc\p18f4520.asm
               WDTCONbits   0x000fd1       data     extern E:\c18v3.46\pic18-lt\cxx-framework\src\traditional\proc\p18f4520.asm
                  HLVDCON   0x000fd2       data     extern E:\c18v3.46\pic18-lt\cxx-framework\src\traditional\proc\p18f4520.asm
               LVDCONbits   0x000fd2       data     extern E:\c18v3.46\pic18-lt\cxx-framework\src\traditional\proc\p18f4520.asm
                   LVDCON   0x000fd2       data     extern E:\c18v3.46\pic18-lt\cxx-framework\src\traditional\proc\p18f4520.asm
              HLVDCONbits   0x000fd2       data     extern E:\c18v3.46\pic18-lt\cxx-framework\src\traditional\proc\p18f4520.asm
                   OSCCON   0x000fd3       data     extern E:\c18v3.46\pic18-lt\cxx-framework\src\traditional\proc\p18f4520.asm
               OSCCONbits   0x000fd3       data     extern E:\c18v3.46\pic18-lt\cxx-framework\src\traditional\proc\p18f4520.asm
                T0CONbits   0x000fd5       data     extern E:\c18v3.46\pic18-lt\cxx-framework\src\traditional\proc\p18f4520.asm
                    T0CON   0x000fd5       data     extern E:\c18v3.46\pic18-lt\cxx-framework\src\traditional\proc\p18f4520.asm
                    TMR0L   0x000fd6       data     extern E:\c18v3.46\pic18-lt\cxx-framework\src\traditional\proc\p18f4520.asm
                    TMR0H   0x000fd7       data     extern E:\c18v3.46\pic18-lt\cxx-framework\src\traditional\proc\p18f4520.asm
               STATUSbits   0x000fd8       data     extern E:\c18v3.46\pic18-lt\cxx-framework\src\traditional\proc\p18f4520.asm
                   STATUS   0x000fd8       data     extern E:\c18v3.46\pic18-lt\cxx-framework\src\traditional\proc\p18f4520.asm
                    FSR2L   0x000fd9       data     extern E:\c18v3.46\pic18-lt\cxx-framework\src\traditional\proc\p18f4520.asm
                     FSR2   0x000fd9       data     extern E:\c18v3.46\pic18-lt\cxx-framework\src\traditional\proc\p18f4520.asm
                    FSR2H   0x000fda       data     extern E:\c18v3.46\pic18-lt\cxx-framework\src\traditional\proc\p18f4520.asm
                   PLUSW2   0x000fdb       data     extern E:\c18v3.46\pic18-lt\cxx-framework\src\traditional\proc\p18f4520.asm
                  PREINC2   0x000fdc       data     extern E:\c18v3.46\pic18-lt\cxx-framework\src\traditional\proc\p18f4520.asm
                 POSTDEC2   0x000fdd       data     extern E:\c18v3.46\pic18-lt\cxx-framework\src\traditional\proc\p18f4520.asm
                 POSTINC2   0x000fde       data     extern E:\c18v3.46\pic18-lt\cxx-framework\src\traditional\proc\p18f4520.asm
                    INDF2   0x000fdf       data     extern E:\c18v3.46\pic18-lt\cxx-framework\src\traditional\proc\p18f4520.asm
                      BSR   0x000fe0       data     extern E:\c18v3.46\pic18-lt\cxx-framework\src\traditional\proc\p18f4520.asm
                    FSR1L   0x000fe1       data     extern E:\c18v3.46\pic18-lt\cxx-framework\src\traditional\proc\p18f4520.asm
                     FSR1   0x000fe1       data     extern E:\c18v3.46\pic18-lt\cxx-framework\src\traditional\proc\p18f4520.asm
                    FSR1H   0x000fe2       data     extern E:\c18v3.46\pic18-lt\cxx-framework\src\traditional\proc\p18f4520.asm
                   PLUSW1   0x000fe3       data     extern E:\c18v3.46\pic18-lt\cxx-framework\src\traditional\proc\p18f4520.asm
                  PREINC1   0x000fe4       data     extern E:\c18v3.46\pic18-lt\cxx-framework\src\traditional\proc\p18f4520.asm
                 POSTDEC1   0x000fe5       data     extern E:\c18v3.46\pic18-lt\cxx-framework\src\traditional\proc\p18f4520.asm
                 POSTINC1   0x000fe6       data     extern E:\c18v3.46\pic18-lt\cxx-framework\src\traditional\proc\p18f4520.asm
                    INDF1   0x000fe7       data     extern E:\c18v3.46\pic18-lt\cxx-framework\src\traditional\proc\p18f4520.asm
                     WREG   0x000fe8       data     extern E:\c18v3.46\pic18-lt\cxx-framework\src\traditional\proc\p18f4520.asm
                        W   0x000fe8       data     extern E:\c18v3.46\pic18-lt\cxx-framework\src\traditional\proc\p18f4520.asm
                    FSR0L   0x000fe9       data     extern E:\c18v3.46\pic18-lt\cxx-framework\src\traditional\proc\p18f4520.asm
                     FSR0   0x000fe9       data     extern E:\c18v3.46\pic18-lt\cxx-framework\src\traditional\proc\p18f4520.asm
                    FSR0H   0x000fea       data     extern E:\c18v3.46\pic18-lt\cxx-framework\src\traditional\proc\p18f4520.asm
                   PLUSW0   0x000feb       data     extern E:\c18v3.46\pic18-lt\cxx-framework\src\traditional\proc\p18f4520.asm
                  PREINC0   0x000fec       data     extern E:\c18v3.46\pic18-lt\cxx-framework\src\traditional\proc\p18f4520.asm
                 POSTDEC0   0x000fed       data     extern E:\c18v3.46\pic18-lt\cxx-framework\src\traditional\proc\p18f4520.asm
                 POSTINC0   0x000fee       data     extern E:\c18v3.46\pic18-lt\cxx-framework\src\traditional\proc\p18f4520.asm
                    INDF0   0x000fef       data     extern E:\c18v3.46\pic18-lt\cxx-framework\src\traditional\proc\p18f4520.asm
                  INTCON3   0x000ff0       data     extern E:\c18v3.46\pic18-lt\cxx-framework\src\traditional\proc\p18f4520.asm
              INTCON3bits   0x000ff0       data     extern E:\c18v3.46\pic18-lt\cxx-framework\src\traditional\proc\p18f4520.asm
              INTCON2bits   0x000ff1       data     extern E:\c18v3.46\pic18-lt\cxx-framework\src\traditional\proc\p18f4520.asm
                  INTCON2   0x000ff1       data     extern E:\c18v3.46\pic18-lt\cxx-framework\src\traditional\proc\p18f4520.asm
               INTCONbits   0x000ff2       data     extern E:\c18v3.46\pic18-lt\cxx-framework\src\traditional\proc\p18f4520.asm
                   INTCON   0x000ff2       data     extern E:\c18v3.46\pic18-lt\cxx-framework\src\traditional\proc\p18f4520.asm
                    PRODL   0x000ff3       data     extern E:\c18v3.46\pic18-lt\cxx-framework\src\traditional\proc\p18f4520.asm
                     PROD   0x000ff3       data     extern E:\c18v3.46\pic18-lt\cxx-framework\src\traditional\proc\p18f4520.asm
                    PRODH   0x000ff4       data     extern E:\c18v3.46\pic18-lt\cxx-framework\src\traditional\proc\p18f4520.asm
                   TABLAT   0x000ff5       data     extern E:\c18v3.46\pic18-lt\cxx-framework\src\traditional\proc\p18f4520.asm
                  TBLPTRL   0x000ff6       data     extern E:\c18v3.46\pic18-lt\cxx-framework\src\traditional\proc\p18f4520.asm
                   TBLPTR   0x000ff6       data     extern E:\c18v3.46\pic18-lt\cxx-framework\src\traditional\proc\p18f4520.asm
                  TBLPTRH   0x000ff7       data     extern E:\c18v3.46\pic18-lt\cxx-framework\src\traditional\proc\p18f4520.asm
                  TBLPTRU   0x000ff8       data     extern E:\c18v3.46\pic18-lt\cxx-framework\src\traditional\proc\p18f4520.asm
                      PCL   0x000ff9       data     extern E:\c18v3.46\pic18-lt\cxx-framework\src\traditional\proc\p18f4520.asm
                       PC   0x000ff9       data     extern E:\c18v3.46\pic18-lt\cxx-framework\src\traditional\proc\p18f4520.asm
                   PCLATH   0x000ffa       data     extern E:\c18v3.46\pic18-lt\cxx-framework\src\traditional\proc\p18f4520.asm
                   PCLATU   0x000ffb       data     extern E:\c18v3.46\pic18-lt\cxx-framework\src\traditional\proc\p18f4520.asm
                   STKPTR   0x000ffc       data     extern E:\c18v3.46\pic18-lt\cxx-framework\src\traditional\proc\p18f4520.asm
               STKPTRbits   0x000ffc       data     extern E:\c18v3.46\pic18-lt\cxx-framework\src\traditional\proc\p18f4520.asm
                     TOSL   0x000ffd       data     extern E:\c18v3.46\pic18-lt\cxx-framework\src\traditional\proc\p18f4520.asm
                      TOS   0x000ffd       data     extern E:\c18v3.46\pic18-lt\cxx-framework\src\traditional\proc\p18f4520.asm
                     TOSH   0x000ffe       data     extern E:\c18v3.46\pic18-lt\cxx-framework\src\traditional\proc\p18f4520.asm
                     TOSU   0x000fff       data     extern E:\c18v3.46\pic18-lt\cxx-framework\src\traditional\proc\p18f4520.asm


