MPLINK 4.48, Linker
Linker Map File - Created Fri Mar 06 18:52:09 2015

                                 Section Info
                  Section       Type    Address   Location Size(Bytes)
                ---------  ---------  ---------  ---------  ---------
               _entry_scn       code   0x000000    program   0x000006
              high_vector       code   0x000008    program   0x000010
                   .cinit    romdata   0x00002a    program   0x000092
              .code_app.o       code   0x0000bc    program   0x0025b6
               .code_UI.o       code   0x002672    program   0x001048
              .code_lcd.o       code   0x0036ba    program   0x000454
    .code_communication.o       code   0x003b0e    program   0x00044e
      .code_uart_driver.o       code   0x003f5c    program   0x00034e
            .code_timer.o       code   0x0042aa    program   0x00029a
    .code_keypad_driver.o       code   0x004544    program   0x000210
                   STRING       code   0x004754    program   0x000104
             .stringtable    romdata   0x004858    program   0x0000a9
       .romdata_write_B.o    romdata   0x004901    program   0x000000
 .romdata_keypad_driver.o    romdata   0x004901    program   0x000000
        .idata_read_B.o_i    romdata   0x004901    program   0x000000
        .idata_t1open.o_i    romdata   0x004901    program   0x000000
        .romdata_t0open.o    romdata   0x004901    program   0x000000
     .idata_heartBeat.o_i    romdata   0x004901    program   0x000001
         .idata_udefs.o_i    romdata   0x004901    program   0x000000
       .idata_write_B.o_i    romdata   0x004901    program   0x000000
         .romdata_udefs.o    romdata   0x004901    program   0x000000
      .romdata_fxd3232u.o    romdata   0x004901    program   0x000000
      .romdata_busy_eep.o    romdata   0x004901    program   0x000000
       .romdata_t1write.o    romdata   0x004901    program   0x000000
               _cinit_scn       code   0x004902    program   0x00009e
            .code_uopen.o       code   0x0049a0    program   0x00008a
             .code_main.o       code   0x004a2a    program   0x000080
          .code_write_B.o       code   0x004aaa    program   0x000066
         .code_fxd3232u.o       code   0x004b10    program   0x000048
            .romdata_UI.o    romdata   0x004b58    program   0x000044
           .code_read_B.o       code   0x004b9c    program   0x000044
           .code_t1open.o       code   0x004be0    program   0x000042
            .code_board.o       code   0x004c22    program   0x000042
            .code_uread.o       code   0x004c64    program   0x00003e
                     PROG       code   0x004ca2    program   0x00003c
          .code_t1write.o       code   0x004cde    program   0x000038
          .code_t0write.o       code   0x004d16    program   0x000038
           .code_t0open.o       code   0x004d4e    program   0x000038
              D1KTCYXCODE       code   0x004d86    program   0x000020
                    .code       code   0x004da6    program   0x000020
             _startup_scn       code   0x004dc6    program   0x00001c
         .code_fxd0808u.o       code   0x004de2    program   0x00001c
        .code_heartBeat.o       code   0x004dfe    program   0x00001a
           .romdata_lcd.o    romdata   0x004e18    program   0x000011
        .idata___init.o_i    romdata   0x004e29    program   0x000000
      .romdata_fxd0808u.o    romdata   0x004e29    program   0x000000
      .idata_fxd3232u.o_i    romdata   0x004e29    program   0x000000
       .idata_t0write.o_i    romdata   0x004e29    program   0x000000
        .romdata_read_B.o    romdata   0x004e29    program   0x000000
        .romdata_t1open.o    romdata   0x004e29    program   0x000000
         .romdata_uread.o    romdata   0x004e29    program   0x000000
         .idata_uread.o_i    romdata   0x004e29    program   0x000000
           .idata_lcd.o_i    romdata   0x004e29    program   0x000000
.romdata_interruptvector.o    romdata   0x004e29    program   0x000000
         .romdata_board.o    romdata   0x004e29    program   0x000000
         .idata_board.o_i    romdata   0x004e29    program   0x000000
   .idata_uart_driver.o_i    romdata   0x004e29    program   0x000000
   .romdata_uart_driver.o    romdata   0x004e29    program   0x000000
         .idata_c018i.o_i    romdata   0x004e29    program   0x000000
         .code_busy_eep.o       code   0x004e2a    program   0x000006
  .code_interruptvector.o       code   0x004e2a    program   0x000000
 .romdata_communication.o    romdata   0x004e30    program   0x000005
           .romdata_app.o    romdata   0x004e35    program   0x000002
           .idata_app.o_i    romdata   0x004e37    program   0x000000
       .idata_t1write.o_i    romdata   0x004e37    program   0x000000
        .romdata___init.o    romdata   0x004e37    program   0x000000
       .romdata_t0write.o    romdata   0x004e37    program   0x000000
     .romdata_heartBeat.o    romdata   0x004e37    program   0x000000
.idata_interruptvector.o_i    romdata   0x004e37    program   0x000000
         .romdata_c018i.o    romdata   0x004e37    program   0x000000
         .romdata_uopen.o    romdata   0x004e37    program   0x000000
         .idata_uopen.o_i    romdata   0x004e37    program   0x000000
          .romdata_main.o    romdata   0x004e37    program   0x000000
      .idata_busy_eep.o_i    romdata   0x004e37    program   0x000000
      .idata_fxd0808u.o_i    romdata   0x004e37    program   0x000000
        .idata_t0open.o_i    romdata   0x004e37    program   0x000000
         .romdata_timer.o    romdata   0x004e37    program   0x000000
           .code___init.o       code   0x004e38    program   0x000002
            .code_udefs.o       code   0x004e38    program   0x000000
            .code_c018i.o       code   0x004e38    program   0x000000
                ui_data_i    romdata   0x004e3a    program   0x00008a
               uartdata_i    romdata   0x004ec4    program   0x000042
                logdata_i    romdata   0x004f06    program   0x0000ff
                iasdata_i    romdata   0x005005    program   0x000071
               com_data_i    romdata   0x005076    program   0x000050
               LCD_DATA_i    romdata   0x0050c6    program   0x000022
         .idata_timer.o_i    romdata   0x0050e8    program   0x00001a
          .idata_main.o_i    romdata   0x005102    program   0x000009
 .idata_keypad_driver.o_i    romdata   0x00510b    program   0x000003
 .idata_communication.o_i    romdata   0x00510e    program   0x000002
            .idata_UI.o_i    romdata   0x005110    program   0x00001e
    .config_300001_main.o    romdata   0x300001    program   0x000001
    .config_300002_main.o    romdata   0x300002    program   0x000001
    .config_300003_main.o    romdata   0x300003    program   0x000001
    .config_300005_main.o    romdata   0x300005    program   0x000001
    .config_300006_main.o    romdata   0x300006    program   0x000001
    .config_300008_main.o    romdata   0x300008    program   0x000001
    .config_300009_main.o    romdata   0x300009    program   0x000001
    .config_30000a_main.o    romdata   0x30000a    program   0x000001
    .config_30000b_main.o    romdata   0x30000b    program   0x000001
    .config_30000c_main.o    romdata   0x30000c    program   0x000001
    .config_30000d_main.o    romdata   0x30000d    program   0x000001
                MATH_DATA      udata   0x000000       data   0x000014
                 .tmpdata      udata   0x000014       data   0x000004
                DELAYDAT1      udata   0x000018       data   0x000001
                   .stack      udata   0x000080       data   0x000080
                  iasdata      idata   0x000100       data   0x000071
                  logdata      idata   0x000171       data   0x0000ff
                  ui_data      idata   0x000400       data   0x00008a
                 LCD_DATA      idata   0x00048a       data   0x000022
              KEYPAD_DATA      udata   0x0004ac       data   0x000011
              .idata_UI.o      idata   0x0004bd       data   0x00001e
           .idata_timer.o      idata   0x0004db       data   0x00001a
           .udata_c018i.o      udata   0x0004f5       data   0x00000a
           .udata_udefs.o      udata   0x0004ff       data   0x000001
                 uartdata      idata   0x000500       data   0x000042
                 com_data      idata   0x000542       data   0x000050
            .idata_main.o      idata   0x000592       data   0x000009
   .idata_keypad_driver.o      idata   0x00059b       data   0x000003
   .idata_communication.o      idata   0x00059e       data   0x000002
   .udata_keypad_driver.o      udata   0x0005a0       data   0x000001
           .udata_board.o      udata   0x0005a1       data   0x000001
       .idata_heartBeat.o      idata   0x0005a2       data   0x000001
          .udata_t0open.o      udata   0x0005a3       data   0x000000
          .idata_t0open.o      idata   0x0005a3       data   0x000000
          .udata_t1open.o      udata   0x0005a3       data   0x000000
          .idata_t1open.o      idata   0x0005a3       data   0x000000
           .udata_uopen.o      udata   0x0005a3       data   0x000000
           .idata_uopen.o      idata   0x0005a3       data   0x000000
           .udata_uread.o      udata   0x0005a3       data   0x000000
           .idata_uread.o      idata   0x0005a3       data   0x000000
          .idata___init.o      idata   0x0005a3       data   0x000000
          .udata_read_B.o      udata   0x0005a3       data   0x000000
         .udata_write_B.o      udata   0x0005a3       data   0x000000
          .idata_read_B.o      idata   0x0005a3       data   0x000000
         .idata_t1write.o      idata   0x0005a3       data   0x000000
           .idata_udefs.o      idata   0x0005a3       data   0x000000
          .udata___init.o      udata   0x0005a3       data   0x000000
         .udata_t0write.o      udata   0x0005a3       data   0x000000
         .idata_t0write.o      idata   0x0005a3       data   0x000000
         .idata_write_B.o      idata   0x0005a3       data   0x000000
         .udata_t1write.o      udata   0x0005a3       data   0x000000
             .udata_app.o      udata   0x0005a3       data   0x000000
             .idata_app.o      idata   0x0005a3       data   0x000000
           .idata_board.o      idata   0x0005a3       data   0x000000
   .udata_communication.o      udata   0x0005a3       data   0x000000
       .udata_heartBeat.o      udata   0x0005a3       data   0x000000
 .udata_interruptvector.o      udata   0x0005a3       data   0x000000
 .idata_interruptvector.o      idata   0x0005a3       data   0x000000
             .udata_lcd.o      udata   0x0005a3       data   0x000000
             .idata_lcd.o      idata   0x0005a3       data   0x000000
            .udata_main.o      udata   0x0005a3       data   0x000000
     .udata_uart_driver.o      udata   0x0005a3       data   0x000000
     .idata_uart_driver.o      idata   0x0005a3       data   0x000000
              .udata_UI.o      udata   0x0005a3       data   0x000000
           .udata_timer.o      udata   0x0005a3       data   0x000000
        .udata_busy_eep.o      udata   0x0005a3       data   0x000000
        .idata_busy_eep.o      idata   0x0005a3       data   0x000000
           .idata_c018i.o      idata   0x0005a3       data   0x000000
        .udata_fxd0808u.o      udata   0x0005a3       data   0x000000
        .idata_fxd0808u.o      idata   0x0005a3       data   0x000000
        .udata_fxd3232u.o      udata   0x0005a3       data   0x000000
        .idata_fxd3232u.o      idata   0x0005a3       data   0x000000
            SFR_UNBANKED0      udata   0x000f80       data   0x000080



                              Program Memory Usage 
                               Start         End      
                           ---------   ---------      
                            0x000000    0x000005      
                            0x000008    0x000017      
                            0x00002a    0x004e28      
                            0x004e2a    0x004e36      
                            0x004e38    0x00512d      
                            0x300001    0x300003      
                            0x300005    0x300006      
                            0x300008    0x30000d      
            20771 out of 33048 program addresses used, program memory utilization is 62%



                              Symbols - Sorted by Name
                     Name    Address   Location    Storage File                     
                ---------  ---------  ---------  --------- ---------                
          APP_comCallBack   0x00254a    program     extern C:\Users\JO\Desktop\4520_TEMPLET\source\app.c
                 APP_init   0x0000bc    program     extern C:\Users\JO\Desktop\4520_TEMPLET\source\app.c
                 APP_task   0x00051e    program     extern C:\Users\JO\Desktop\4520_TEMPLET\source\app.c
                 BRD_init   0x004c22    program     extern C:\Users\JO\Desktop\4520_TEMPLET\source\board.c
                 Busy_eep   0x004e2a    program     extern E:\c18v3.46\pic18-lt\cxx-framework\src\pmc_common\EEP\busy_eep.c
                 COM_init   0x003b0e    program     extern C:\Users\JO\Desktop\4520_TEMPLET\source\communication.c
                COM_reset   0x003b92    program     extern C:\Users\JO\Desktop\4520_TEMPLET\source\communication.c
                 COM_task   0x003bce    program     extern C:\Users\JO\Desktop\4520_TEMPLET\source\communication.c
               COM_txData   0x003e12    program     extern C:\Users\JO\Desktop\4520_TEMPLET\source\communication.c
                COM_txStr   0x003ea6    program     extern C:\Users\JO\Desktop\4520_TEMPLET\source\communication.c
       ClearKeytpadBuffer   0x004660    program     extern C:\Users\JO\Desktop\4520_TEMPLET\source\keypad_driver.c
                    D1K_1   0x004d92    program     static E:\c18v3.46\pic18-lt\cxx-framework\src\traditional\delays\d1ktcyx.asm
                     D1Kx   0x004d90    program     static E:\c18v3.46\pic18-lt\cxx-framework\src\traditional\delays\d1ktcyx.asm
              Delay1KTCYx   0x004d86    program     extern E:\c18v3.46\pic18-lt\cxx-framework\src\traditional\delays\d1ktcyx.asm
         EnableInterrupts   0x000012    program     extern C:\Users\JO\Desktop\4520_TEMPLET\source\interruptvector.c
                 FXD0808U   0x004de2    program     extern E:\c18v3.46\pic18-lt\cxx-framework\src\traditional\math\fxd0808u.c
                 FXD3232U   0x004b10    program     extern E:\c18v3.46\pic18-lt\cxx-framework\src\traditional\math\fxd3232u.c
                 FXM1616U   0x004ca2    program     extern E:\c18v3.46\pic18-lt\cxx-framework\src\traditional\math\fxm1616u.asm
               GetAppTime   0x0044e4    program     extern C:\Users\JO\Desktop\4520_TEMPLET\source\timer.c
  GetDataFromKeypadBuffer   0x0045d2    program     extern C:\Users\JO\Desktop\4520_TEMPLET\source\keypad_driver.c
                  HB_init   0x004dfe    program     extern C:\Users\JO\Desktop\4520_TEMPLET\source\heartBeat.c
                  HB_task   0x004e04    program     extern C:\Users\JO\Desktop\4520_TEMPLET\source\heartBeat.c
    IAS_acknowledgeIssues   0x001f1a    program     extern C:\Users\JO\Desktop\4520_TEMPLET\source\app.c
        IAS_checkPassword   0x002364    program     extern C:\Users\JO\Desktop\4520_TEMPLET\source\app.c
          IAS_clearIssues   0x0023a0    program     extern C:\Users\JO\Desktop\4520_TEMPLET\source\app.c
 IAS_getAcknowledgedIssue   0x000f0a    program     extern C:\Users\JO\Desktop\4520_TEMPLET\source\app.c
         IAS_getOpenIssue   0x000704    program     extern C:\Users\JO\Desktop\4520_TEMPLET\source\app.c
                IAS_login   0x0003f8    program     extern C:\Users\JO\Desktop\4520_TEMPLET\source\app.c
               IAS_logout   0x000486    program     extern C:\Users\JO\Desktop\4520_TEMPLET\source\app.c
          IAS_raiseIssues   0x001902    program     extern C:\Users\JO\Desktop\4520_TEMPLET\source\app.c
        IAS_resolveIssues   0x0015ea    program     extern C:\Users\JO\Desktop\4520_TEMPLET\source\app.c
      IAS_updateIssueInfo   0x001eec    program     extern C:\Users\JO\Desktop\4520_TEMPLET\source\app.c
                  InitLcd   0x003816    program     extern C:\Users\JO\Desktop\4520_TEMPLET\source\lcd.c
         InitializeKeypad   0x004544    program     extern C:\Users\JO\Desktop\4520_TEMPLET\source\keypad_driver.c
                LCD_clear   0x00399a    program     extern C:\Users\JO\Desktop\4520_TEMPLET\source\lcd.c
                 LCD_init   0x003a3a    program     extern C:\Users\JO\Desktop\4520_TEMPLET\source\lcd.c
              LCD_putChar   0x0039a8    program     extern C:\Users\JO\Desktop\4520_TEMPLET\source\lcd.c
         LCD_setBackSpace   0x003984    program     extern C:\Users\JO\Desktop\4520_TEMPLET\source\lcd.c
         LCD_writeCommand   0x00377a    program     extern C:\Users\JO\Desktop\4520_TEMPLET\source\lcd.c
            LCD_writeData   0x0037c8    program     extern C:\Users\JO\Desktop\4520_TEMPLET\source\lcd.c
             LoginPressed   0x004650    program     extern C:\Users\JO\Desktop\4520_TEMPLET\source\keypad_driver.c
               OpenTimer0   0x004d4e    program     extern E:\c18v3.46\pic18-lt\cxx-framework\src\pmc_common\Timers\t0open.c
               OpenTimer1   0x004be0    program     extern E:\c18v3.46\pic18-lt\cxx-framework\src\pmc_common\Timers\t1open.c
                OpenUSART   0x0049a0    program     extern E:\c18v3.46\pic18-lt\cxx-framework\src\pmc_common\USART\uopen.c
                ReadUSART   0x004c64    program     extern E:\c18v3.46\pic18-lt\cxx-framework\src\pmc_common\USART\uread.c
               Read_b_eep   0x004b9c    program     extern E:\c18v3.46\pic18-lt\cxx-framework\src\pmc_common\EEP\read_B.c
             ResetAppTime   0x004534    program     extern C:\Users\JO\Desktop\4520_TEMPLET\source\timer.c
                 TMR0_ISR   0x0042aa    program     extern C:\Users\JO\Desktop\4520_TEMPLET\source\timer.c
                TMR0_init   0x004456    program     extern C:\Users\JO\Desktop\4520_TEMPLET\source\timer.c
                 TMR1_ISR   0x00439c    program     extern C:\Users\JO\Desktop\4520_TEMPLET\source\timer.c
                TMR1_init   0x00449c    program     extern C:\Users\JO\Desktop\4520_TEMPLET\source\timer.c
             UART_hasData   0x004220    program     extern C:\Users\JO\Desktop\4520_TEMPLET\source\uart_driver.c
                UART_init   0x00409e    program     extern C:\Users\JO\Desktop\4520_TEMPLET\source\uart_driver.c
                UART_read   0x00425a    program     extern C:\Users\JO\Desktop\4520_TEMPLET\source\uart_driver.c
            UART_transmit   0x00419e    program     extern C:\Users\JO\Desktop\4520_TEMPLET\source\uart_driver.c
               UART_write   0x004166    program     extern C:\Users\JO\Desktop\4520_TEMPLET\source\uart_driver.c
                  UI_init   0x002672    program     extern C:\Users\JO\Desktop\4520_TEMPLET\source\UI.c
              UI_setState   0x0033c6    program     extern C:\Users\JO\Desktop\4520_TEMPLET\source\UI.c
                  UI_task   0x002696    program     extern C:\Users\JO\Desktop\4520_TEMPLET\source\UI.c
       UartReceiveHandler   0x003f5c    program     extern C:\Users\JO\Desktop\4520_TEMPLET\source\uart_driver.c
      UartTransmitHandler   0x004026    program     extern C:\Users\JO\Desktop\4520_TEMPLET\source\uart_driver.c
         UpdateKeypadTask   0x00454c    program     extern C:\Users\JO\Desktop\4520_TEMPLET\source\keypad_driver.c
        ViewIssuesPressed   0x004658    program     extern C:\Users\JO\Desktop\4520_TEMPLET\source\keypad_driver.c
              WriteTimer0   0x004d16    program     extern E:\c18v3.46\pic18-lt\cxx-framework\src\pmc_common\Timers\t0write.c
              WriteTimer1   0x004cde    program     extern E:\c18v3.46\pic18-lt\cxx-framework\src\pmc_common\Timers\t1write.c
              Write_b_eep   0x004aaa    program     extern E:\c18v3.46\pic18-lt\cxx-framework\src\pmc_common\EEP\write_B.c
              _2jContinue   0x004774    program     static E:\c18v3.46\pic18-lt\cxx-framework\src\traditional\stdclib\memset.asm
                   _3jEnd   0x00477e    program     static E:\c18v3.46\pic18-lt\cxx-framework\src\traditional\stdclib\memset.asm
        _D1KTCYXCODE_0010   0x004d96    program     static E:\c18v3.46\pic18-lt\cxx-framework\src\traditional\delays\d1ktcyx.asm
        _D1KTCYXCODE_0016   0x004d9c    program     static E:\c18v3.46\pic18-lt\cxx-framework\src\traditional\delays\d1ktcyx.asm
       ___case_1_lbl00066   0x001630    program     static                          
       ___case_1_lbl00115   0x001ba0    program     static                          
       ___case_3_lbl00072   0x00174a    program     static                          
       ___case_3_lbl00128   0x001cc2    program     static                          
      ___default_lbl00083   0x0018bc    program     static                          
      ___default_lbl00129   0x001e30    program     static                          
         ___else_lbl00011   0x000290    program     static                          
         ___else_lbl00013   0x00027c    program     static                          
         ___else_lbl00077   0x001868    program     static                          
         ___else_lbl00079   0x0018a2    program     static                          
         ___else_lbl00081   0x001886    program     static                          
         ___else_lbl00100   0x001b02    program     static                          
         ___else_lbl00122   0x001dda    program     static                          
         ___else_lbl00124   0x001e12    program     static                          
         ___else_lbl00126   0x001df6    program     static                          
         ___else_lbl00177   0x002524    program     static                          
          ___for_lbl00001   0x00025e    program     static                          
          ___for_lbl00002   0x000268    program     static                          
          ___for_lbl00003   0x0001b4    program     static                          
          ___for_lbl00004   0x0001ba    program     static                          
          ___for_lbl00005   0x000140    program     static                          
          ___for_lbl00009   0x0000f8    program     static                          
          ___for_lbl00032   0x0006d8    program     static                          
          ___for_lbl00033   0x0006dc    program     static                          
          ___for_lbl00035   0x00058c    program     static                          
          ___for_lbl00038   0x003e72    program     static                          
          ___for_lbl00039   0x003e78    program     static                          
          ___for_lbl00040   0x003e48    program     static                          
          ___for_lbl00067   0x001720    program     static                          
          ___for_lbl00068   0x001726    program     static                          
          ___for_lbl00069   0x0016cc    program     static                          
          ___for_lbl00073   0x00183a    program     static                          
          ___for_lbl00074   0x001840    program     static                          
          ___for_lbl00075   0x0017e6    program     static                          
          ___for_lbl00084   0x0018ea    program     static                          
          ___for_lbl00085   0x0018ee    program     static                          
          ___for_lbl00087   0x0018c0    program     static                          
          ___for_lbl00089   0x001980    program     static                          
          ___for_lbl00090   0x001984    program     static                          
          ___for_lbl00093   0x001910    program     static                          
          ___for_lbl00094   0x001b2e    program     static                          
          ___for_lbl00095   0x001b32    program     static                          
          ___for_lbl00096   0x001ada    program     static                          
          ___for_lbl00097   0x001ae0    program     static                          
          ___for_lbl00098   0x001a88    program     static                          
          ___for_lbl00102   0x001986    program     static                          
          ___for_lbl00107   0x001cbc    program     static                          
          ___for_lbl00108   0x001cc0    program     static                          
          ___for_lbl00109   0x001c96    program     static                          
          ___for_lbl00110   0x001c9c    program     static                          
          ___for_lbl00111   0x001c42    program     static                          
          ___for_lbl00114   0x001ba2    program     static                          
          ___for_lbl00116   0x001e2a    program     static                          
          ___for_lbl00117   0x001e2e    program     static                          
          ___for_lbl00118   0x001dae    program     static                          
          ___for_lbl00119   0x001db4    program     static                          
          ___for_lbl00120   0x001d5a    program     static                          
          ___for_lbl00127   0x001cc4    program     static                          
          ___for_lbl00137   0x001fc6    program     static                          
          ___for_lbl00138   0x001fca    program     static                          
          ___for_lbl00140   0x001f46    program     static                          
          ___for_lbl00156   0x0022a4    program     static                          
          ___for_lbl00157   0x0022a8    program     static                          
          ___for_lbl00160   0x0021ec    program     static                          
          ___for_lbl00170   0x0024c4    program     static                          
          ___for_lbl00171   0x0024ce    program     static                          
          ___for_lbl00172   0x0023dc    program     static                          
          ___for_lbl00173   0x0024fe    program     static                          
          ___for_lbl00174   0x002508    program     static                          
          ___for_lbl00175   0x0024d2    program     static                          
           ___if_lbl00001   0x000010    program     static                          
           ___if_lbl00003   0x00372a    program     static                          
           ___if_lbl00006   0x0001ee    program     static                          
           ___if_lbl00007   0x000224    program     static                          
           ___if_lbl00008   0x00025e    program     static                          
           ___if_lbl00010   0x00029a    program     static                          
           ___if_lbl00012   0x00029a    program     static                          
           ___if_lbl00014   0x0002aa    program     static                          
           ___if_lbl00034   0x0006d8    program     static                          
           ___if_lbl00036   0x0006f0    program     static                          
           ___if_lbl00037   0x0006f0    program     static                          
           ___if_lbl00038   0x0006f0    program     static                          
           ___if_lbl00070   0x001746    program     static                          
           ___if_lbl00071   0x001748    program     static                          
           ___if_lbl00076   0x001884    program     static                          
           ___if_lbl00078   0x0018b8    program     static                          
           ___if_lbl00080   0x0018b8    program     static                          
           ___if_lbl00082   0x0018ba    program     static                          
           ___if_lbl00086   0x0018ea    program     static                          
           ___if_lbl00091   0x001980    program     static                          
           ___if_lbl00092   0x001980    program     static                          
           ___if_lbl00099   0x001b1a    program     static                          
           ___if_lbl00101   0x001b2e    program     static                          
           ___if_lbl00103   0x001b3e    program     static                          
           ___if_lbl00105   0x001b90    program     static                          
           ___if_lbl00112   0x001cba    program     static                          
           ___if_lbl00113   0x001cbc    program     static                          
           ___if_lbl00121   0x001df4    program     static                          
           ___if_lbl00123   0x001e28    program     static                          
           ___if_lbl00125   0x001e28    program     static                          
           ___if_lbl00139   0x001f8a    program     static                          
           ___if_lbl00158   0x0022a4    program     static                          
           ___if_lbl00159   0x0022a4    program     static                          
           ___if_lbl00176   0x002536    program     static                          
       ___return_lbl00000   0x00031a    program     static                          
       ___return_lbl00000   0x004bd4    program     static                          
       ___return_lbl00000   0x000004    program     static                          
       ___return_lbl00000   0x004b56    program     static                          
       ___return_lbl00000   0x004dfc    program     static                          
       ___return_lbl00000   0x000010    program     static                          
       ___return_lbl00000   0x003732    program     static                          
       ___return_lbl00001   0x004de0    program     static                          
       ___return_lbl00002   0x00499e    program     static                          
       ___return_lbl00004   0x003772    program     static                          
       ___return_lbl00005   0x0037c0    program     static                          
       ___return_lbl00006   0x00380e    program     static                          
       ___return_lbl00031   0x0006f0    program     static                          
       ___return_lbl00037   0x003e92    program     static                          
       ___return_lbl00064   0x0018ee    program     static                          
       ___return_lbl00088   0x001b3e    program     static                          
       ___return_lbl00104   0x001e32    program     static                          
       ___return_lbl00136   0x001fcc    program     static                          
       ___return_lbl00155   0x0022ae    program     static                          
       ___return_lbl00169   0x002536    program     static                          
   ___switchexit_lbl00065   0x0018be    program     static                          
   ___switchexit_lbl00106   0x001e32    program     static                          
        ___while_lbl00001   0x0036de    program     static                          
        ___while_lbl00002   0x00372c    program     static                          
               __config_0   0x300001    program     static C:\Users\JO\Desktop\4520_TEMPLET\source\main.c
               __config_1   0x300002    program     static C:\Users\JO\Desktop\4520_TEMPLET\source\main.c
              __config_10   0x30000d    program     static C:\Users\JO\Desktop\4520_TEMPLET\source\main.c
               __config_2   0x300003    program     static C:\Users\JO\Desktop\4520_TEMPLET\source\main.c
               __config_3   0x300005    program     static C:\Users\JO\Desktop\4520_TEMPLET\source\main.c
               __config_4   0x300006    program     static C:\Users\JO\Desktop\4520_TEMPLET\source\main.c
               __config_5   0x300008    program     static C:\Users\JO\Desktop\4520_TEMPLET\source\main.c
               __config_6   0x300009    program     static C:\Users\JO\Desktop\4520_TEMPLET\source\main.c
               __config_7   0x30000a    program     static C:\Users\JO\Desktop\4520_TEMPLET\source\main.c
               __config_8   0x30000b    program     static C:\Users\JO\Desktop\4520_TEMPLET\source\main.c
               __config_9   0x30000c    program     static C:\Users\JO\Desktop\4520_TEMPLET\source\main.c
                   __init   0x004e38    program     extern E:\c18v3.46\pic18-lt\cxx-framework\src\traditional\stdclib\__init.c
               __string_0   0x0048e0    program     static C:\Users\JO\Desktop\4520_TEMPLET\source\UI.c
               __string_1   0x0048dc    program     static C:\Users\JO\Desktop\4520_TEMPLET\source\UI.c
              __string_10   0x004886    program     static C:\Users\JO\Desktop\4520_TEMPLET\source\UI.c
              __string_11   0x004879    program     static C:\Users\JO\Desktop\4520_TEMPLET\source\UI.c
              __string_12   0x00486f    program     static C:\Users\JO\Desktop\4520_TEMPLET\source\UI.c
              __string_13   0x00485f    program     static C:\Users\JO\Desktop\4520_TEMPLET\source\UI.c
              __string_14   0x004858    program     static C:\Users\JO\Desktop\4520_TEMPLET\source\UI.c
               __string_2   0x0048d3    program     static C:\Users\JO\Desktop\4520_TEMPLET\source\UI.c
               __string_3   0x0048c9    program     static C:\Users\JO\Desktop\4520_TEMPLET\source\UI.c
               __string_4   0x0048c2    program     static C:\Users\JO\Desktop\4520_TEMPLET\source\UI.c
               __string_5   0x0048b8    program     static C:\Users\JO\Desktop\4520_TEMPLET\source\UI.c
               __string_6   0x0048b0    program     static C:\Users\JO\Desktop\4520_TEMPLET\source\UI.c
               __string_7   0x0048a2    program     static C:\Users\JO\Desktop\4520_TEMPLET\source\UI.c
               __string_8   0x004899    program     static C:\Users\JO\Desktop\4520_TEMPLET\source\UI.c
               __string_9   0x00488d    program     static C:\Users\JO\Desktop\4520_TEMPLET\source\UI.c
               __tmplbl_0   0x000576    program     static                          
              __tmplbl_39   0x002ff2    program     static                          
              __tmplbl_40   0x002ff2    program     static                          
              __tmplbl_41   0x002fbe    program     static                          
               __tmplbl_5   0x00054e    program     static                          
              __tmplbl_51   0x002ff2    program     static                          
              __tmplbl_52   0x002ff2    program     static                          
            __zero_memory   0x004da6    program     extern E:\c18v3.46\pic18-lt\cxx-framework\src\traditional\proc\p18f4520.asm
                _do_cinit   0x004902    program     extern E:\c18v3.46\pic18-lt\cxx-framework\src\traditional\startup\c018i.c
                   _entry   0x000000    program     extern E:\c18v3.46\pic18-lt\cxx-framework\src\traditional\startup\c018i.c
                   _false   0x004b52    program     static                          
                 _startup   0x004dc6    program     extern E:\c18v3.46\pic18-lt\cxx-framework\src\traditional\startup\c018i.c
         acknowledgeIssue   0x0022c6    program     extern C:\Users\JO\Desktop\4520_TEMPLET\source\app.c
                    alert   0x004e30    program     extern C:\Users\JO\Desktop\4520_TEMPLET\source\communication.c
                  busyLcd   0x0036ba    program     static C:\Users\JO\Desktop\4520_TEMPLET\source\lcd.c
                 checksum   0x003ef8    program     extern C:\Users\JO\Desktop\4520_TEMPLET\source\communication.c
              clearScreen   0x004e18    program     static C:\Users\JO\Desktop\4520_TEMPLET\source\lcd.c
            clearUIBuffer   0x0034e6    program     extern C:\Users\JO\Desktop\4520_TEMPLET\source\UI.c
             clearUIInput   0x00350c    program     extern C:\Users\JO\Desktop\4520_TEMPLET\source\UI.c
                compare_l   0x004dbc    program     static E:\c18v3.46\pic18-lt\cxx-framework\src\traditional\proc\p18f4520.asm
                copy_loop   0x004974    program     static                          
            copy_one_byte   0x00497a    program     static                          
               dataPortIn   0x003aee    program     extern C:\Users\JO\Desktop\4520_TEMPLET\source\lcd.c
              dataPortOut   0x003afe    program     extern C:\Users\JO\Desktop\4520_TEMPLET\source\lcd.c
                     done   0x00499e    program     static                          
             done_copying   0x004988    program     static                          
                  endloop   0x004df8    program     static                          
                  getData   0x003488    program     extern C:\Users\JO\Desktop\4520_TEMPLET\source\UI.c
               getStation   0x0033f4    program     extern C:\Users\JO\Desktop\4520_TEMPLET\source\UI.c
             getStatusLog   0x001e46    program     extern C:\Users\JO\Desktop\4520_TEMPLET\source\app.c
           high_interrupt   0x000008    program     extern C:\Users\JO\Desktop\4520_TEMPLET\source\interruptvector.c
            issueResolved   0x0020b6    program     extern C:\Users\JO\Desktop\4520_TEMPLET\source\app.c
                     jEnd   0x004786    program     static E:\c18v3.46\pic18-lt\cxx-framework\src\traditional\stdclib\memset.asm
                     jEnd   0x0047b2    program     static E:\c18v3.46\pic18-lt\cxx-framework\src\traditional\stdclib\strcmp.asm
                     jEnd   0x00483a    program     static E:\c18v3.46\pic18-lt\cxx-framework\src\traditional\stdclib\scpyp2r.asm
                     jEnd   0x004856    program     static E:\c18v3.46\pic18-lt\cxx-framework\src\traditional\stdclib\strlen.asm
                    jLoop   0x004768    program     static E:\c18v3.46\pic18-lt\cxx-framework\src\traditional\stdclib\memset.asm
                    jLoop   0x0047a8    program     static E:\c18v3.46\pic18-lt\cxx-framework\src\traditional\stdclib\strcmp.asm
                    jLoop   0x0047f0    program     static E:\c18v3.46\pic18-lt\cxx-framework\src\traditional\stdclib\strcpy.asm
                    jLoop   0x004830    program     static E:\c18v3.46\pic18-lt\cxx-framework\src\traditional\stdclib\scpyp2r.asm
                    jLoop   0x00484c    program     static E:\c18v3.46\pic18-lt\cxx-framework\src\traditional\stdclib\strlen.asm
                   keyMap   0x004b58    program     extern C:\Users\JO\Desktop\4520_TEMPLET\source\UI.c
                    login   0x00032e    program     extern C:\Users\JO\Desktop\4520_TEMPLET\source\app.c
                     loop   0x004dd6    program     static                          
                     loop   0x004b1e    program     static                          
                     loop   0x004dea    program     static                          
                   loop_h   0x004db4    program     static E:\c18v3.46\pic18-lt\cxx-framework\src\traditional\proc\p18f4520.asm
                   loop_l   0x004dbe    program     static E:\c18v3.46\pic18-lt\cxx-framework\src\traditional\proc\p18f4520.asm
                     main   0x004a2a    program     extern C:\Users\JO\Desktop\4520_TEMPLET\source\main.c
                   mapKey   0x003006    program     extern C:\Users\JO\Desktop\4520_TEMPLET\source\UI.c
                   memset   0x004754    program     extern E:\c18v3.46\pic18-lt\cxx-framework\src\traditional\stdclib\memset.asm
              parsePacket   0x003d7a    program     extern C:\Users\JO\Desktop\4520_TEMPLET\source\communication.c
                 putUImsg   0x003632    program     extern C:\Users\JO\Desktop\4520_TEMPLET\source\UI.c
    rawWriteCommand8ToLcd   0x00374a    program     static C:\Users\JO\Desktop\4520_TEMPLET\source\lcd.c
             resolveIssue   0x001b52    program     extern C:\Users\JO\Desktop\4520_TEMPLET\source\app.c
               scanKeypad   0x004668    program     static C:\Users\JO\Desktop\4520_TEMPLET\source\keypad_driver.c
                 setUImsg   0x00358a    program     extern C:\Users\JO\Desktop\4520_TEMPLET\source\UI.c
                showUImsg   0x00352e    program     extern C:\Users\JO\Desktop\4520_TEMPLET\source\UI.c
                   strcmp   0x004788    program     extern E:\c18v3.46\pic18-lt\cxx-framework\src\traditional\stdclib\strcmp.asm
                   strcpy   0x0047c8    program     extern E:\c18v3.46\pic18-lt\cxx-framework\src\traditional\stdclib\strcpy.asm
            strcpypgm2ram   0x00480a    program     extern E:\c18v3.46\pic18-lt\cxx-framework\src\traditional\stdclib\scpyp2r.asm
                   strlen   0x00483c    program     extern E:\c18v3.46\pic18-lt\cxx-framework\src\traditional\stdclib\strlen.asm
                     test   0x00491c    program     static                          
                  timeout   0x004e35    program     static C:\Users\JO\Desktop\4520_TEMPLET\source\app.c
         updateIndication   0x002076    program     static C:\Users\JO\Desktop\4520_TEMPLET\source\app.c
                updateLog   0x001fd6    program     static C:\Users\JO\Desktop\4520_TEMPLET\source\app.c
          update_timeouts   0x0021da    program     static C:\Users\JO\Desktop\4520_TEMPLET\source\app.c
               writetoLCD   0x003a4a    program     extern C:\Users\JO\Desktop\4520_TEMPLET\source\lcd.c
               zero_block   0x004db4    program     static E:\c18v3.46\pic18-lt\cxx-framework\src\traditional\proc\p18f4520.asm
                   ADCON0   0x000fc2       data     extern E:\c18v3.46\pic18-lt\cxx-framework\src\traditional\proc\p18f4520.asm
               ADCON0bits   0x000fc2       data     extern E:\c18v3.46\pic18-lt\cxx-framework\src\traditional\proc\p18f4520.asm
                   ADCON1   0x000fc1       data     extern E:\c18v3.46\pic18-lt\cxx-framework\src\traditional\proc\p18f4520.asm
               ADCON1bits   0x000fc1       data     extern E:\c18v3.46\pic18-lt\cxx-framework\src\traditional\proc\p18f4520.asm
                   ADCON2   0x000fc0       data     extern E:\c18v3.46\pic18-lt\cxx-framework\src\traditional\proc\p18f4520.asm
               ADCON2bits   0x000fc0       data     extern E:\c18v3.46\pic18-lt\cxx-framework\src\traditional\proc\p18f4520.asm
                    ADRES   0x000fc3       data     extern E:\c18v3.46\pic18-lt\cxx-framework\src\traditional\proc\p18f4520.asm
                   ADRESH   0x000fc4       data     extern E:\c18v3.46\pic18-lt\cxx-framework\src\traditional\proc\p18f4520.asm
                   ADRESL   0x000fc3       data     extern E:\c18v3.46\pic18-lt\cxx-framework\src\traditional\proc\p18f4520.asm
             AppTimestamp   0x0004ef       data     extern C:\Users\JO\Desktop\4520_TEMPLET\source\timer.c
                  BAUDCON   0x000fb8       data     extern E:\c18v3.46\pic18-lt\cxx-framework\src\traditional\proc\p18f4520.asm
              BAUDCONbits   0x000fb8       data     extern E:\c18v3.46\pic18-lt\cxx-framework\src\traditional\proc\p18f4520.asm
                  BAUDCTL   0x000fb8       data     extern E:\c18v3.46\pic18-lt\cxx-framework\src\traditional\proc\p18f4520.asm
              BAUDCTLbits   0x000fb8       data     extern E:\c18v3.46\pic18-lt\cxx-framework\src\traditional\proc\p18f4520.asm
                      BSR   0x000fe0       data     extern E:\c18v3.46\pic18-lt\cxx-framework\src\traditional\proc\p18f4520.asm
                  CCP1CON   0x000fbd       data     extern E:\c18v3.46\pic18-lt\cxx-framework\src\traditional\proc\p18f4520.asm
              CCP1CONbits   0x000fbd       data     extern E:\c18v3.46\pic18-lt\cxx-framework\src\traditional\proc\p18f4520.asm
                  CCP2CON   0x000fba       data     extern E:\c18v3.46\pic18-lt\cxx-framework\src\traditional\proc\p18f4520.asm
              CCP2CONbits   0x000fba       data     extern E:\c18v3.46\pic18-lt\cxx-framework\src\traditional\proc\p18f4520.asm
                    CCPR1   0x000fbe       data     extern E:\c18v3.46\pic18-lt\cxx-framework\src\traditional\proc\p18f4520.asm
                   CCPR1H   0x000fbf       data     extern E:\c18v3.46\pic18-lt\cxx-framework\src\traditional\proc\p18f4520.asm
                   CCPR1L   0x000fbe       data     extern E:\c18v3.46\pic18-lt\cxx-framework\src\traditional\proc\p18f4520.asm
                    CCPR2   0x000fbb       data     extern E:\c18v3.46\pic18-lt\cxx-framework\src\traditional\proc\p18f4520.asm
                   CCPR2H   0x000fbc       data     extern E:\c18v3.46\pic18-lt\cxx-framework\src\traditional\proc\p18f4520.asm
                   CCPR2L   0x000fbb       data     extern E:\c18v3.46\pic18-lt\cxx-framework\src\traditional\proc\p18f4520.asm
                    CMCON   0x000fb4       data     extern E:\c18v3.46\pic18-lt\cxx-framework\src\traditional\proc\p18f4520.asm
                CMCONbits   0x000fb4       data     extern E:\c18v3.46\pic18-lt\cxx-framework\src\traditional\proc\p18f4520.asm
                   CVRCON   0x000fb5       data     extern E:\c18v3.46\pic18-lt\cxx-framework\src\traditional\proc\p18f4520.asm
               CVRCONbits   0x000fb5       data     extern E:\c18v3.46\pic18-lt\cxx-framework\src\traditional\proc\p18f4520.asm
                     DDRA   0x000f92       data     extern E:\c18v3.46\pic18-lt\cxx-framework\src\traditional\proc\p18f4520.asm
                 DDRAbits   0x000f92       data     extern E:\c18v3.46\pic18-lt\cxx-framework\src\traditional\proc\p18f4520.asm
                     DDRB   0x000f93       data     extern E:\c18v3.46\pic18-lt\cxx-framework\src\traditional\proc\p18f4520.asm
                 DDRBbits   0x000f93       data     extern E:\c18v3.46\pic18-lt\cxx-framework\src\traditional\proc\p18f4520.asm
                     DDRC   0x000f94       data     extern E:\c18v3.46\pic18-lt\cxx-framework\src\traditional\proc\p18f4520.asm
                 DDRCbits   0x000f94       data     extern E:\c18v3.46\pic18-lt\cxx-framework\src\traditional\proc\p18f4520.asm
                     DDRD   0x000f95       data     extern E:\c18v3.46\pic18-lt\cxx-framework\src\traditional\proc\p18f4520.asm
                 DDRDbits   0x000f95       data     extern E:\c18v3.46\pic18-lt\cxx-framework\src\traditional\proc\p18f4520.asm
                     DDRE   0x000f96       data     extern E:\c18v3.46\pic18-lt\cxx-framework\src\traditional\proc\p18f4520.asm
                 DDREbits   0x000f96       data     extern E:\c18v3.46\pic18-lt\cxx-framework\src\traditional\proc\p18f4520.asm
            DelayCounter1   0x000018       data     extern E:\c18v3.46\pic18-lt\cxx-framework\src\traditional\delays\delayd1.asm
                  ECCP1AS   0x000fb6       data     extern E:\c18v3.46\pic18-lt\cxx-framework\src\traditional\proc\p18f4520.asm
              ECCP1ASbits   0x000fb6       data     extern E:\c18v3.46\pic18-lt\cxx-framework\src\traditional\proc\p18f4520.asm
                 ECCP1DEL   0x000fb7       data     extern E:\c18v3.46\pic18-lt\cxx-framework\src\traditional\proc\p18f4520.asm
             ECCP1DELbits   0x000fb7       data     extern E:\c18v3.46\pic18-lt\cxx-framework\src\traditional\proc\p18f4520.asm
                   ECCPAS   0x000fb6       data     extern E:\c18v3.46\pic18-lt\cxx-framework\src\traditional\proc\p18f4520.asm
               ECCPASbits   0x000fb6       data     extern E:\c18v3.46\pic18-lt\cxx-framework\src\traditional\proc\p18f4520.asm
                    EEADR   0x000fa9       data     extern E:\c18v3.46\pic18-lt\cxx-framework\src\traditional\proc\p18f4520.asm
                   EECON1   0x000fa6       data     extern E:\c18v3.46\pic18-lt\cxx-framework\src\traditional\proc\p18f4520.asm
               EECON1bits   0x000fa6       data     extern E:\c18v3.46\pic18-lt\cxx-framework\src\traditional\proc\p18f4520.asm
                   EECON2   0x000fa7       data     extern E:\c18v3.46\pic18-lt\cxx-framework\src\traditional\proc\p18f4520.asm
                   EEDATA   0x000fa8       data     extern E:\c18v3.46\pic18-lt\cxx-framework\src\traditional\proc\p18f4520.asm
                     FSR0   0x000fe9       data     extern E:\c18v3.46\pic18-lt\cxx-framework\src\traditional\proc\p18f4520.asm
                    FSR0H   0x000fea       data     extern E:\c18v3.46\pic18-lt\cxx-framework\src\traditional\proc\p18f4520.asm
                    FSR0L   0x000fe9       data     extern E:\c18v3.46\pic18-lt\cxx-framework\src\traditional\proc\p18f4520.asm
                     FSR1   0x000fe1       data     extern E:\c18v3.46\pic18-lt\cxx-framework\src\traditional\proc\p18f4520.asm
                    FSR1H   0x000fe2       data     extern E:\c18v3.46\pic18-lt\cxx-framework\src\traditional\proc\p18f4520.asm
                    FSR1L   0x000fe1       data     extern E:\c18v3.46\pic18-lt\cxx-framework\src\traditional\proc\p18f4520.asm
                     FSR2   0x000fd9       data     extern E:\c18v3.46\pic18-lt\cxx-framework\src\traditional\proc\p18f4520.asm
                    FSR2H   0x000fda       data     extern E:\c18v3.46\pic18-lt\cxx-framework\src\traditional\proc\p18f4520.asm
                    FSR2L   0x000fd9       data     extern E:\c18v3.46\pic18-lt\cxx-framework\src\traditional\proc\p18f4520.asm
                  HLVDCON   0x000fd2       data     extern E:\c18v3.46\pic18-lt\cxx-framework\src\traditional\proc\p18f4520.asm
              HLVDCONbits   0x000fd2       data     extern E:\c18v3.46\pic18-lt\cxx-framework\src\traditional\proc\p18f4520.asm
                    INDF0   0x000fef       data     extern E:\c18v3.46\pic18-lt\cxx-framework\src\traditional\proc\p18f4520.asm
                    INDF1   0x000fe7       data     extern E:\c18v3.46\pic18-lt\cxx-framework\src\traditional\proc\p18f4520.asm
                    INDF2   0x000fdf       data     extern E:\c18v3.46\pic18-lt\cxx-framework\src\traditional\proc\p18f4520.asm
                   INTCON   0x000ff2       data     extern E:\c18v3.46\pic18-lt\cxx-framework\src\traditional\proc\p18f4520.asm
                  INTCON2   0x000ff1       data     extern E:\c18v3.46\pic18-lt\cxx-framework\src\traditional\proc\p18f4520.asm
              INTCON2bits   0x000ff1       data     extern E:\c18v3.46\pic18-lt\cxx-framework\src\traditional\proc\p18f4520.asm
                  INTCON3   0x000ff0       data     extern E:\c18v3.46\pic18-lt\cxx-framework\src\traditional\proc\p18f4520.asm
              INTCON3bits   0x000ff0       data     extern E:\c18v3.46\pic18-lt\cxx-framework\src\traditional\proc\p18f4520.asm
               INTCONbits   0x000ff2       data     extern E:\c18v3.46\pic18-lt\cxx-framework\src\traditional\proc\p18f4520.asm
                     IPR1   0x000f9f       data     extern E:\c18v3.46\pic18-lt\cxx-framework\src\traditional\proc\p18f4520.asm
                 IPR1bits   0x000f9f       data     extern E:\c18v3.46\pic18-lt\cxx-framework\src\traditional\proc\p18f4520.asm
                     IPR2   0x000fa2       data     extern E:\c18v3.46\pic18-lt\cxx-framework\src\traditional\proc\p18f4520.asm
                 IPR2bits   0x000fa2       data     extern E:\c18v3.46\pic18-lt\cxx-framework\src\traditional\proc\p18f4520.asm
                     LATA   0x000f89       data     extern E:\c18v3.46\pic18-lt\cxx-framework\src\traditional\proc\p18f4520.asm
                 LATAbits   0x000f89       data     extern E:\c18v3.46\pic18-lt\cxx-framework\src\traditional\proc\p18f4520.asm
                     LATB   0x000f8a       data     extern E:\c18v3.46\pic18-lt\cxx-framework\src\traditional\proc\p18f4520.asm
                 LATBbits   0x000f8a       data     extern E:\c18v3.46\pic18-lt\cxx-framework\src\traditional\proc\p18f4520.asm
                     LATC   0x000f8b       data     extern E:\c18v3.46\pic18-lt\cxx-framework\src\traditional\proc\p18f4520.asm
                 LATCbits   0x000f8b       data     extern E:\c18v3.46\pic18-lt\cxx-framework\src\traditional\proc\p18f4520.asm
                     LATD   0x000f8c       data     extern E:\c18v3.46\pic18-lt\cxx-framework\src\traditional\proc\p18f4520.asm
                 LATDbits   0x000f8c       data     extern E:\c18v3.46\pic18-lt\cxx-framework\src\traditional\proc\p18f4520.asm
                     LATE   0x000f8d       data     extern E:\c18v3.46\pic18-lt\cxx-framework\src\traditional\proc\p18f4520.asm
                 LATEbits   0x000f8d       data     extern E:\c18v3.46\pic18-lt\cxx-framework\src\traditional\proc\p18f4520.asm
                   LVDCON   0x000fd2       data     extern E:\c18v3.46\pic18-lt\cxx-framework\src\traditional\proc\p18f4520.asm
               LVDCONbits   0x000fd2       data     extern E:\c18v3.46\pic18-lt\cxx-framework\src\traditional\proc\p18f4520.asm
                    Login   0x00059c       data     extern C:\Users\JO\Desktop\4520_TEMPLET\source\keypad_driver.c
                   OSCCON   0x000fd3       data     extern E:\c18v3.46\pic18-lt\cxx-framework\src\traditional\proc\p18f4520.asm
               OSCCONbits   0x000fd3       data     extern E:\c18v3.46\pic18-lt\cxx-framework\src\traditional\proc\p18f4520.asm
                  OSCTUNE   0x000f9b       data     extern E:\c18v3.46\pic18-lt\cxx-framework\src\traditional\proc\p18f4520.asm
              OSCTUNEbits   0x000f9b       data     extern E:\c18v3.46\pic18-lt\cxx-framework\src\traditional\proc\p18f4520.asm
                       PC   0x000ff9       data     extern E:\c18v3.46\pic18-lt\cxx-framework\src\traditional\proc\p18f4520.asm
                      PCL   0x000ff9       data     extern E:\c18v3.46\pic18-lt\cxx-framework\src\traditional\proc\p18f4520.asm
                   PCLATH   0x000ffa       data     extern E:\c18v3.46\pic18-lt\cxx-framework\src\traditional\proc\p18f4520.asm
                   PCLATU   0x000ffb       data     extern E:\c18v3.46\pic18-lt\cxx-framework\src\traditional\proc\p18f4520.asm
                     PIE1   0x000f9d       data     extern E:\c18v3.46\pic18-lt\cxx-framework\src\traditional\proc\p18f4520.asm
                 PIE1bits   0x000f9d       data     extern E:\c18v3.46\pic18-lt\cxx-framework\src\traditional\proc\p18f4520.asm
                     PIE2   0x000fa0       data     extern E:\c18v3.46\pic18-lt\cxx-framework\src\traditional\proc\p18f4520.asm
                 PIE2bits   0x000fa0       data     extern E:\c18v3.46\pic18-lt\cxx-framework\src\traditional\proc\p18f4520.asm
                     PIR1   0x000f9e       data     extern E:\c18v3.46\pic18-lt\cxx-framework\src\traditional\proc\p18f4520.asm
                 PIR1bits   0x000f9e       data     extern E:\c18v3.46\pic18-lt\cxx-framework\src\traditional\proc\p18f4520.asm
                     PIR2   0x000fa1       data     extern E:\c18v3.46\pic18-lt\cxx-framework\src\traditional\proc\p18f4520.asm
                 PIR2bits   0x000fa1       data     extern E:\c18v3.46\pic18-lt\cxx-framework\src\traditional\proc\p18f4520.asm
                   PLUSW0   0x000feb       data     extern E:\c18v3.46\pic18-lt\cxx-framework\src\traditional\proc\p18f4520.asm
                   PLUSW1   0x000fe3       data     extern E:\c18v3.46\pic18-lt\cxx-framework\src\traditional\proc\p18f4520.asm
                   PLUSW2   0x000fdb       data     extern E:\c18v3.46\pic18-lt\cxx-framework\src\traditional\proc\p18f4520.asm
                    PORTA   0x000f80       data     extern E:\c18v3.46\pic18-lt\cxx-framework\src\traditional\proc\p18f4520.asm
                PORTAbits   0x000f80       data     extern E:\c18v3.46\pic18-lt\cxx-framework\src\traditional\proc\p18f4520.asm
                    PORTB   0x000f81       data     extern E:\c18v3.46\pic18-lt\cxx-framework\src\traditional\proc\p18f4520.asm
                PORTBbits   0x000f81       data     extern E:\c18v3.46\pic18-lt\cxx-framework\src\traditional\proc\p18f4520.asm
                    PORTC   0x000f82       data     extern E:\c18v3.46\pic18-lt\cxx-framework\src\traditional\proc\p18f4520.asm
                PORTCbits   0x000f82       data     extern E:\c18v3.46\pic18-lt\cxx-framework\src\traditional\proc\p18f4520.asm
                    PORTD   0x000f83       data     extern E:\c18v3.46\pic18-lt\cxx-framework\src\traditional\proc\p18f4520.asm
                PORTDbits   0x000f83       data     extern E:\c18v3.46\pic18-lt\cxx-framework\src\traditional\proc\p18f4520.asm
                    PORTE   0x000f84       data     extern E:\c18v3.46\pic18-lt\cxx-framework\src\traditional\proc\p18f4520.asm
                PORTEbits   0x000f84       data     extern E:\c18v3.46\pic18-lt\cxx-framework\src\traditional\proc\p18f4520.asm
                 POSTDEC0   0x000fed       data     extern E:\c18v3.46\pic18-lt\cxx-framework\src\traditional\proc\p18f4520.asm
                 POSTDEC1   0x000fe5       data     extern E:\c18v3.46\pic18-lt\cxx-framework\src\traditional\proc\p18f4520.asm
                 POSTDEC2   0x000fdd       data     extern E:\c18v3.46\pic18-lt\cxx-framework\src\traditional\proc\p18f4520.asm
                 POSTINC0   0x000fee       data     extern E:\c18v3.46\pic18-lt\cxx-framework\src\traditional\proc\p18f4520.asm
                 POSTINC1   0x000fe6       data     extern E:\c18v3.46\pic18-lt\cxx-framework\src\traditional\proc\p18f4520.asm
                 POSTINC2   0x000fde       data     extern E:\c18v3.46\pic18-lt\cxx-framework\src\traditional\proc\p18f4520.asm
                      PR2   0x000fcb       data     extern E:\c18v3.46\pic18-lt\cxx-framework\src\traditional\proc\p18f4520.asm
                  PREINC0   0x000fec       data     extern E:\c18v3.46\pic18-lt\cxx-framework\src\traditional\proc\p18f4520.asm
                  PREINC1   0x000fe4       data     extern E:\c18v3.46\pic18-lt\cxx-framework\src\traditional\proc\p18f4520.asm
                  PREINC2   0x000fdc       data     extern E:\c18v3.46\pic18-lt\cxx-framework\src\traditional\proc\p18f4520.asm
                     PROD   0x000ff3       data     extern E:\c18v3.46\pic18-lt\cxx-framework\src\traditional\proc\p18f4520.asm
                    PRODH   0x000ff4       data     extern E:\c18v3.46\pic18-lt\cxx-framework\src\traditional\proc\p18f4520.asm
                    PRODL   0x000ff3       data     extern E:\c18v3.46\pic18-lt\cxx-framework\src\traditional\proc\p18f4520.asm
                  PWM1CON   0x000fb7       data     extern E:\c18v3.46\pic18-lt\cxx-framework\src\traditional\proc\p18f4520.asm
              PWM1CONbits   0x000fb7       data     extern E:\c18v3.46\pic18-lt\cxx-framework\src\traditional\proc\p18f4520.asm
                     RCON   0x000fd0       data     extern E:\c18v3.46\pic18-lt\cxx-framework\src\traditional\proc\p18f4520.asm
                 RCONbits   0x000fd0       data     extern E:\c18v3.46\pic18-lt\cxx-framework\src\traditional\proc\p18f4520.asm
                    RCREG   0x000fae       data     extern E:\c18v3.46\pic18-lt\cxx-framework\src\traditional\proc\p18f4520.asm
                    RCSTA   0x000fab       data     extern E:\c18v3.46\pic18-lt\cxx-framework\src\traditional\proc\p18f4520.asm
                RCSTAbits   0x000fab       data     extern E:\c18v3.46\pic18-lt\cxx-framework\src\traditional\proc\p18f4520.asm
                     SIGN   0x000000       data     extern E:\c18v3.46\pic18-lt\cxx-framework\src\traditional\math\cmath18.asm
                    SPBRG   0x000faf       data     extern E:\c18v3.46\pic18-lt\cxx-framework\src\traditional\proc\p18f4520.asm
                   SPBRGH   0x000fb0       data     extern E:\c18v3.46\pic18-lt\cxx-framework\src\traditional\proc\p18f4520.asm
                   SSPADD   0x000fc8       data     extern E:\c18v3.46\pic18-lt\cxx-framework\src\traditional\proc\p18f4520.asm
                   SSPBUF   0x000fc9       data     extern E:\c18v3.46\pic18-lt\cxx-framework\src\traditional\proc\p18f4520.asm
                  SSPCON1   0x000fc6       data     extern E:\c18v3.46\pic18-lt\cxx-framework\src\traditional\proc\p18f4520.asm
              SSPCON1bits   0x000fc6       data     extern E:\c18v3.46\pic18-lt\cxx-framework\src\traditional\proc\p18f4520.asm
                  SSPCON2   0x000fc5       data     extern E:\c18v3.46\pic18-lt\cxx-framework\src\traditional\proc\p18f4520.asm
              SSPCON2bits   0x000fc5       data     extern E:\c18v3.46\pic18-lt\cxx-framework\src\traditional\proc\p18f4520.asm
                  SSPSTAT   0x000fc7       data     extern E:\c18v3.46\pic18-lt\cxx-framework\src\traditional\proc\p18f4520.asm
              SSPSTATbits   0x000fc7       data     extern E:\c18v3.46\pic18-lt\cxx-framework\src\traditional\proc\p18f4520.asm
                   STATUS   0x000fd8       data     extern E:\c18v3.46\pic18-lt\cxx-framework\src\traditional\proc\p18f4520.asm
               STATUSbits   0x000fd8       data     extern E:\c18v3.46\pic18-lt\cxx-framework\src\traditional\proc\p18f4520.asm
                   STKPTR   0x000ffc       data     extern E:\c18v3.46\pic18-lt\cxx-framework\src\traditional\proc\p18f4520.asm
               STKPTRbits   0x000ffc       data     extern E:\c18v3.46\pic18-lt\cxx-framework\src\traditional\proc\p18f4520.asm
                    T0CON   0x000fd5       data     extern E:\c18v3.46\pic18-lt\cxx-framework\src\traditional\proc\p18f4520.asm
                T0CONbits   0x000fd5       data     extern E:\c18v3.46\pic18-lt\cxx-framework\src\traditional\proc\p18f4520.asm
                    T1CON   0x000fcd       data     extern E:\c18v3.46\pic18-lt\cxx-framework\src\traditional\proc\p18f4520.asm
                T1CONbits   0x000fcd       data     extern E:\c18v3.46\pic18-lt\cxx-framework\src\traditional\proc\p18f4520.asm
                    T2CON   0x000fca       data     extern E:\c18v3.46\pic18-lt\cxx-framework\src\traditional\proc\p18f4520.asm
                T2CONbits   0x000fca       data     extern E:\c18v3.46\pic18-lt\cxx-framework\src\traditional\proc\p18f4520.asm
                    T3CON   0x000fb1       data     extern E:\c18v3.46\pic18-lt\cxx-framework\src\traditional\proc\p18f4520.asm
                T3CONbits   0x000fb1       data     extern E:\c18v3.46\pic18-lt\cxx-framework\src\traditional\proc\p18f4520.asm
                   TABLAT   0x000ff5       data     extern E:\c18v3.46\pic18-lt\cxx-framework\src\traditional\proc\p18f4520.asm
                   TBLPTR   0x000ff6       data     extern E:\c18v3.46\pic18-lt\cxx-framework\src\traditional\proc\p18f4520.asm
                  TBLPTRH   0x000ff7       data     extern E:\c18v3.46\pic18-lt\cxx-framework\src\traditional\proc\p18f4520.asm
                  TBLPTRL   0x000ff6       data     extern E:\c18v3.46\pic18-lt\cxx-framework\src\traditional\proc\p18f4520.asm
                  TBLPTRU   0x000ff8       data     extern E:\c18v3.46\pic18-lt\cxx-framework\src\traditional\proc\p18f4520.asm
                    TMR0H   0x000fd7       data     extern E:\c18v3.46\pic18-lt\cxx-framework\src\traditional\proc\p18f4520.asm
                    TMR0L   0x000fd6       data     extern E:\c18v3.46\pic18-lt\cxx-framework\src\traditional\proc\p18f4520.asm
                    TMR1H   0x000fcf       data     extern E:\c18v3.46\pic18-lt\cxx-framework\src\traditional\proc\p18f4520.asm
                    TMR1L   0x000fce       data     extern E:\c18v3.46\pic18-lt\cxx-framework\src\traditional\proc\p18f4520.asm
                     TMR2   0x000fcc       data     extern E:\c18v3.46\pic18-lt\cxx-framework\src\traditional\proc\p18f4520.asm
                    TMR3H   0x000fb3       data     extern E:\c18v3.46\pic18-lt\cxx-framework\src\traditional\proc\p18f4520.asm
                    TMR3L   0x000fb2       data     extern E:\c18v3.46\pic18-lt\cxx-framework\src\traditional\proc\p18f4520.asm
                      TOS   0x000ffd       data     extern E:\c18v3.46\pic18-lt\cxx-framework\src\traditional\proc\p18f4520.asm
                     TOSH   0x000ffe       data     extern E:\c18v3.46\pic18-lt\cxx-framework\src\traditional\proc\p18f4520.asm
                     TOSL   0x000ffd       data     extern E:\c18v3.46\pic18-lt\cxx-framework\src\traditional\proc\p18f4520.asm
                     TOSU   0x000fff       data     extern E:\c18v3.46\pic18-lt\cxx-framework\src\traditional\proc\p18f4520.asm
                    TRISA   0x000f92       data     extern E:\c18v3.46\pic18-lt\cxx-framework\src\traditional\proc\p18f4520.asm
                TRISAbits   0x000f92       data     extern E:\c18v3.46\pic18-lt\cxx-framework\src\traditional\proc\p18f4520.asm
                    TRISB   0x000f93       data     extern E:\c18v3.46\pic18-lt\cxx-framework\src\traditional\proc\p18f4520.asm
                TRISBbits   0x000f93       data     extern E:\c18v3.46\pic18-lt\cxx-framework\src\traditional\proc\p18f4520.asm
                    TRISC   0x000f94       data     extern E:\c18v3.46\pic18-lt\cxx-framework\src\traditional\proc\p18f4520.asm
                TRISCbits   0x000f94       data     extern E:\c18v3.46\pic18-lt\cxx-framework\src\traditional\proc\p18f4520.asm
                    TRISD   0x000f95       data     extern E:\c18v3.46\pic18-lt\cxx-framework\src\traditional\proc\p18f4520.asm
                TRISDbits   0x000f95       data     extern E:\c18v3.46\pic18-lt\cxx-framework\src\traditional\proc\p18f4520.asm
                    TRISE   0x000f96       data     extern E:\c18v3.46\pic18-lt\cxx-framework\src\traditional\proc\p18f4520.asm
                TRISEbits   0x000f96       data     extern E:\c18v3.46\pic18-lt\cxx-framework\src\traditional\proc\p18f4520.asm
                    TXREG   0x000fad       data     extern E:\c18v3.46\pic18-lt\cxx-framework\src\traditional\proc\p18f4520.asm
                    TXSTA   0x000fac       data     extern E:\c18v3.46\pic18-lt\cxx-framework\src\traditional\proc\p18f4520.asm
                TXSTAbits   0x000fac       data     extern E:\c18v3.46\pic18-lt\cxx-framework\src\traditional\proc\p18f4520.asm
                   UI_MSG   0x0004bd       data     extern C:\Users\JO\Desktop\4520_TEMPLET\source\UI.c
             USART_Status   0x0004ff       data     extern E:\c18v3.46\pic18-lt\cxx-framework\src\pmc_common\USART\udefs.c
               ViewIssues   0x00059d       data     extern C:\Users\JO\Desktop\4520_TEMPLET\source\keypad_driver.c
                        W   0x000fe8       data     extern E:\c18v3.46\pic18-lt\cxx-framework\src\traditional\proc\p18f4520.asm
                   WDTCON   0x000fd1       data     extern E:\c18v3.46\pic18-lt\cxx-framework\src\traditional\proc\p18f4520.asm
               WDTCONbits   0x000fd1       data     extern E:\c18v3.46\pic18-lt\cxx-framework\src\traditional\proc\p18f4520.asm
                     WREG   0x000fe8       data     extern E:\c18v3.46\pic18-lt\cxx-framework\src\traditional\proc\p18f4520.asm
                 __AARGB0   0x000009       data     extern E:\c18v3.46\pic18-lt\cxx-framework\src\traditional\math\aarg.asm
                 __AARGB1   0x000008       data     extern E:\c18v3.46\pic18-lt\cxx-framework\src\traditional\math\aarg.asm
                 __AARGB2   0x000007       data     extern E:\c18v3.46\pic18-lt\cxx-framework\src\traditional\math\aarg.asm
                 __AARGB3   0x000006       data     extern E:\c18v3.46\pic18-lt\cxx-framework\src\traditional\math\aarg.asm
                 __AARGB4   0x000005       data     extern E:\c18v3.46\pic18-lt\cxx-framework\src\traditional\math\aarg.asm
                 __AARGB5   0x000004       data     extern E:\c18v3.46\pic18-lt\cxx-framework\src\traditional\math\aarg.asm
                 __AARGB6   0x000003       data     extern E:\c18v3.46\pic18-lt\cxx-framework\src\traditional\math\aarg.asm
                 __AARGB7   0x000002       data     extern E:\c18v3.46\pic18-lt\cxx-framework\src\traditional\math\aarg.asm
                   __AEXP   0x00000a       data     extern E:\c18v3.46\pic18-lt\cxx-framework\src\traditional\math\aarg.asm
                 __BARGB0   0x00000e       data     extern E:\c18v3.46\pic18-lt\cxx-framework\src\traditional\math\barg.asm
                 __BARGB1   0x00000d       data     extern E:\c18v3.46\pic18-lt\cxx-framework\src\traditional\math\barg.asm
                 __BARGB2   0x00000c       data     extern E:\c18v3.46\pic18-lt\cxx-framework\src\traditional\math\barg.asm
                 __BARGB3   0x00000b       data     extern E:\c18v3.46\pic18-lt\cxx-framework\src\traditional\math\barg.asm
                   __BEXP   0x00000f       data     extern E:\c18v3.46\pic18-lt\cxx-framework\src\traditional\math\barg.asm
                __FPFLAGS   0x000001       data     extern E:\c18v3.46\pic18-lt\cxx-framework\src\traditional\math\cmath18.asm
            __FPFLAGSbits   0x000001       data     extern E:\c18v3.46\pic18-lt\cxx-framework\src\traditional\math\cmath18.asm
                  __REMB0   0x000005       data     extern E:\c18v3.46\pic18-lt\cxx-framework\src\traditional\math\aarg.asm
                  __REMB1   0x000004       data     extern E:\c18v3.46\pic18-lt\cxx-framework\src\traditional\math\aarg.asm
                  __REMB2   0x000003       data     extern E:\c18v3.46\pic18-lt\cxx-framework\src\traditional\math\aarg.asm
                  __REMB3   0x000002       data     extern E:\c18v3.46\pic18-lt\cxx-framework\src\traditional\math\aarg.asm
                   __TEMP   0x000013       data     extern E:\c18v3.46\pic18-lt\cxx-framework\src\traditional\math\temparg.asm
                 __TEMPB0   0x000013       data     extern E:\c18v3.46\pic18-lt\cxx-framework\src\traditional\math\temparg.asm
                 __TEMPB1   0x000012       data     extern E:\c18v3.46\pic18-lt\cxx-framework\src\traditional\math\temparg.asm
                 __TEMPB2   0x000011       data     extern E:\c18v3.46\pic18-lt\cxx-framework\src\traditional\math\temparg.asm
                 __TEMPB3   0x000010       data     extern E:\c18v3.46\pic18-lt\cxx-framework\src\traditional\math\temparg.asm
                  __tmp_0   0x000014       data     static C:\Users\JO\Desktop\4520_TEMPLET\source\communication.c
                  __tmp_0   0x000014       data     static C:\Users\JO\Desktop\4520_TEMPLET\source\UI.c
                  __tmp_0   0x000014       data     static E:\c18v3.46\pic18-lt\cxx-framework\src\pmc_common\EEP\write_B.c
                  __tmp_0   0x000014       data     static C:\Users\JO\Desktop\4520_TEMPLET\source\lcd.c
                  __tmp_0   0x000014       data     static E:\c18v3.46\pic18-lt\cxx-framework\src\pmc_common\USART\uopen.c
                  __tmp_0   0x000014       data     static E:\c18v3.46\pic18-lt\cxx-framework\src\pmc_common\EEP\read_B.c
                  __tmp_0   0x000014       data     static C:\Users\JO\Desktop\4520_TEMPLET\source\uart_driver.c
                  __tmp_0   0x000014       data     static C:\Users\JO\Desktop\4520_TEMPLET\source\app.c
                 ackIssue   0x000469       data     extern C:\Users\JO\Desktop\4520_TEMPLET\source\UI.c
           appUpdateCount   0x0004e9       data     extern C:\Users\JO\Desktop\4520_TEMPLET\source\timer.c
               comTimeout   0x00059e       data     extern C:\Users\JO\Desktop\4520_TEMPLET\source\communication.c
           comUpdateCount   0x0004e7       data     extern C:\Users\JO\Desktop\4520_TEMPLET\source\timer.c
            communication   0x000542       data     extern C:\Users\JO\Desktop\4520_TEMPLET\source\communication.c
                curr_byte   0x0004f8       data     static E:\c18v3.46\pic18-lt\cxx-framework\src\traditional\startup\c018i.c
               curr_entry   0x0004fa       data     static E:\c18v3.46\pic18-lt\cxx-framework\src\traditional\startup\c018i.c
                 data_ptr   0x0004fc       data     static E:\c18v3.46\pic18-lt\cxx-framework\src\traditional\startup\c018i.c
                 duration   0x0004bc       data     static C:\Users\JO\Desktop\4520_TEMPLET\source\keypad_driver.c
           heartBeatCount   0x0004e3       data     extern C:\Users\JO\Desktop\4520_TEMPLET\source\timer.c
                      ias   0x000100       data     extern C:\Users\JO\Desktop\4520_TEMPLET\source\app.c
                issueInfo   0x000171       data     extern C:\Users\JO\Desktop\4520_TEMPLET\source\app.c
         kepadInReadIndex   0x0004ba       data     static C:\Users\JO\Desktop\4520_TEMPLET\source\keypad_driver.c
     keypadInWaitingIndex   0x0004bb       data     static C:\Users\JO\Desktop\4520_TEMPLET\source\keypad_driver.c
      keypadReceiveBuffer   0x0004ac       data     static C:\Users\JO\Desktop\4520_TEMPLET\source\keypad_driver.c
        keypadUpdateCount   0x0004f3       data     extern C:\Users\JO\Desktop\4520_TEMPLET\source\timer.c
       keypadUpdate_count   0x0004e5       data     extern C:\Users\JO\Desktop\4520_TEMPLET\source\timer.c
             lastValidKey   0x00059b       data     static C:\Users\JO\Desktop\4520_TEMPLET\source\keypad_driver.c
                      lcd   0x00048a       data     extern C:\Users\JO\Desktop\4520_TEMPLET\source\lcd.c
                 ledState   0x0005a2       data     extern C:\Users\JO\Desktop\4520_TEMPLET\source\heartBeat.c
                 ledState   0x0005a1       data     static C:\Users\JO\Desktop\4520_TEMPLET\source\board.c
                      log   0x000174       data     extern C:\Users\JO\Desktop\4520_TEMPLET\source\app.c
                  message   0x000592       data     extern C:\Users\JO\Desktop\4520_TEMPLET\source\main.c
                   oldKey   0x0005a0       data     static C:\Users\JO\Desktop\4520_TEMPLET\source\keypad_driver.c
                openIssue   0x000448       data     extern C:\Users\JO\Desktop\4520_TEMPLET\source\UI.c
                     prom   0x0004f5       data     static E:\c18v3.46\pic18-lt\cxx-framework\src\traditional\startup\c018i.c
     timeStampUpdateCount   0x0004ed       data     extern C:\Users\JO\Desktop\4520_TEMPLET\source\timer.c
                      tmr   0x0004db       data     extern C:\Users\JO\Desktop\4520_TEMPLET\source\timer.c
                     uart   0x000500       data     extern C:\Users\JO\Desktop\4520_TEMPLET\source\uart_driver.c
                       ui   0x000400       data     extern C:\Users\JO\Desktop\4520_TEMPLET\source\UI.c
            uiUpdateCount   0x0004eb       data     extern C:\Users\JO\Desktop\4520_TEMPLET\source\timer.c



                              Symbols - Sorted by Address
                     Name    Address   Location    Storage File                     
                ---------  ---------  ---------  --------- ---------                
                   _entry   0x000000    program     extern E:\c18v3.46\pic18-lt\cxx-framework\src\traditional\startup\c018i.c
       ___return_lbl00000   0x000004    program     static                          
           high_interrupt   0x000008    program     extern C:\Users\JO\Desktop\4520_TEMPLET\source\interruptvector.c
           ___if_lbl00001   0x000010    program     static                          
       ___return_lbl00000   0x000010    program     static                          
         EnableInterrupts   0x000012    program     extern C:\Users\JO\Desktop\4520_TEMPLET\source\interruptvector.c
                 APP_init   0x0000bc    program     extern C:\Users\JO\Desktop\4520_TEMPLET\source\app.c
          ___for_lbl00009   0x0000f8    program     static                          
          ___for_lbl00005   0x000140    program     static                          
          ___for_lbl00003   0x0001b4    program     static                          
          ___for_lbl00004   0x0001ba    program     static                          
           ___if_lbl00006   0x0001ee    program     static                          
           ___if_lbl00007   0x000224    program     static                          
          ___for_lbl00001   0x00025e    program     static                          
           ___if_lbl00008   0x00025e    program     static                          
          ___for_lbl00002   0x000268    program     static                          
         ___else_lbl00013   0x00027c    program     static                          
         ___else_lbl00011   0x000290    program     static                          
           ___if_lbl00012   0x00029a    program     static                          
           ___if_lbl00010   0x00029a    program     static                          
           ___if_lbl00014   0x0002aa    program     static                          
       ___return_lbl00000   0x00031a    program     static                          
                    login   0x00032e    program     extern C:\Users\JO\Desktop\4520_TEMPLET\source\app.c
                IAS_login   0x0003f8    program     extern C:\Users\JO\Desktop\4520_TEMPLET\source\app.c
               IAS_logout   0x000486    program     extern C:\Users\JO\Desktop\4520_TEMPLET\source\app.c
                 APP_task   0x00051e    program     extern C:\Users\JO\Desktop\4520_TEMPLET\source\app.c
               __tmplbl_5   0x00054e    program     static                          
               __tmplbl_0   0x000576    program     static                          
          ___for_lbl00035   0x00058c    program     static                          
           ___if_lbl00034   0x0006d8    program     static                          
          ___for_lbl00032   0x0006d8    program     static                          
          ___for_lbl00033   0x0006dc    program     static                          
       ___return_lbl00031   0x0006f0    program     static                          
           ___if_lbl00036   0x0006f0    program     static                          
           ___if_lbl00037   0x0006f0    program     static                          
           ___if_lbl00038   0x0006f0    program     static                          
         IAS_getOpenIssue   0x000704    program     extern C:\Users\JO\Desktop\4520_TEMPLET\source\app.c
 IAS_getAcknowledgedIssue   0x000f0a    program     extern C:\Users\JO\Desktop\4520_TEMPLET\source\app.c
        IAS_resolveIssues   0x0015ea    program     extern C:\Users\JO\Desktop\4520_TEMPLET\source\app.c
       ___case_1_lbl00066   0x001630    program     static                          
          ___for_lbl00069   0x0016cc    program     static                          
          ___for_lbl00067   0x001720    program     static                          
          ___for_lbl00068   0x001726    program     static                          
           ___if_lbl00070   0x001746    program     static                          
           ___if_lbl00071   0x001748    program     static                          
       ___case_3_lbl00072   0x00174a    program     static                          
          ___for_lbl00075   0x0017e6    program     static                          
          ___for_lbl00073   0x00183a    program     static                          
          ___for_lbl00074   0x001840    program     static                          
         ___else_lbl00077   0x001868    program     static                          
           ___if_lbl00076   0x001884    program     static                          
         ___else_lbl00081   0x001886    program     static                          
         ___else_lbl00079   0x0018a2    program     static                          
           ___if_lbl00080   0x0018b8    program     static                          
           ___if_lbl00078   0x0018b8    program     static                          
           ___if_lbl00082   0x0018ba    program     static                          
      ___default_lbl00083   0x0018bc    program     static                          
   ___switchexit_lbl00065   0x0018be    program     static                          
          ___for_lbl00087   0x0018c0    program     static                          
          ___for_lbl00084   0x0018ea    program     static                          
           ___if_lbl00086   0x0018ea    program     static                          
[...]
                    TRISD   0x000f95       data     extern E:\c18v3.46\pic18-lt\cxx-framework\src\traditional\proc\p18f4520.asm
                     DDRD   0x000f95       data     extern E:\c18v3.46\pic18-lt\cxx-framework\src\traditional\proc\p18f4520.asm
                 DDRDbits   0x000f95       data     extern E:\c18v3.46\pic18-lt\cxx-framework\src\traditional\proc\p18f4520.asm
                TRISEbits   0x000f96       data     extern E:\c18v3.46\pic18-lt\cxx-framework\src\traditional\proc\p18f4520.asm
                    TRISE   0x000f96       data     extern E:\c18v3.46\pic18-lt\cxx-framework\src\traditional\proc\p18f4520.asm
                     DDRE   0x000f96       data     extern E:\c18v3.46\pic18-lt\cxx-framework\src\traditional\proc\p18f4520.asm
                 DDREbits   0x000f96       data     extern E:\c18v3.46\pic18-lt\cxx-framework\src\traditional\proc\p18f4520.asm
                  OSCTUNE   0x000f9b       data     extern E:\c18v3.46\pic18-lt\cxx-framework\src\traditional\proc\p18f4520.asm
              OSCTUNEbits   0x000f9b       data     extern E:\c18v3.46\pic18-lt\cxx-framework\src\traditional\proc\p18f4520.asm
                     PIE1   0x000f9d       data     extern E:\c18v3.46\pic18-lt\cxx-framework\src\traditional\proc\p18f4520.asm
                 PIE1bits   0x000f9d       data     extern E:\c18v3.46\pic18-lt\cxx-framework\src\traditional\proc\p18f4520.asm
                     PIR1   0x000f9e       data     extern E:\c18v3.46\pic18-lt\cxx-framework\src\traditional\proc\p18f4520.asm
                 PIR1bits   0x000f9e       data     extern E:\c18v3.46\pic18-lt\cxx-framework\src\traditional\proc\p18f4520.asm
                 IPR1bits   0x000f9f       data     extern E:\c18v3.46\pic18-lt\cxx-framework\src\traditional\proc\p18f4520.asm
                     IPR1   0x000f9f       data     extern E:\c18v3.46\pic18-lt\cxx-framework\src\traditional\proc\p18f4520.asm
                     PIE2   0x000fa0       data     extern E:\c18v3.46\pic18-lt\cxx-framework\src\traditional\proc\p18f4520.asm
                 PIE2bits   0x000fa0       data     extern E:\c18v3.46\pic18-lt\cxx-framework\src\traditional\proc\p18f4520.asm
                 PIR2bits   0x000fa1       data     extern E:\c18v3.46\pic18-lt\cxx-framework\src\traditional\proc\p18f4520.asm
                     PIR2   0x000fa1       data     extern E:\c18v3.46\pic18-lt\cxx-framework\src\traditional\proc\p18f4520.asm
                     IPR2   0x000fa2       data     extern E:\c18v3.46\pic18-lt\cxx-framework\src\traditional\proc\p18f4520.asm
                 IPR2bits   0x000fa2       data     extern E:\c18v3.46\pic18-lt\cxx-framework\src\traditional\proc\p18f4520.asm
               EECON1bits   0x000fa6       data     extern E:\c18v3.46\pic18-lt\cxx-framework\src\traditional\proc\p18f4520.asm
                   EECON1   0x000fa6       data     extern E:\c18v3.46\pic18-lt\cxx-framework\src\traditional\proc\p18f4520.asm
                   EECON2   0x000fa7       data     extern E:\c18v3.46\pic18-lt\cxx-framework\src\traditional\proc\p18f4520.asm
                   EEDATA   0x000fa8       data     extern E:\c18v3.46\pic18-lt\cxx-framework\src\traditional\proc\p18f4520.asm
                    EEADR   0x000fa9       data     extern E:\c18v3.46\pic18-lt\cxx-framework\src\traditional\proc\p18f4520.asm
                    RCSTA   0x000fab       data     extern E:\c18v3.46\pic18-lt\cxx-framework\src\traditional\proc\p18f4520.asm
                RCSTAbits   0x000fab       data     extern E:\c18v3.46\pic18-lt\cxx-framework\src\traditional\proc\p18f4520.asm
                TXSTAbits   0x000fac       data     extern E:\c18v3.46\pic18-lt\cxx-framework\src\traditional\proc\p18f4520.asm
                    TXSTA   0x000fac       data     extern E:\c18v3.46\pic18-lt\cxx-framework\src\traditional\proc\p18f4520.asm
                    TXREG   0x000fad       data     extern E:\c18v3.46\pic18-lt\cxx-framework\src\traditional\proc\p18f4520.asm
                    RCREG   0x000fae       data     extern E:\c18v3.46\pic18-lt\cxx-framework\src\traditional\proc\p18f4520.asm
                    SPBRG   0x000faf       data     extern E:\c18v3.46\pic18-lt\cxx-framework\src\traditional\proc\p18f4520.asm
                   SPBRGH   0x000fb0       data     extern E:\c18v3.46\pic18-lt\cxx-framework\src\traditional\proc\p18f4520.asm
                T3CONbits   0x000fb1       data     extern E:\c18v3.46\pic18-lt\cxx-framework\src\traditional\proc\p18f4520.asm
                    T3CON   0x000fb1       data     extern E:\c18v3.46\pic18-lt\cxx-framework\src\traditional\proc\p18f4520.asm
                    TMR3L   0x000fb2       data     extern E:\c18v3.46\pic18-lt\cxx-framework\src\traditional\proc\p18f4520.asm
                    TMR3H   0x000fb3       data     extern E:\c18v3.46\pic18-lt\cxx-framework\src\traditional\proc\p18f4520.asm
                    CMCON   0x000fb4       data     extern E:\c18v3.46\pic18-lt\cxx-framework\src\traditional\proc\p18f4520.asm
                CMCONbits   0x000fb4       data     extern E:\c18v3.46\pic18-lt\cxx-framework\src\traditional\proc\p18f4520.asm
                   CVRCON   0x000fb5       data     extern E:\c18v3.46\pic18-lt\cxx-framework\src\traditional\proc\p18f4520.asm
               CVRCONbits   0x000fb5       data     extern E:\c18v3.46\pic18-lt\cxx-framework\src\traditional\proc\p18f4520.asm
               ECCPASbits   0x000fb6       data     extern E:\c18v3.46\pic18-lt\cxx-framework\src\traditional\proc\p18f4520.asm
                  ECCP1AS   0x000fb6       data     extern E:\c18v3.46\pic18-lt\cxx-framework\src\traditional\proc\p18f4520.asm
              ECCP1ASbits   0x000fb6       data     extern E:\c18v3.46\pic18-lt\cxx-framework\src\traditional\proc\p18f4520.asm
                   ECCPAS   0x000fb6       data     extern E:\c18v3.46\pic18-lt\cxx-framework\src\traditional\proc\p18f4520.asm
             ECCP1DELbits   0x000fb7       data     extern E:\c18v3.46\pic18-lt\cxx-framework\src\traditional\proc\p18f4520.asm
                 ECCP1DEL   0x000fb7       data     extern E:\c18v3.46\pic18-lt\cxx-framework\src\traditional\proc\p18f4520.asm
              PWM1CONbits   0x000fb7       data     extern E:\c18v3.46\pic18-lt\cxx-framework\src\traditional\proc\p18f4520.asm
                  PWM1CON   0x000fb7       data     extern E:\c18v3.46\pic18-lt\cxx-framework\src\traditional\proc\p18f4520.asm
                  BAUDCON   0x000fb8       data     extern E:\c18v3.46\pic18-lt\cxx-framework\src\traditional\proc\p18f4520.asm
              BAUDCONbits   0x000fb8       data     extern E:\c18v3.46\pic18-lt\cxx-framework\src\traditional\proc\p18f4520.asm
                  BAUDCTL   0x000fb8       data     extern E:\c18v3.46\pic18-lt\cxx-framework\src\traditional\proc\p18f4520.asm
              BAUDCTLbits   0x000fb8       data     extern E:\c18v3.46\pic18-lt\cxx-framework\src\traditional\proc\p18f4520.asm
              CCP2CONbits   0x000fba       data     extern E:\c18v3.46\pic18-lt\cxx-framework\src\traditional\proc\p18f4520.asm
                  CCP2CON   0x000fba       data     extern E:\c18v3.46\pic18-lt\cxx-framework\src\traditional\proc\p18f4520.asm
                    CCPR2   0x000fbb       data     extern E:\c18v3.46\pic18-lt\cxx-framework\src\traditional\proc\p18f4520.asm
                   CCPR2L   0x000fbb       data     extern E:\c18v3.46\pic18-lt\cxx-framework\src\traditional\proc\p18f4520.asm
                   CCPR2H   0x000fbc       data     extern E:\c18v3.46\pic18-lt\cxx-framework\src\traditional\proc\p18f4520.asm
              CCP1CONbits   0x000fbd       data     extern E:\c18v3.46\pic18-lt\cxx-framework\src\traditional\proc\p18f4520.asm
                  CCP1CON   0x000fbd       data     extern E:\c18v3.46\pic18-lt\cxx-framework\src\traditional\proc\p18f4520.asm
                    CCPR1   0x000fbe       data     extern E:\c18v3.46\pic18-lt\cxx-framework\src\traditional\proc\p18f4520.asm
                   CCPR1L   0x000fbe       data     extern E:\c18v3.46\pic18-lt\cxx-framework\src\traditional\proc\p18f4520.asm
                   CCPR1H   0x000fbf       data     extern E:\c18v3.46\pic18-lt\cxx-framework\src\traditional\proc\p18f4520.asm
                   ADCON2   0x000fc0       data     extern E:\c18v3.46\pic18-lt\cxx-framework\src\traditional\proc\p18f4520.asm
               ADCON2bits   0x000fc0       data     extern E:\c18v3.46\pic18-lt\cxx-framework\src\traditional\proc\p18f4520.asm
                   ADCON1   0x000fc1       data     extern E:\c18v3.46\pic18-lt\cxx-framework\src\traditional\proc\p18f4520.asm
               ADCON1bits   0x000fc1       data     extern E:\c18v3.46\pic18-lt\cxx-framework\src\traditional\proc\p18f4520.asm
                   ADCON0   0x000fc2       data     extern E:\c18v3.46\pic18-lt\cxx-framework\src\traditional\proc\p18f4520.asm
               ADCON0bits   0x000fc2       data     extern E:\c18v3.46\pic18-lt\cxx-framework\src\traditional\proc\p18f4520.asm
                   ADRESL   0x000fc3       data     extern E:\c18v3.46\pic18-lt\cxx-framework\src\traditional\proc\p18f4520.asm
                    ADRES   0x000fc3       data     extern E:\c18v3.46\pic18-lt\cxx-framework\src\traditional\proc\p18f4520.asm
                   ADRESH   0x000fc4       data     extern E:\c18v3.46\pic18-lt\cxx-framework\src\traditional\proc\p18f4520.asm
              SSPCON2bits   0x000fc5       data     extern E:\c18v3.46\pic18-lt\cxx-framework\src\traditional\proc\p18f4520.asm
                  SSPCON2   0x000fc5       data     extern E:\c18v3.46\pic18-lt\cxx-framework\src\traditional\proc\p18f4520.asm
              SSPCON1bits   0x000fc6       data     extern E:\c18v3.46\pic18-lt\cxx-framework\src\traditional\proc\p18f4520.asm
                  SSPCON1   0x000fc6       data     extern E:\c18v3.46\pic18-lt\cxx-framework\src\traditional\proc\p18f4520.asm
                  SSPSTAT   0x000fc7       data     extern E:\c18v3.46\pic18-lt\cxx-framework\src\traditional\proc\p18f4520.asm
              SSPSTATbits   0x000fc7       data     extern E:\c18v3.46\pic18-lt\cxx-framework\src\traditional\proc\p18f4520.asm
                   SSPADD   0x000fc8       data     extern E:\c18v3.46\pic18-lt\cxx-framework\src\traditional\proc\p18f4520.asm
                   SSPBUF   0x000fc9       data     extern E:\c18v3.46\pic18-lt\cxx-framework\src\traditional\proc\p18f4520.asm
                    T2CON   0x000fca       data     extern E:\c18v3.46\pic18-lt\cxx-framework\src\traditional\proc\p18f4520.asm
                T2CONbits   0x000fca       data     extern E:\c18v3.46\pic18-lt\cxx-framework\src\traditional\proc\p18f4520.asm
                      PR2   0x000fcb       data     extern E:\c18v3.46\pic18-lt\cxx-framework\src\traditional\proc\p18f4520.asm
                     TMR2   0x000fcc       data     extern E:\c18v3.46\pic18-lt\cxx-framework\src\traditional\proc\p18f4520.asm
                T1CONbits   0x000fcd       data     extern E:\c18v3.46\pic18-lt\cxx-framework\src\traditional\proc\p18f4520.asm
                    T1CON   0x000fcd       data     extern E:\c18v3.46\pic18-lt\cxx-framework\src\traditional\proc\p18f4520.asm
                    TMR1L   0x000fce       data     extern E:\c18v3.46\pic18-lt\cxx-framework\src\traditional\proc\p18f4520.asm
                    TMR1H   0x000fcf       data     extern E:\c18v3.46\pic18-lt\cxx-framework\src\traditional\proc\p18f4520.asm
                 RCONbits   0x000fd0       data     extern E:\c18v3.46\pic18-lt\cxx-framework\src\traditional\proc\p18f4520.asm
                     RCON   0x000fd0       data     extern E:\c18v3.46\pic18-lt\cxx-framework\src\traditional\proc\p18f4520.asm
                   WDTCON   0x000fd1       data     extern E:\c18v3.46\pic18-lt\cxx-framework\src\traditional\proc\p18f4520.asm
               WDTCONbits   0x000fd1       data     extern E:\c18v3.46\pic18-lt\cxx-framework\src\traditional\proc\p18f4520.asm
                   LVDCON   0x000fd2       data     extern E:\c18v3.46\pic18-lt\cxx-framework\src\traditional\proc\p18f4520.asm
               LVDCONbits   0x000fd2       data     extern E:\c18v3.46\pic18-lt\cxx-framework\src\traditional\proc\p18f4520.asm
              HLVDCONbits   0x000fd2       data     extern E:\c18v3.46\pic18-lt\cxx-framework\src\traditional\proc\p18f4520.asm
                  HLVDCON   0x000fd2       data     extern E:\c18v3.46\pic18-lt\cxx-framework\src\traditional\proc\p18f4520.asm
                   OSCCON   0x000fd3       data     extern E:\c18v3.46\pic18-lt\cxx-framework\src\traditional\proc\p18f4520.asm
               OSCCONbits   0x000fd3       data     extern E:\c18v3.46\pic18-lt\cxx-framework\src\traditional\proc\p18f4520.asm
                T0CONbits   0x000fd5       data     extern E:\c18v3.46\pic18-lt\cxx-framework\src\traditional\proc\p18f4520.asm
                    T0CON   0x000fd5       data     extern E:\c18v3.46\pic18-lt\cxx-framework\src\traditional\proc\p18f4520.asm
                    TMR0L   0x000fd6       data     extern E:\c18v3.46\pic18-lt\cxx-framework\src\traditional\proc\p18f4520.asm
                    TMR0H   0x000fd7       data     extern E:\c18v3.46\pic18-lt\cxx-framework\src\traditional\proc\p18f4520.asm
               STATUSbits   0x000fd8       data     extern E:\c18v3.46\pic18-lt\cxx-framework\src\traditional\proc\p18f4520.asm
                   STATUS   0x000fd8       data     extern E:\c18v3.46\pic18-lt\cxx-framework\src\traditional\proc\p18f4520.asm
                    FSR2L   0x000fd9       data     extern E:\c18v3.46\pic18-lt\cxx-framework\src\traditional\proc\p18f4520.asm
                     FSR2   0x000fd9       data     extern E:\c18v3.46\pic18-lt\cxx-framework\src\traditional\proc\p18f4520.asm
                    FSR2H   0x000fda       data     extern E:\c18v3.46\pic18-lt\cxx-framework\src\traditional\proc\p18f4520.asm
                   PLUSW2   0x000fdb       data     extern E:\c18v3.46\pic18-lt\cxx-framework\src\traditional\proc\p18f4520.asm
                  PREINC2   0x000fdc       data     extern E:\c18v3.46\pic18-lt\cxx-framework\src\traditional\proc\p18f4520.asm
                 POSTDEC2   0x000fdd       data     extern E:\c18v3.46\pic18-lt\cxx-framework\src\traditional\proc\p18f4520.asm
                 POSTINC2   0x000fde       data     extern E:\c18v3.46\pic18-lt\cxx-framework\src\traditional\proc\p18f4520.asm
                    INDF2   0x000fdf       data     extern E:\c18v3.46\pic18-lt\cxx-framework\src\traditional\proc\p18f4520.asm
                      BSR   0x000fe0       data     extern E:\c18v3.46\pic18-lt\cxx-framework\src\traditional\proc\p18f4520.asm
                    FSR1L   0x000fe1       data     extern E:\c18v3.46\pic18-lt\cxx-framework\src\traditional\proc\p18f4520.asm
                     FSR1   0x000fe1       data     extern E:\c18v3.46\pic18-lt\cxx-framework\src\traditional\proc\p18f4520.asm
                    FSR1H   0x000fe2       data     extern E:\c18v3.46\pic18-lt\cxx-framework\src\traditional\proc\p18f4520.asm
                   PLUSW1   0x000fe3       data     extern E:\c18v3.46\pic18-lt\cxx-framework\src\traditional\proc\p18f4520.asm
                  PREINC1   0x000fe4       data     extern E:\c18v3.46\pic18-lt\cxx-framework\src\traditional\proc\p18f4520.asm
                 POSTDEC1   0x000fe5       data     extern E:\c18v3.46\pic18-lt\cxx-framework\src\traditional\proc\p18f4520.asm
                 POSTINC1   0x000fe6       data     extern E:\c18v3.46\pic18-lt\cxx-framework\src\traditional\proc\p18f4520.asm
                    INDF1   0x000fe7       data     extern E:\c18v3.46\pic18-lt\cxx-framework\src\traditional\proc\p18f4520.asm
                     WREG   0x000fe8       data     extern E:\c18v3.46\pic18-lt\cxx-framework\src\traditional\proc\p18f4520.asm
                        W   0x000fe8       data     extern E:\c18v3.46\pic18-lt\cxx-framework\src\traditional\proc\p18f4520.asm
                    FSR0L   0x000fe9       data     extern E:\c18v3.46\pic18-lt\cxx-framework\src\traditional\proc\p18f4520.asm
                     FSR0   0x000fe9       data     extern E:\c18v3.46\pic18-lt\cxx-framework\src\traditional\proc\p18f4520.asm
                    FSR0H   0x000fea       data     extern E:\c18v3.46\pic18-lt\cxx-framework\src\traditional\proc\p18f4520.asm
                   PLUSW0   0x000feb       data     extern E:\c18v3.46\pic18-lt\cxx-framework\src\traditional\proc\p18f4520.asm
                  PREINC0   0x000fec       data     extern E:\c18v3.46\pic18-lt\cxx-framework\src\traditional\proc\p18f4520.asm
                 POSTDEC0   0x000fed       data     extern E:\c18v3.46\pic18-lt\cxx-framework\src\traditional\proc\p18f4520.asm
                 POSTINC0   0x000fee       data     extern E:\c18v3.46\pic18-lt\cxx-framework\src\traditional\proc\p18f4520.asm
                    INDF0   0x000fef       data     extern E:\c18v3.46\pic18-lt\cxx-framework\src\traditional\proc\p18f4520.asm
                  INTCON3   0x000ff0       data     extern E:\c18v3.46\pic18-lt\cxx-framework\src\traditional\proc\p18f4520.asm
              INTCON3bits   0x000ff0       data     extern E:\c18v3.46\pic18-lt\cxx-framework\src\traditional\proc\p18f4520.asm
              INTCON2bits   0x000ff1       data     extern E:\c18v3.46\pic18-lt\cxx-framework\src\traditional\proc\p18f4520.asm
                  INTCON2   0x000ff1       data     extern E:\c18v3.46\pic18-lt\cxx-framework\src\traditional\proc\p18f4520.asm
               INTCONbits   0x000ff2       data     extern E:\c18v3.46\pic18-lt\cxx-framework\src\traditional\proc\p18f4520.asm
                   INTCON   0x000ff2       data     extern E:\c18v3.46\pic18-lt\cxx-framework\src\traditional\proc\p18f4520.asm
                    PRODL   0x000ff3       data     extern E:\c18v3.46\pic18-lt\cxx-framework\src\traditional\proc\p18f4520.asm
                     PROD   0x000ff3       data     extern E:\c18v3.46\pic18-lt\cxx-framework\src\traditional\proc\p18f4520.asm
                    PRODH   0x000ff4       data     extern E:\c18v3.46\pic18-lt\cxx-framework\src\traditional\proc\p18f4520.asm
                   TABLAT   0x000ff5       data     extern E:\c18v3.46\pic18-lt\cxx-framework\src\traditional\proc\p18f4520.asm
                  TBLPTRL   0x000ff6       data     extern E:\c18v3.46\pic18-lt\cxx-framework\src\traditional\proc\p18f4520.asm
                   TBLPTR   0x000ff6       data     extern E:\c18v3.46\pic18-lt\cxx-framework\src\traditional\proc\p18f4520.asm
                  TBLPTRH   0x000ff7       data     extern E:\c18v3.46\pic18-lt\cxx-framework\src\traditional\proc\p18f4520.asm
                  TBLPTRU   0x000ff8       data     extern E:\c18v3.46\pic18-lt\cxx-framework\src\traditional\proc\p18f4520.asm
                      PCL   0x000ff9       data     extern E:\c18v3.46\pic18-lt\cxx-framework\src\traditional\proc\p18f4520.asm
                       PC   0x000ff9       data     extern E:\c18v3.46\pic18-lt\cxx-framework\src\traditional\proc\p18f4520.asm
                   PCLATH   0x000ffa       data     extern E:\c18v3.46\pic18-lt\cxx-framework\src\traditional\proc\p18f4520.asm
                   PCLATU   0x000ffb       data     extern E:\c18v3.46\pic18-lt\cxx-framework\src\traditional\proc\p18f4520.asm
               STKPTRbits   0x000ffc       data     extern E:\c18v3.46\pic18-lt\cxx-framework\src\traditional\proc\p18f4520.asm
                   STKPTR   0x000ffc       data     extern E:\c18v3.46\pic18-lt\cxx-framework\src\traditional\proc\p18f4520.asm
                     TOSL   0x000ffd       data     extern E:\c18v3.46\pic18-lt\cxx-framework\src\traditional\proc\p18f4520.asm
                      TOS   0x000ffd       data     extern E:\c18v3.46\pic18-lt\cxx-framework\src\traditional\proc\p18f4520.asm
                     TOSH   0x000ffe       data     extern E:\c18v3.46\pic18-lt\cxx-framework\src\traditional\proc\p18f4520.asm
                     TOSU   0x000fff       data     extern E:\c18v3.46\pic18-lt\cxx-framework\src\traditional\proc\p18f4520.asm


